
> test:unit
> vitest run --config vitest.config.unit.ts


[1m[46m RUN [49m[22m [36mv3.2.2 [39m[90mC:/Repos/new-smell[39m

 [32m✓[39m [30m[42m unit [49m[39m app/components/Organisms/PerformanceDashboard/PerformanceDashboard.test.tsx[2m > [22mPerformanceDashboard (Organism)[2m > [22mRendering[2m > [22mshould render nothing when disabled[32m 63[2mms[22m[39m
 [32m✓[39m [30m[42m unit [49m[39m app/components/Organisms/PerformanceDashboard/PerformanceDashboard.test.tsx[2m > [22mPerformanceDashboard (Organism)[2m > [22mRendering[2m > [22mshould render nothing when showUI is false[32m 20[2mms[22m[39m
 [32m✓[39m [30m[42m unit [49m[39m app/components/Organisms/PerformanceDashboard/PerformanceDashboard.test.tsx[2m > [22mPerformanceDashboard (Organism)[2m > [22mRendering[2m > [22mshould render dashboard when enabled[32m 109[2mms[22m[39m
 [32m✓[39m [30m[42m unit [49m[39m app/components/Organisms/PerformanceDashboard/PerformanceDashboard.test.tsx[2m > [22mPerformanceDashboard (Organism)[2m > [22mRendering[2m > [22mshould not render until data is collected[32m 29[2mms[22m[39m
 [32m✓[39m [30m[42m unit [49m[39m app/components/Organisms/PerformanceDashboard/PerformanceDashboard.test.tsx[2m > [22mPerformanceDashboard (Organism)[2m > [22mData Collection[2m > [22mshould collect performance data on mount[32m 31[2mms[22m[39m
 [32m✓[39m [30m[42m unit [49m[39m app/components/Organisms/PerformanceDashboard/PerformanceDashboard.test.tsx[2m > [22mPerformanceDashboard (Organism)[2m > [22mData Collection[2m > [22mshould set isCollecting flag during collection[32m 28[2mms[22m[39m
 [32m✓[39m [30m[42m unit [49m[39m app/components/Organisms/PerformanceDashboard/PerformanceDashboard.test.tsx[2m > [22mPerformanceDashboard (Organism)[2m > [22mData Collection[2m > [22mshould handle collection errors gracefully[32m 15[2mms[22m[39m
 [32m✓[39m [30m[42m unit [49m[39m app/components/Organisms/PerformanceDashboard/PerformanceDashboard.test.tsx[2m > [22mPerformanceDashboard (Organism)[2m > [22mData Collection[2m > [22mshould collect data at specified refresh interval[32m 60[2mms[22m[39m
 [32m✓[39m [30m[42m unit [49m[39m app/components/Organisms/LanguageSwitcher/LanguageSwitcher.test.tsx[2m > [22mLanguageSwitcher[2m > [22mRendering[2m > [22mrenders the language switcher[32m 169[2mms[22m[39m
 [32m✓[39m [30m[42m unit [49m[39m app/components/Organisms/LanguageSwitcher/LanguageSwitcher.test.tsx[2m > [22mLanguageSwitcher[2m > [22mRendering[2m > [22mrenders with correct aria-label[32m 23[2mms[22m[39m
 [32m✓[39m [30m[42m unit [49m[39m app/components/Organisms/LanguageSwitcher/LanguageSwitcher.test.tsx[2m > [22mLanguageSwitcher[2m > [22mRendering[2m > [22mrenders English option[32m 31[2mms[22m[39m
 [32m✓[39m [30m[42m unit [49m[39m app/components/Organisms/LanguageSwitcher/LanguageSwitcher.test.tsx[2m > [22mLanguageSwitcher[2m > [22mRendering[2m > [22mrenders Spanish option[32m 19[2mms[22m[39m
 [31m×[39m [30m[42m unit [49m[39m app/components/Organisms/PerformanceDashboard/PerformanceDashboard.test.tsx[2m > [22mPerformanceDashboard (Organism)[2m > [22mCore Web Vitals Display[2m > [22mshould display Largest Contentful Paint[32m 98[2mms[22m[39m
[31m   → Found multiple elements with the text: 2500ms

Here are the matching elements:

Ignored nodes: comments, script, style
[36m<div[31m
  [33mclass[31m=[32m"text-2xl font-bold text-gray-800"[31m
[36m>[31m
  [0m2500[0m
  [0mms[0m
[36m</div>[31m

Ignored nodes: comments, script, style
[36m<div[31m
  [33mclass[31m=[32m"text-lg font-semibold text-gray-800"[31m
[36m>[31m
  [0m2500[0m
  [0mms[0m
[36m</div>[31m

(If this is intentional, then use the `*AllBy*` variant of the query (like `queryAllByText`, `getAllByText`, or `findAllByText`)).

Ignored nodes: comments, script, style
[36m<body>[31m
  [36m<div>[31m
    [36m<div[31m
      [33mclass[31m=[32m"bg-white border border-gray-200 rounded-lg shadow-lg p-6 max-w-4xl"[31m
    [36m>[31m
      [36m<div[31m
        [33mclass[31m=[32m"flex items-center justify-between mb-6"[31m
      [36m>[31m
        [36m<h2[31m
          [33mclass[31m=[32m"text-xl font-bold text-gray-800"[31m
        [36m>[31m
          [0mPerformance Dashboard[0m
        [36m</h2>[31m
        [36m<div[31m
          [33mclass[31m=[32m"flex items-center space-x-2"[31m
        [36m>[31m
          [36m<div[31m
            [33mclass[31m=[32m"w-3 h-3 rounded-full bg-green-400"[31m
          [36m/>[31m
          [36m<span[31m
            [33mclass[31m=[32m"text-sm text-gray-600"[31m
          [36m>[31m
            [0mLive[0m
          [36m</span>[31m
        [36m</div>[31m
      [36m</div>[31m
      [36m<div[31m
        [33mclass[31m=[32m"mb-6"[31m
      [36m>[31m
        [36m<h3[31m
          [33mclass[31m=[32m"text-lg font-semibold text-gray-700 mb-4"[31m
        [36m>[31m
          [0mCore Web Vitals[0m
        [36m</h3>[31m
        [36m<div[31m
          [33mclass[31m=[32m"grid grid-cols-1 md:grid-cols-2 lg:grid-cols-4 gap-4"[31m
        [36m>[31m
          [36m<div[31m
            [33mclass[31m=[32m"bg-gray-50 p-4 rounded-lg"[31m
          [36m>[31m
            [36m<div[31m
              [33mclass[31m=[32m"text-sm text-gray-600 mb-1"[31m
            [36m>[31m
              [0mLargest Contentful Paint[0m
            [36m</div>[31m
            [36m<div[31m
              [33mclass[31m=[32m"text-2xl font-bold text-gray-800"[31m
            [36m>[31m
              [0m2500[0m
              [0mms[0m
            [36m</div>[31m
            [36m<div[31m
              [33mclass[31m=[32m"text-sm text-yellow-600"[31m
            [36m>[31m
              [0mneeds improvement[0m
            [36m</div>[31m
          [36m</div>[31m
          [36m<div[31m
            [33mclass[31m=[32m"bg-gray-50 p-4 rounded-lg"[31m
          [36m>[31m
            [36m<div[31m
              [33mclass[31m=[32m"text-sm text-gray-600 mb-1"[31m
            [36m>[31m
              [0mTime to Interactive[0m
            [36m</div>[31m
            [36m<div[31m
              [33mclass[31m=[32m"text-2xl font-bold text-gray-800"[31m
            [36m>[31m
              [0m1500[0m
              [0mms[0m
            [36m</div>[31m
            [36m<div[31m
              [33mclass[31m=[32m"text-sm text-green-600"[31m
            [36m>[31m
              [0mexcellent[0m
            [36m</div>[31m
          [36m</div>[31m
          [36m<div[31m
            [33mclass[31m=[32m"bg-gray-50 p-4 rounded-lg"[31m
          [36m>[31m
            [36m<div[31m
              [33mclass[31m=[32m"text-sm text-gray-600 mb-1"[31m
            [36m>[31m
              [0mFirst Contentful Paint[0m
            [36m</div>[31m
            [36m<div[31m
              [33mclass[31m=[32m"text-2xl font-bold text-gray-800"[31m
            [36m>[31m
              [0m1500[0m
              [0mms[0m
            [36m</div>[31m
            [36m<div[31m
              [33mclass[31m=[32m"text-sm text-yellow-600"[31m
            [36m>[31m
              [0mneeds improvement[0m
            [36m</div>[31m
          [36m</div>[31m
          [36m<div[31m
            [33mclass[31m=[32m"bg-gray-50 p-4 rounded-lg"[31m
          [36m>[31m
            [36m<div[31m
              [33mclass[31m=[32m"text-sm text-gray-600 mb-1"[31m
            [36m>[31m
              [0mCumulative Layout Shift[0m
            [36m</div>[31m
            [36m<div[31m
              [33mclass[31m=[32m"text-2xl font-bold text-gray-800"[31m
            [36m>[31m
              [0m0.000[0m
            [36m</div>[31m
            [36m<div[31m
              [33mclass[31m=[32m"text-sm text-red-600"[31m
            [36m>[31m
              [0mpoor[0m
            [36m</div>[31m
          [36m</div>[31m
        [36m</div>[31m
      [36m</div>[31m
      [36m<div[31m
        [33mclass[31m=[32m"mb-6"[31m
      [36m>[31m
        [36m<h3[31m
          [33mclass[31m=[32m"text-lg font-semibold text-gray-700 mb-4"[31m
        [36m>[31m
          [0mNavigation Timing[0m
        [36m</h3>[31m
        [36m<div[31m
          [33mclass[31m=[32m"grid grid-cols-1 md:grid-cols-2 lg:grid-cols-5 gap-4"[31m
        [36m>[31m
          [36m<div[31m
            [33mclass[31m=[32m"bg-gray-50 p-3 rounded-lg"[31m
          [36m>[31m
            [36m<div[31m
              [33mclass[31m=[32m"text-xs text-gray-600 mb-1"[31m
            [36m>[31m
              [0mDNS Lookup[0m
            [36m</div>[31m
            [36m<div[31m
              [33mclass[31m=[32m"text-lg font-semibold text-gray-800"[31m
            [36m>[31m
              [0m10[0m
              [0mms[0m
            [36m</div>[31m
          [36m</div>[31m
          [36m<div[31m
            [33mclass[31m=[32m"bg-gray-50 p-3 rounded-lg"[31m
          [36m>[31m
            [36m<div[31m
              [33mclass[31m=[32m"text-xs text-gray-600 mb-1"[31m
            [36m>[31m
              [0mTCP Connect[0m
            [36m</div>[31m
            [36m<div[31m
              [33mclass[31m=[32m"text-lg font-semibold text-gray-800"[31m
            [36m>[31m
              [0m40[0m
              [0mms[0m
            [36m</div>[31m
          [36m</div>[31m
          [36m<div[31m
            [33mclass[31m=[32m"bg-gray-50 p-3 rounded-lg"[31m
          [36m>[31m
            [36m<div[31m
              [33mclass[31m=[32m"text-xs text-gray-600 mb-1"[31m
            [36m>[31m
              [0mTTFB[0m
            [36m</div>[31m
            [36m<div[31m
              [33mclass[31m=[32m"text-lg font-semibold text-gray-800"[31m
            [36m>[31m
              [0m150[0m
              [0mms[0m
            [36m</div>[31m
          [36m</div>[31m
          [36m<div[31m
            [33mclass[31m=[32m"bg-gray-50 p-3 rounded-lg"[31m
          [36m>[31m
            [36m<div[31m
              [33mclass[31m=[32m"text-xs text-gray-600 mb-1"[31m
            [36m>[31m
              [0mDOM Ready[0m
            [36m</div>[31m
            [36m<div[31m
              [33mclass[31m=[32m"text-lg font-semibold text-gray-800"[31m
            [36m>[31m
              [0m1500[0m
              [0mms[0m
            [36m</div>[31m
          [36m</div>[31m
          [36m<div[31m
            [33mclass[31m=[32m"bg-gray-50 p-3 rounded-lg"[31m
          [36m>[31m
            [36m<div[31m
              [33mclass[31m=[32m"text-xs text-gray-600 mb-1"[31m
            [36m>[31m
              [0mLoad Complete[0m
            [36m</div>[31m
            [36m<div[31m
              [33mclass[31m=[32m"text-lg font-semibold text-gray-800"[31m
            [36m>[31m
              [0m2500[0m
              [0mms[0m
            [36m</div>[31m
          [36m</div>[31m
        [36m</div>[31m
      [36m</div>[31m
      [36m<div[31m
        [33mclass[31m=[32m"mb-6"[31m
      [36m>[31m
        [36m<h3[31m
          [33mclass[31m=[32m"text-lg font-semibold text-gray-700 mb-4"[31m
        [36m>[31m
          [0mResources[0m
        [36m</h3>[31m
        [36m<div[31m
          [33mclass[31m=[32m"grid grid-cols-1 md:grid-cols-3 gap-4"[31m
        [36m>[31m
          [36m<div[31m
            [33mclass[31m=[32m"bg-gray-50 p-4 rounded-lg"[31m
          [36m>[31m
            [36m<div[31m
              [33mclass[31m=[32m"text-sm text-gray-600 mb-1"[31m
            [36m>[31m
              [0mResource Count[0m
            [36m</div>[31m
            [36m<div[31m
              [33mclass[31m=[32m"text-2xl font-bold text-gray-800"[31m
            [36m>[31m
              [0m2[0m
            [36m</div>[31m
          [36m</div>[31m
          [36m<div[31m
            [33mclass[31m=[32m"bg-gray-50 p-4 rounded-lg"[31m
          [36m>[31m
            [36m<div[31m
              [33mclass[31m=[32m"text-sm text-gray-600 mb-1"[31m
            [36m>[31m
              [0mTotal Size[0m
            [36m</div>[31m
            [36m<div[31m
              [33mclass[31m=[32m"text-2xl font-bold text-gray-800"[31m
            [36m>[31m
              [0m150 KB[0m
            [36m</div>[31m
          [36m</div>[31m
          [36m<div[31m
            [33mclass[31m=[32m"bg-gray-50 p-4 rounded-lg"[31m
          [36m>[31m
            [36m<div[31m
              [33mclass[31m=[32m"text-sm text-gray-600 mb-1"[31m
            [36m>[31m
              [0mLoad Time[0m
            [36m</div>[31m
            [36m<div[31m
              [33mclass[31m=[32m"text-2xl font-bold text-gray-800"[31m
            [36m>[31m
              [0m300[0m
              [0mms[0m
            [36m</div>[31m
          [36m</div>[31m
        [36m</div>[31m
      [36m</div>[31m
      [36m<div[31m
        [33mclass[31m=[32m"mb-6"[31m
      [36m>[31m
        [36m<h3[31m
          [33mclass[31m=[32m"text-lg font-semibold text-gray-700 mb-4"[31m
        [36m>[31m
          [0mMemory Usage[0m
        [36m</h3>[31m
        [36m<div[31m
          [33mclass[31m=[32m"bg-gray-50 p-4 rounded-lg"[31m
        [36m>[31m
          [36m<div[31m
            [33mclass[31m=[32m"flex justify-between items-center mb-2"[31m
          [36m>[31m
            [36m<span[31m
              [33mclass[31m=[32m"text-sm text-gray-600"[31m
            [36m>[31m
              [0mUsed Memory[0m
            [36m</span>[31m
            [36m<span[31m
              [33mclass[31m=[32m"text-sm font-semibold text-gray-800"[31m
            [36m>[31m
              [0m50 MB[0m
              [0m / [0m
              [0m2 GB[0m
            [36m</span>[31m
          [36m</div>[31m
          [36m<div[31m
            [33mclass[31m=[32m"w-full bg-gray-200 rounded-full h-2"[31m
          [36m>[31m
            [36m<div[31m
              [33mclass[31m=[32m"bg-blue-600 h-2 rounded-full transition-all duration-300"[31m
              [33mstyle[31m=[32m"width: 2.44140625%;"[31m
            [36m/>[31m
          [36m</div>[31m
        [36m</div>[31m
      [36m</div>[31m
      [36m<div[31m
        [33mclass[31m=[32m"text-xs text-gray-500 text-center"[31m
      [36m>[31m
        [0mLast updated: [0m
        [0m9:21:45 AM[0m
      [36m</div>[31m
    [36m</div>[31m
  [36m</div>[31m
[36m</body>[31m[39m
 [32m✓[39m [30m[42m unit [49m[39m app/components/Organisms/AlphabeticalNav/AlphabeticalNav.test.tsx[2m > [22mAlphabeticalNav[2m > [22mRendering[2m > [22mrenders the alphabetical navigation[32m 207[2mms[22m[39m
 [32m✓[39m [30m[42m unit [49m[39m app/components/Organisms/AlphabeticalNav/AlphabeticalNav.test.tsx[2m > [22mAlphabeticalNav[2m > [22mRendering[2m > [22mrenders all alphabet letters[32m 85[2mms[22m[39m
 [31m×[39m [30m[42m unit [49m[39m app/components/Organisms/PerformanceDashboard/PerformanceDashboard.test.tsx[2m > [22mPerformanceDashboard (Organism)[2m > [22mCore Web Vitals Display[2m > [22mshould display Time to Interactive[32m 102[2mms[22m[39m
[31m   → Found multiple elements with the text: 1500ms

Here are the matching elements:

Ignored nodes: comments, script, style
[36m<div[31m
  [33mclass[31m=[32m"text-2xl font-bold text-gray-800"[31m
[36m>[31m
  [0m1500[0m
  [0mms[0m
[36m</div>[31m

Ignored nodes: comments, script, style
[36m<div[31m
  [33mclass[31m=[32m"text-2xl font-bold text-gray-800"[31m
[36m>[31m
  [0m1500[0m
  [0mms[0m
[36m</div>[31m

Ignored nodes: comments, script, style
[36m<div[31m
  [33mclass[31m=[32m"text-lg font-semibold text-gray-800"[31m
[36m>[31m
  [0m1500[0m
  [0mms[0m
[36m</div>[31m

(If this is intentional, then use the `*AllBy*` variant of the query (like `queryAllByText`, `getAllByText`, or `findAllByText`)).

Ignored nodes: comments, script, style
[36m<body>[31m
  [36m<div>[31m
    [36m<div[31m
      [33mclass[31m=[32m"bg-white border border-gray-200 rounded-lg shadow-lg p-6 max-w-4xl"[31m
    [36m>[31m
      [36m<div[31m
        [33mclass[31m=[32m"flex items-center justify-between mb-6"[31m
      [36m>[31m
        [36m<h2[31m
          [33mclass[31m=[32m"text-xl font-bold text-gray-800"[31m
        [36m>[31m
          [0mPerformance Dashboard[0m
        [36m</h2>[31m
        [36m<div[31m
          [33mclass[31m=[32m"flex items-center space-x-2"[31m
        [36m>[31m
          [36m<div[31m
            [33mclass[31m=[32m"w-3 h-3 rounded-full bg-green-400"[31m
          [36m/>[31m
          [36m<span[31m
            [33mclass[31m=[32m"text-sm text-gray-600"[31m
          [36m>[31m
            [0mLive[0m
          [36m</span>[31m
        [36m</div>[31m
      [36m</div>[31m
      [36m<div[31m
        [33mclass[31m=[32m"mb-6"[31m
      [36m>[31m
        [36m<h3[31m
          [33mclass[31m=[32m"text-lg font-semibold text-gray-700 mb-4"[31m
        [36m>[31m
          [0mCore Web Vitals[0m
        [36m</h3>[31m
        [36m<div[31m
          [33mclass[31m=[32m"grid grid-cols-1 md:grid-cols-2 lg:grid-cols-4 gap-4"[31m
        [36m>[31m
          [36m<div[31m
            [33mclass[31m=[32m"bg-gray-50 p-4 rounded-lg"[31m
          [36m>[31m
            [36m<div[31m
              [33mclass[31m=[32m"text-sm text-gray-600 mb-1"[31m
            [36m>[31m
              [0mLargest Contentful Paint[0m
            [36m</div>[31m
            [36m<div[31m
              [33mclass[31m=[32m"text-2xl font-bold text-gray-800"[31m
            [36m>[31m
              [0m2500[0m
              [0mms[0m
            [36m</div>[31m
            [36m<div[31m
              [33mclass[31m=[32m"text-sm text-yellow-600"[31m
            [36m>[31m
              [0mneeds improvement[0m
            [36m</div>[31m
          [36m</div>[31m
          [36m<div[31m
            [33mclass[31m=[32m"bg-gray-50 p-4 rounded-lg"[31m
          [36m>[31m
            [36m<div[31m
              [33mclass[31m=[32m"text-sm text-gray-600 mb-1"[31m
            [36m>[31m
              [0mTime to Interactive[0m
            [36m</div>[31m
            [36m<div[31m
              [33mclass[31m=[32m"text-2xl font-bold text-gray-800"[31m
            [36m>[31m
              [0m1500[0m
              [0mms[0m
            [36m</div>[31m
            [36m<div[31m
              [33mclass[31m=[32m"text-sm text-green-600"[31m
            [36m>[31m
              [0mexcellent[0m
            [36m</div>[31m
          [36m</div>[31m
          [36m<div[31m
            [33mclass[31m=[32m"bg-gray-50 p-4 rounded-lg"[31m
          [36m>[31m
            [36m<div[31m
              [33mclass[31m=[32m"text-sm text-gray-600 mb-1"[31m
            [36m>[31m
              [0mFirst Contentful Paint[0m
            [36m</div>[31m
            [36m<div[31m
              [33mclass[31m=[32m"text-2xl font-bold text-gray-800"[31m
            [36m>[31m
              [0m1500[0m
              [0mms[0m
            [36m</div>[31m
            [36m<div[31m
              [33mclass[31m=[32m"text-sm text-yellow-600"[31m
            [36m>[31m
              [0mneeds improvement[0m
            [36m</div>[31m
          [36m</div>[31m
          [36m<div[31m
            [33mclass[31m=[32m"bg-gray-50 p-4 rounded-lg"[31m
          [36m>[31m
            [36m<div[31m
              [33mclass[31m=[32m"text-sm text-gray-600 mb-1"[31m
            [36m>[31m
              [0mCumulative Layout Shift[0m
            [36m</div>[31m
            [36m<div[31m
              [33mclass[31m=[32m"text-2xl font-bold text-gray-800"[31m
            [36m>[31m
              [0m0.000[0m
            [36m</div>[31m
            [36m<div[31m
              [33mclass[31m=[32m"text-sm text-red-600"[31m
            [36m>[31m
              [0mpoor[0m
            [36m</div>[31m
          [36m</div>[31m
        [36m</div>[31m
      [36m</div>[31m
      [36m<div[31m
        [33mclass[31m=[32m"mb-6"[31m
      [36m>[31m
        [36m<h3[31m
          [33mclass[31m=[32m"text-lg font-semibold text-gray-700 mb-4"[31m
        [36m>[31m
          [0mNavigation Timing[0m
        [36m</h3>[31m
        [36m<div[31m
          [33mclass[31m=[32m"grid grid-cols-1 md:grid-cols-2 lg:grid-cols-5 gap-4"[31m
        [36m>[31m
          [36m<div[31m
            [33mclass[31m=[32m"bg-gray-50 p-3 rounded-lg"[31m
          [36m>[31m
            [36m<div[31m
              [33mclass[31m=[32m"text-xs text-gray-600 mb-1"[31m
            [36m>[31m
              [0mDNS Lookup[0m
            [36m</div>[31m
            [36m<div[31m
              [33mclass[31m=[32m"text-lg font-semibold text-gray-800"[31m
            [36m>[31m
              [0m10[0m
              [0mms[0m
            [36m</div>[31m
          [36m</div>[31m
          [36m<div[31m
            [33mclass[31m=[32m"bg-gray-50 p-3 rounded-lg"[31m
          [36m>[31m
            [36m<div[31m
              [33mclass[31m=[32m"text-xs text-gray-600 mb-1"[31m
            [36m>[31m
              [0mTCP Connect[0m
            [36m</div>[31m
            [36m<div[31m
              [33mclass[31m=[32m"text-lg font-semibold text-gray-800"[31m
            [36m>[31m
              [0m40[0m
              [0mms[0m
            [36m</div>[31m
          [36m</div>[31m
          [36m<div[31m
            [33mclass[31m=[32m"bg-gray-50 p-3 rounded-lg"[31m
          [36m>[31m
            [36m<div[31m
              [33mclass[31m=[32m"text-xs text-gray-600 mb-1"[31m
            [36m>[31m
              [0mTTFB[0m
            [36m</div>[31m
            [36m<div[31m
              [33mclass[31m=[32m"text-lg font-semibold text-gray-800"[31m
            [36m>[31m
              [0m150[0m
              [0mms[0m
            [36m</div>[31m
          [36m</div>[31m
          [36m<div[31m
            [33mclass[31m=[32m"bg-gray-50 p-3 rounded-lg"[31m
          [36m>[31m
            [36m<div[31m
              [33mclass[31m=[32m"text-xs text-gray-600 mb-1"[31m
            [36m>[31m
              [0mDOM Ready[0m
            [36m</div>[31m
            [36m<div[31m
              [33mclass[31m=[32m"text-lg font-semibold text-gray-800"[31m
            [36m>[31m
              [0m1500[0m
              [0mms[0m
            [36m</div>[31m
          [36m</div>[31m
          [36m<div[31m
            [33mclass[31m=[32m"bg-gray-50 p-3 rounded-lg"[31m
          [36m>[31m
            [36m<div[31m
              [33mclass[31m=[32m"text-xs text-gray-600 mb-1"[31m
            [36m>[31m
              [0mLoad Complete[0m
            [36m</div>[31m
            [36m<div[31m
              [33mclass[31m=[32m"text-lg font-semibold text-gray-800"[31m
            [36m>[31m
              [0m2500[0m
              [0mms[0m
            [36m</div>[31m
          [36m</div>[31m
        [36m</div>[31m
      [36m</div>[31m
      [36m<div[31m
        [33mclass[31m=[32m"mb-6"[31m
      [36m>[31m
        [36m<h3[31m
          [33mclass[31m=[32m"text-lg font-semibold text-gray-700 mb-4"[31m
        [36m>[31m
          [0mResources[0m
        [36m</h3>[31m
        [36m<div[31m
          [33mclass[31m=[32m"grid grid-cols-1 md:grid-cols-3 gap-4"[31m
        [36m>[31m
          [36m<div[31m
            [33mclass[31m=[32m"bg-gray-50 p-4 rounded-lg"[31m
          [36m>[31m
            [36m<div[31m
              [33mclass[31m=[32m"text-sm text-gray-600 mb-1"[31m
            [36m>[31m
              [0mResource Count[0m
            [36m</div>[31m
            [36m<div[31m
              [33mclass[31m=[32m"text-2xl font-bold text-gray-800"[31m
            [36m>[31m
              [0m2[0m
            [36m</div>[31m
          [36m</div>[31m
          [36m<div[31m
            [33mclass[31m=[32m"bg-gray-50 p-4 rounded-lg"[31m
          [36m>[31m
            [36m<div[31m
              [33mclass[31m=[32m"text-sm text-gray-600 mb-1"[31m
            [36m>[31m
              [0mTotal Size[0m
            [36m</div>[31m
            [36m<div[31m
              [33mclass[31m=[32m"text-2xl font-bold text-gray-800"[31m
            [36m>[31m
              [0m150 KB[0m
            [36m</div>[31m
          [36m</div>[31m
          [36m<div[31m
            [33mclass[31m=[32m"bg-gray-50 p-4 rounded-lg"[31m
          [36m>[31m
            [36m<div[31m
              [33mclass[31m=[32m"text-sm text-gray-600 mb-1"[31m
            [36m>[31m
              [0mLoad Time[0m
            [36m</div>[31m
            [36m<div[31m
              [33mclass[31m=[32m"text-2xl font-bold text-gray-800"[31m
            [36m>[31m
              [0m300[0m
              [0mms[0m
            [36m</div>[31m
          [36m</div>[31m
        [36m</div>[31m
      [36m</div>[31m
      [36m<div[31m
        [33mclass[31m=[32m"mb-6"[31m
      [36m>[31m
        [36m<h3[31m
          [33mclass[31m=[32m"text-lg font-semibold text-gray-700 mb-4"[31m
        [36m>[31m
          [0mMemory Usage[0m
        [36m</h3>[31m
        [36m<div[31m
          [33mclass[31m=[32m"bg-gray-50 p-4 rounded-lg"[31m
        [36m>[31m
          [36m<div[31m
            [33mclass[31m=[32m"flex justify-between items-center mb-2"[31m
          [36m>[31m
            [36m<span[31m
              [33mclass[31m=[32m"text-sm text-gray-600"[31m
            [36m>[31m
              [0mUsed Memory[0m
            [36m</span>[31m
            [36m<span[31m
              [33mclass[31m=[32m"text-sm font-semibold text-gray-800"[31m
            [36m>[31m
              [0m50 MB[0m
              [0m / [0m
              [0m2 GB[0m
            [36m</span>[31m
          [36m</div>[31m
          [36m<div[31m
            [33mclass[31m=[32m"w-full bg-gray-200 rounded-full h-2"[31m
          [36m>[31m
            [36m<div[31m
              [33mclass[31m=[32m"bg-blue-600 h-2 rounded-full transition-all duration-300"[31m
              [33mstyle[31m=[32m"width: 2.44140625%;"[31m
            [36m/>[31m
          [36m</div>[31m
        [36m</div>[31m
      [36m</div>[31m
      [36m<div[31m
        [33mclass[31m=[32m"text-xs text-gray-500 text-center"[31m
      [36m>[31m
        [0mLast updated: [0m
        [0m9:21:45 AM[0m
      [36m</div>[31m
    [36m</div>[31m
  [36m</div>[31m
[36m</body>[31m[39m
 [32m✓[39m [30m[42m unit [49m[39m app/components/Organisms/PerformanceDashboard/PerformanceDashboard.test.tsx[2m > [22mPerformanceDashboard (Organism)[2m > [22mCore Web Vitals Display[2m > [22mshould display First Contentful Paint[32m 45[2mms[22m[39m
 [32m✓[39m [30m[42m unit [49m[39m app/components/Organisms/LanguageSwitcher/LanguageSwitcher.test.tsx[2m > [22mLanguageSwitcher[2m > [22mRendering[2m > [22mrenders all language options[32m 33[2mms[22m[39m
 [32m✓[39m [30m[42m unit [49m[39m app/components/Organisms/LanguageSwitcher/LanguageSwitcher.test.tsx[2m > [22mLanguageSwitcher[2m > [22mDefault Selection[2m > [22mdefaults to English when current language is en[32m 11[2mms[22m[39m
 [32m✓[39m [30m[42m unit [49m[39m app/components/Organisms/LanguageSwitcher/LanguageSwitcher.test.tsx[2m > [22mLanguageSwitcher[2m > [22mDefault Selection[2m > [22mdefaults to Spanish when current language is es[32m 21[2mms[22m[39m
 [32m✓[39m [30m[42m unit [49m[39m app/components/Organisms/LanguageSwitcher/LanguageSwitcher.test.tsx[2m > [22mLanguageSwitcher[2m > [22mDefault Selection[2m > [22mreflects current i18n language[32m 19[2mms[22m[39m
 [32m✓[39m [30m[42m unit [49m[39m app/components/Molecules/ReviewCard/ReviewCard.test.tsx[2m > [22mReviewCard[2m > [22mRendering[2m > [22mrenders the review card with review content[32m 192[2mms[22m[39m
 [32m✓[39m [30m[42m unit [49m[39m app/components/Molecules/ReviewCard/ReviewCard.test.tsx[2m > [22mReviewCard[2m > [22mRendering[2m > [22mrenders user avatar with first letter of display name[32m 32[2mms[22m[39m
 [32m✓[39m [30m[42m unit [49m[39m app/components/Molecules/ReviewCard/ReviewCard.test.tsx[2m > [22mReviewCard[2m > [22mRendering[2m > [22mrenders the formatted date[32m 11[2mms[22m[39m
 [32m✓[39m [30m[42m unit [49m[39m app/components/Molecules/ReviewCard/ReviewCard.test.tsx[2m > [22mReviewCard[2m > [22mRendering[2m > [22mapplies correct styling to the card[32m 10[2mms[22m[39m
 [32m✓[39m [30m[42m unit [49m[39m app/components/Molecules/ReviewCard/ReviewCard.test.tsx[2m > [22mReviewCard[2m > [22mUser Display Name[2m > [22mdisplays username when available[32m 13[2mms[22m[39m
 [32m✓[39m [30m[42m unit [49m[39m app/components/Molecules/ReviewCard/ReviewCard.test.tsx[2m > [22mReviewCard[2m > [22mUser Display Name[2m > [22mdisplays first and last name when username is not available[32m 6[2mms[22m[39m
 [32m✓[39m [30m[42m unit [49m[39m app/components/Molecules/ReviewCard/ReviewCard.test.tsx[2m > [22mReviewCard[2m > [22mUser Display Name[2m > [22mdisplays only first name when last name is not available[32m 10[2mms[22m[39m
 [32m✓[39m [30m[42m unit [49m[39m app/components/Molecules/ReviewCard/ReviewCard.test.tsx[2m > [22mReviewCard[2m > [22mUser Display Name[2m > [22mdisplays email as fallback when no name or username is available[32m 6[2mms[22m[39m
 [32m✓[39m [30m[42m unit [49m[39m app/components/Molecules/ReviewCard/ReviewCard.test.tsx[2m > [22mReviewCard[2m > [22mUser Display Name[2m > [22mcreates avatar with correct first letter for each display name type[32m 31[2mms[22m[39m
 [32m✓[39m [30m[42m unit [49m[39m app/components/Molecules/ReviewCard/ReviewCard.test.tsx[2m > [22mReviewCard[2m > [22mDate Formatting[2m > [22mshows formatted distance for valid dates[32m 4[2mms[22m[39m
 [31m×[39m [30m[42m unit [49m[39m app/components/Molecules/ReviewCard/ReviewCard.test.tsx[2m > [22mReviewCard[2m > [22mDate Formatting[2m > [22mshows "Recently" for invalid dates[32m 41[2mms[22m[39m
[31m   → Unable to find an element with the text: Recently. This could be because the text is broken up by multiple elements. In this case, you can provide a function for your text matcher to make your matcher more flexible.

Ignored nodes: comments, script, style
[36m<body>[31m
  [36m<div>[31m
    [36m<div[31m
      [33mclass[31m=[32m"bg-white/5 border border-noir-gold rounded-lg p-4 space-y-3"[31m
    [36m>[31m
      [36m<div[31m
        [33mclass[31m=[32m"flex items-center justify-between"[31m
      [36m>[31m
        [36m<div[31m
          [33mclass[31m=[32m"flex items-center space-x-2"[31m
        [36m>[31m
          [36m<div[31m
            [33mclass[31m=[32m"w-8 h-8 bg-noir-gold rounded-full flex items-center justify-center border border-noir-light"[31m
          [36m>[31m
            [36m<span[31m
              [33mclass[31m=[32m"text-noir-dark text-sm font-semibold"[31m
            [36m>[31m
              [0mT[0m
            [36m</span>[31m
          [36m</div>[31m
          [36m<div>[31m
            [36m<p[31m
              [33mclass[31m=[32m"text-sm font-medium text-noir-gold"[31m
            [36m>[31m
              [0mtestuser[0m
            [36m</p>[31m
            [36m<p[31m
              [33mclass[31m=[32m"text-xs text-noir-gold-100"[31m
            [36m>[31m
              [0mNaN days ago[0m
            [36m</p>[31m
          [36m</div>[31m
        [36m</div>[31m
      [36m</div>[31m
      [36m<div[31m
        [33mclass[31m=[32m"prose prose-sm max-w-none text-noir-light"[31m
      [36m>[31m
        [36m<p>[31m
          [0mThis is a great perfume![0m
        [36m</p>[31m
      [36m</div>[31m
    [36m</div>[31m
  [36m</div>[31m
[36m</body>[31m[39m
 [32m✓[39m [30m[42m unit [49m[39m app/components/Molecules/ReviewCard/ReviewCard.test.tsx[2m > [22mReviewCard[2m > [22mDate Formatting[2m > [22mhandles various date formats[32m 10[2mms[22m[39m
 [32m✓[39m [30m[42m unit [49m[39m app/components/Organisms/LanguageSwitcher/LanguageSwitcher.test.tsx[2m > [22mLanguageSwitcher[2m > [22mLanguage Change[2m > [22mcalls changeLanguage when selecting English[32m 118[2mms[22m[39m
 [32m✓[39m [30m[42m unit [49m[39m app/components/Organisms/LanguageSwitcher/LanguageSwitcher.test.tsx[2m > [22mLanguageSwitcher[2m > [22mLanguage Change[2m > [22mcalls changeLanguage when selecting Spanish[32m 60[2mms[22m[39m
 [32m✓[39m [30m[42m unit [49m[39m app/components/Organisms/LanguageSwitcher/LanguageSwitcher.test.tsx[2m > [22mLanguageSwitcher[2m > [22mLanguage Change[2m > [22mhandles language change via fireEvent[32m 8[2mms[22m[39m
 [32m✓[39m [30m[42m unit [49m[39m app/components/Organisms/AlphabeticalNav/AlphabeticalNav.test.tsx[2m > [22mAlphabeticalNav[2m > [22mRendering[2m > [22mrenders All button[32m 136[2mms[22m[39m
 [32m✓[39m [30m[42m unit [49m[39m app/components/Organisms/AlphabeticalNav/AlphabeticalNav.test.tsx[2m > [22mAlphabeticalNav[2m > [22mRendering[2m > [22mrenders 27 buttons total (All + 26 letters)[32m 28[2mms[22m[39m
 [32m✓[39m [30m[42m unit [49m[39m app/components/Organisms/AlphabeticalNav/AlphabeticalNav.test.tsx[2m > [22mAlphabeticalNav[2m > [22mRendering[2m > [22mapplies custom className[32m 24[2mms[22m[39m
 [32m✓[39m [30m[42m unit [49m[39m app/components/Molecules/ReviewCard/ReviewCard.test.tsx[2m > [22mReviewCard[2m > [22mOwner Actions[2m > [22mshows edit button when user is the owner[32m 54[2mms[22m[39m
 [32m✓[39m [30m[42m unit [49m[39m app/components/Molecules/ReviewCard/ReviewCard.test.tsx[2m > [22mReviewCard[2m > [22mOwner Actions[2m > [22mshows delete button when user is the owner[32m 14[2mms[22m[39m
 [32m✓[39m [30m[42m unit [49m[39m app/components/Molecules/ReviewCard/ReviewCard.test.tsx[2m > [22mReviewCard[2m > [22mOwner Actions[2m > [22mcalls onEdit with review id when edit is clicked[32m 54[2mms[22m[39m
 [32m✓[39m [30m[42m unit [49m[39m app/components/Molecules/ReviewCard/ReviewCard.test.tsx[2m > [22mReviewCard[2m > [22mOwner Actions[2m > [22mcalls onDelete with review id when delete is clicked[32m 22[2mms[22m[39m
 [32m✓[39m [30m[42m unit [49m[39m app/components/Molecules/ReviewCard/ReviewCard.test.tsx[2m > [22mReviewCard[2m > [22mOwner Actions[2m > [22mdoes not show edit button when user is not the owner[32m 7[2mms[22m[39m
 [32m✓[39m [30m[42m unit [49m[39m app/components/Organisms/LanguageSwitcher/LanguageSwitcher.test.tsx[2m > [22mLanguageSwitcher[2m > [22mLanguage Change[2m > [22mcan switch back and forth between languages[32m 111[2mms[22m[39m
 [32m✓[39m [30m[42m unit [49m[39m app/components/Organisms/LanguageSwitcher/LanguageSwitcher.test.tsx[2m > [22mLanguageSwitcher[2m > [22mLanguage Options[2m > [22mhas correct value for English option[32m 20[2mms[22m[39m
 [32m✓[39m [30m[42m unit [49m[39m app/components/Organisms/LanguageSwitcher/LanguageSwitcher.test.tsx[2m > [22mLanguageSwitcher[2m > [22mLanguage Options[2m > [22mhas correct value for Spanish option[32m 19[2mms[22m[39m
 [32m✓[39m [30m[42m unit [49m[39m app/components/Organisms/LanguageSwitcher/LanguageSwitcher.test.tsx[2m > [22mLanguageSwitcher[2m > [22mLanguage Options[2m > [22mdisplays correct label for English[32m 11[2mms[22m[39m
 [32m✓[39m [30m[42m unit [49m[39m app/components/Organisms/LanguageSwitcher/LanguageSwitcher.test.tsx[2m > [22mLanguageSwitcher[2m > [22mLanguage Options[2m > [22mdisplays correct label for Spanish[32m 8[2mms[22m[39m
 [32m✓[39m [30m[42m unit [49m[39m app/components/Organisms/LanguageSwitcher/LanguageSwitcher.test.tsx[2m > [22mLanguageSwitcher[2m > [22mSelect Component Integration[2m > [22muses compact size variant[32m 12[2mms[22m[39m
 [32m✓[39m [30m[42m unit [49m[39m app/components/Organisms/LanguageSwitcher/LanguageSwitcher.test.tsx[2m > [22mLanguageSwitcher[2m > [22mSelect Component Integration[2m > [22mhas correct select id[32m 20[2mms[22m[39m
 [32m✓[39m [30m[42m unit [49m[39m app/components/Organisms/LanguageSwitcher/LanguageSwitcher.test.tsx[2m > [22mLanguageSwitcher[2m > [22mSelect Component Integration[2m > [22mis accessible via label[32m 8[2mms[22m[39m
 [32m✓[39m [30m[42m unit [49m[39m app/components/Organisms/AlphabeticalNav/AlphabeticalNav.test.tsx[2m > [22mAlphabeticalNav[2m > [22mSelection State[2m > [22mhighlights All button when selectedLetter is null[32m 66[2mms[22m[39m
 [32m✓[39m [30m[42m unit [49m[39m app/components/Organisms/AlphabeticalNav/AlphabeticalNav.test.tsx[2m > [22mAlphabeticalNav[2m > [22mSelection State[2m > [22mhighlights selected letter[32m 91[2mms[22m[39m
 [32m✓[39m [30m[42m unit [49m[39m app/components/Molecules/ReviewCard/ReviewCard.test.tsx[2m > [22mReviewCard[2m > [22mOwner Actions[2m > [22mdoes not show action buttons when callbacks are not provided[32m 11[2mms[22m[39m
 [32m✓[39m [30m[42m unit [49m[39m app/components/Molecules/ReviewCard/ReviewCard.test.tsx[2m > [22mReviewCard[2m > [22mAdmin/Editor Actions[2m > [22mshows delete button for admin users even if not owner[32m 14[2mms[22m[39m
 [32m✓[39m [30m[42m unit [49m[39m app/components/Molecules/ReviewCard/ReviewCard.test.tsx[2m > [22mReviewCard[2m > [22mAdmin/Editor Actions[2m > [22mshows delete button for editor users even if not owner[32m 13[2mms[22m[39m
 [32m✓[39m [30m[42m unit [49m[39m app/components/Molecules/ReviewCard/ReviewCard.test.tsx[2m > [22mReviewCard[2m > [22mAdmin/Editor Actions[2m > [22mdoes not show edit button for moderators who are not owners[32m 7[2mms[22m[39m
 [32m✓[39m [30m[42m unit [49m[39m app/components/Molecules/ReviewCard/ReviewCard.test.tsx[2m > [22mReviewCard[2m > [22mModeration Actions[2m > [22mshows moderation actions when showModerationActions is true and user is admin[32m 15[2mms[22m[39m
 [32m✓[39m [30m[42m unit [49m[39m app/components/Molecules/ReviewCard/ReviewCard.test.tsx[2m > [22mReviewCard[2m > [22mModeration Actions[2m > [22mshows moderation actions when showModerationActions is true and user is editor[32m 14[2mms[22m[39m
 [32m✓[39m [30m[42m unit [49m[39m app/components/Molecules/ReviewCard/ReviewCard.test.tsx[2m > [22mReviewCard[2m > [22mModeration Actions[2m > [22mdoes not show moderation actions when user is not admin or editor[32m 8[2mms[22m[39m
 [32m✓[39m [30m[42m unit [49m[39m app/components/Molecules/ReviewCard/ReviewCard.test.tsx[2m > [22mReviewCard[2m > [22mModeration Actions[2m > [22mdoes not show moderation actions when showModerationActions is false[32m 8[2mms[22m[39m
 [32m✓[39m [30m[42m unit [49m[39m app/components/Molecules/ReviewCard/ReviewCard.test.tsx[2m > [22mReviewCard[2m > [22mModeration Actions[2m > [22mcalls onModerate with true when approve is clicked[32m 16[2mms[22m[39m
 [32m✓[39m [30m[42m unit [49m[39m app/components/Organisms/LanguageSwitcher/LanguageSwitcher.test.tsx[2m > [22mLanguageSwitcher[2m > [22mAccessibility[2m > [22mhas proper aria-label[32m 13[2mms[22m[39m
 [32m✓[39m [30m[42m unit [49m[39m app/components/Organisms/LanguageSwitcher/LanguageSwitcher.test.tsx[2m > [22mLanguageSwitcher[2m > [22mAccessibility[2m > [22mhas semantic select element[32m 11[2mms[22m[39m
 [32m✓[39m [30m[42m unit [49m[39m app/components/Organisms/LanguageSwitcher/LanguageSwitcher.test.tsx[2m > [22mLanguageSwitcher[2m > [22mAccessibility[2m > [22mall options are accessible[32m 15[2mms[22m[39m
 [32m✓[39m [30m[42m unit [49m[39m app/components/Molecules/ReviewCard/ReviewCard.test.tsx[2m > [22mReviewCard[2m > [22mModeration Actions[2m > [22mcalls onModerate with false when reject is clicked[32m 10[2mms[22m[39m
 [32m✓[39m [30m[42m unit [49m[39m app/components/Molecules/ReviewCard/ReviewCard.test.tsx[2m > [22mReviewCard[2m > [22mModeration Status Display[2m > [22mshows approved status when review is approved and showModerationActions is true[32m 8[2mms[22m[39m
 [32m✓[39m [30m[42m unit [49m[39m app/components/Molecules/ReviewCard/ReviewCard.test.tsx[2m > [22mReviewCard[2m > [22mModeration Status Display[2m > [22mshows pending status when review is not approved and showModerationActions is true[32m 10[2mms[22m[39m
 [32m✓[39m [30m[42m unit [49m[39m app/components/Molecules/ReviewCard/ReviewCard.test.tsx[2m > [22mReviewCard[2m > [22mModeration Status Display[2m > [22mdoes not show status when showModerationActions is false[32m 5[2mms[22m[39m
 [32m✓[39m [30m[42m unit [49m[39m app/components/Molecules/ReviewCard/ReviewCard.test.tsx[2m > [22mReviewCard[2m > [22mHTML Content Rendering[2m > [22mrenders HTML content using dangerouslySetInnerHTML[32m 6[2mms[22m[39m
 [32m✓[39m [30m[42m unit [49m[39m app/components/Molecules/ReviewCard/ReviewCard.test.tsx[2m > [22mReviewCard[2m > [22mHTML Content Rendering[2m > [22mrenders complex HTML structures[32m 10[2mms[22m[39m
 [32m✓[39m [30m[42m unit [49m[39m app/components/Molecules/ReviewCard/ReviewCard.test.tsx[2m > [22mReviewCard[2m > [22mAccessibility[2m > [22mhas proper button roles for action buttons[32m 15[2mms[22m[39m
 [32m✓[39m [30m[42m unit [49m[39m app/components/Molecules/ReviewCard/ReviewCard.test.tsx[2m > [22mReviewCard[2m > [22mAccessibility[2m > [22mhas semantic HTML structure[32m 6[2mms[22m[39m
 [32m✓[39m [30m[42m unit [49m[39m app/components/Molecules/ReviewCard/ReviewCard.test.tsx[2m > [22mReviewCard[2m > [22mAccessibility[2m > [22mhas accessible avatar with text[32m 32[2mms[22m[39m
 [32m✓[39m [30m[42m unit [49m[39m app/components/Organisms/AlphabeticalNav/AlphabeticalNav.test.tsx[2m > [22mAlphabeticalNav[2m > [22mSelection State[2m > [22mdoes not highlight All button when a letter is selected[32m 69[2mms[22m[39m
 [32m✓[39m [30m[42m unit [49m[39m app/components/Organisms/AlphabeticalNav/AlphabeticalNav.test.tsx[2m > [22mAlphabeticalNav[2m > [22mSelection State[2m > [22monly highlights one letter at a time[32m 75[2mms[22m[39m
 [32m✓[39m [30m[42m unit [49m[39m app/components/Molecules/ReviewCard/ReviewCard.test.tsx[2m > [22mReviewCard[2m > [22mEdge Cases[2m > [22mhandles missing optional props gracefully[32m 16[2mms[22m[39m
 [32m✓[39m [30m[42m unit [49m[39m app/components/Molecules/ReviewCard/ReviewCard.test.tsx[2m > [22mReviewCard[2m > [22mEdge Cases[2m > [22mhandles all callbacks being undefined[32m 11[2mms[22m[39m
 [32m✓[39m [30m[42m unit [49m[39m app/components/Molecules/ReviewCard/ReviewCard.test.tsx[2m > [22mReviewCard[2m > [22mEdge Cases[2m > [22mhandles empty review content[32m 8[2mms[22m[39m
 [32m✓[39m [30m[42m unit [49m[39m app/components/Molecules/ReviewCard/ReviewCard.test.tsx[2m > [22mReviewCard[2m > [22mEdge Cases[2m > [22mhandles very long usernames[32m 15[2mms[22m[39m
 [32m✓[39m [30m[42m unit [49m[39m app/components/Molecules/ReviewCard/ReviewCard.test.tsx[2m > [22mReviewCard[2m > [22mEdge Cases[2m > [22mhandles special characters in display names[32m 18[2mms[22m[39m
 [32m✓[39m [30m[42m unit [49m[39m app/components/Molecules/ReviewCard/ReviewCard.test.tsx[2m > [22mReviewCard[2m > [22mStyle Classes[2m > [22mapplies correct text colors to status indicators[32m 14[2mms[22m[39m
 [32m✓[39m [30m[42m unit [49m[39m app/components/Molecules/ReviewCard/ReviewCard.test.tsx[2m > [22mReviewCard[2m > [22mStyle Classes[2m > [22mapplies correct hover effects to buttons[32m 15[2mms[22m[39m
 [32m✓[39m [30m[42m unit [49m[39m app/components/Molecules/ReviewCard/ReviewCard.test.tsx[2m > [22mReviewCard[2m > [22mStyle Classes[2m > [22muses prose styling for review content[32m 15[2mms[22m[39m
 [32m✓[39m [30m[42m unit [49m[39m app/components/Organisms/LanguageSwitcher/LanguageSwitcher.test.tsx[2m > [22mLanguageSwitcher[2m > [22mAccessibility[2m > [22msupports keyboard navigation[32m 104[2mms[22m[39m
 [32m✓[39m [30m[42m unit [49m[39m app/components/Organisms/LanguageSwitcher/LanguageSwitcher.test.tsx[2m > [22mLanguageSwitcher[2m > [22mi18n Integration[2m > [22mreads current language from i18n[32m 8[2mms[22m[39m
 [32m✓[39m [30m[42m unit [49m[39m app/components/Organisms/LanguageSwitcher/LanguageSwitcher.test.tsx[2m > [22mLanguageSwitcher[2m > [22mi18n Integration[2m > [22mcalls i18n.changeLanguage with correct value[32m 9[2mms[22m[39m
 [32m✓[39m [30m[42m unit [49m[39m app/components/Organisms/LanguageSwitcher/LanguageSwitcher.test.tsx[2m > [22mLanguageSwitcher[2m > [22mi18n Integration[2m > [22mhandles changeLanguage function correctly[32m 10[2mms[22m[39m
 [32m✓[39m [30m[42m unit [49m[39m app/components/Organisms/LanguageSwitcher/LanguageSwitcher.test.tsx[2m > [22mLanguageSwitcher[2m > [22mEdge Cases[2m > [22mhandles unknown initial language gracefully[32m 9[2mms[22m[39m
 [32m✓[39m [30m[42m unit [49m[39m app/components/Organisms/LanguageSwitcher/LanguageSwitcher.test.tsx[2m > [22mLanguageSwitcher[2m > [22mEdge Cases[2m > [22mhandles missing i18n.language[32m 7[2mms[22m[39m
 [32m✓[39m [30m[42m unit [49m[39m app/components/Organisms/AlphabeticalNav/AlphabeticalNav.test.tsx[2m > [22mAlphabeticalNav[2m > [22mClick Interactions[2m > [22mcalls onLetterSelect with null when All is clicked[32m 105[2mms[22m[39m
 [32m✓[39m [30m[42m unit [49m[39m app/components/Organisms/LanguageSwitcher/LanguageSwitcher.test.tsx[2m > [22mLanguageSwitcher[2m > [22mEdge Cases[2m > [22mhandles rapid language switches[32m 171[2mms[22m[39m
 [31m×[39m [30m[42m unit [49m[39m app/components/Organisms/LanguageSwitcher/LanguageSwitcher.test.tsx[2m > [22mLanguageSwitcher[2m > [22mEdge Cases[2m > [22mcalls changeLanguage even if it throws an error[32m 57[2mms[22m[39m
[31m   → expected [Function] to throw an error[39m
 [32m✓[39m [30m[42m unit [49m[39m app/components/Organisms/LanguageSwitcher/LanguageSwitcher.test.tsx[2m > [22mLanguageSwitcher[2m > [22mRendering States[2m > [22mrenders consistently regardless of current language[32m 38[2mms[22m[39m
 [32m✓[39m [30m[42m unit [49m[39m app/components/Organisms/AlphabeticalNav/AlphabeticalNav.test.tsx[2m > [22mAlphabeticalNav[2m > [22mClick Interactions[2m > [22mcalls onLetterSelect with letter when clicked[32m 116[2mms[22m[39m
 [32m✓[39m [30m[42m unit [49m[39m app/components/Organisms/LanguageSwitcher/LanguageSwitcher.test.tsx[2m > [22mLanguageSwitcher[2m > [22mRendering States[2m > [22mmaintains options order[32m 19[2mms[22m[39m
 [32m✓[39m [30m[42m unit [49m[39m app/components/Organisms/AlphabeticalNav/AlphabeticalNav.test.tsx[2m > [22mAlphabeticalNav[2m > [22mClick Interactions[2m > [22mcalls onLetterSelect with correct letter for each button[32m 140[2mms[22m[39m
 [32m✓[39m [30m[42m unit [49m[39m app/components/Organisms/AlphabeticalNav/AlphabeticalNav.test.tsx[2m > [22mAlphabeticalNav[2m > [22mClick Interactions[2m > [22mhandles rapid clicks[32m 90[2mms[22m[39m
 [32m✓[39m [30m[42m unit [49m[39m app/components/Organisms/LanguageSwitcher/LanguageSwitcher.test.tsx[2m > [22mLanguageSwitcher[2m > [22mUser Experience[2m > [22mprovides visual feedback on selection[32m 130[2mms[22m[39m
 [32m✓[39m [30m[42m unit [49m[39m app/components/Organisms/LanguageSwitcher/LanguageSwitcher.test.tsx[2m > [22mLanguageSwitcher[2m > [22mUser Experience[2m > [22mis easily discoverable with clear labels[32m 7[2mms[22m[39m
 [32m✓[39m [30m[42m unit [49m[39m app/components/Organisms/LanguageSwitcher/LanguageSwitcher.test.tsx[2m > [22mLanguageSwitcher[2m > [22mComponent Props[2m > [22mpasses correct props to Select component[32m 9[2mms[22m[39m
 [32m✓[39m [30m[42m unit [49m[39m app/components/Organisms/LanguageSwitcher/LanguageSwitcher.test.tsx[2m > [22mLanguageSwitcher[2m > [22mComponent Props[2m > [22mprovides correct selectData structure[32m 11[2mms[22m[39m
 [32m✓[39m [30m[42m unit [49m[39m app/components/Organisms/LanguageSwitcher/LanguageSwitcher.test.tsx[2m > [22mLanguageSwitcher[2m > [22mLocalization[2m > [22mdisplays language names in their native form[32m 7[2mms[22m[39m
 [32m✓[39m [30m[42m unit [49m[39m app/components/Organisms/LanguageSwitcher/LanguageSwitcher.test.tsx[2m > [22mLanguageSwitcher[2m > [22mLocalization[2m > [22muses correct language codes[32m 7[2mms[22m[39m
 [32m✓[39m [30m[42m unit [49m[39m app/components/Organisms/AlphabeticalNav/AlphabeticalNav.test.tsx[2m > [22mAlphabeticalNav[2m > [22mClick Interactions[2m > [22mcan select same letter multiple times[32m 57[2mms[22m[39m
 [32m✓[39m [30m[42m unit [49m[39m app/components/Organisms/AlphabeticalNav/AlphabeticalNav.test.tsx[2m > [22mAlphabeticalNav[2m > [22mStyling[2m > [22mapplies grid layout[32m 32[2mms[22m[39m
 [32m✓[39m [30m[42m unit [49m[39m app/components/Organisms/AlphabeticalNav/AlphabeticalNav.test.tsx[2m > [22mAlphabeticalNav[2m > [22mStyling[2m > [22mcenters content[32m 24[2mms[22m[39m
 [32m✓[39m [30m[42m unit [49m[39m app/components/Organisms/AlphabeticalNav/AlphabeticalNav.test.tsx[2m > [22mAlphabeticalNav[2m > [22mStyling[2m > [22mapplies inner-container class[32m 20[2mms[22m[39m
 [32m✓[39m [30m[42m unit [49m[39m app/components/Organisms/AlphabeticalNav/AlphabeticalNav.test.tsx[2m > [22mAlphabeticalNav[2m > [22mStyling[2m > [22mapplies margin classes[32m 23[2mms[22m[39m
 [32m✓[39m [30m[42m unit [49m[39m app/components/Organisms/AlphabeticalNav/AlphabeticalNav.test.tsx[2m > [22mAlphabeticalNav[2m > [22mStyling[2m > [22mapplies active styling to selected letter[32m 54[2mms[22m[39m
 [32m✓[39m [30m[42m unit [49m[39m app/components/Organisms/AlphabeticalNav/AlphabeticalNav.test.tsx[2m > [22mAlphabeticalNav[2m > [22mStyling[2m > [22mapplies inactive styling to non-selected letters[32m 62[2mms[22m[39m
 [32m✓[39m [30m[42m unit [49m[39m app/components/Organisms/AlphabeticalNav/AlphabeticalNav.test.tsx[2m > [22mAlphabeticalNav[2m > [22mStyling[2m > [22mapplies transition classes to all buttons[32m 38[2mms[22m[39m
 [32m✓[39m [30m[42m unit [49m[39m app/components/Organisms/AlphabeticalNav/AlphabeticalNav.test.tsx[2m > [22mAlphabeticalNav[2m > [22mStyling[2m > [22mapplies large text on lg screens[32m 51[2mms[22m[39m
 [31m×[39m [30m[42m unit [49m[39m app/components/Molecules/ChangePasswordForm/ChangePasswordForm.test.tsx[2m > [22mChangePasswordForm[2m > [22mRendering[2m > [22mrenders the form with all fields[32m 98[2mms[22m[39m
[31m   → useSubmit must be used within a data router.  See https://reactrouter.com/en/main/routers/picking-a-router.[39m
 [31m×[39m [30m[42m unit [49m[39m app/components/Molecules/ChangePasswordForm/ChangePasswordForm.test.tsx[2m > [22mChangePasswordForm[2m > [22mRendering[2m > [22mrenders the form header[32m 15[2mms[22m[39m
[31m   → useSubmit must be used within a data router.  See https://reactrouter.com/en/main/routers/picking-a-router.[39m
 [31m×[39m [30m[42m unit [49m[39m app/components/Molecules/ChangePasswordForm/ChangePasswordForm.test.tsx[2m > [22mChangePasswordForm[2m > [22mRendering[2m > [22mrenders password requirements[32m 15[2mms[22m[39m
[31m   → useSubmit must be used within a data router.  See https://reactrouter.com/en/main/routers/picking-a-router.[39m
 [31m×[39m [30m[42m unit [49m[39m app/components/Molecules/ChangePasswordForm/ChangePasswordForm.test.tsx[2m > [22mChangePasswordForm[2m > [22mRendering[2m > [22mrenders submit and clear buttons[32m 14[2mms[22m[39m
[31m   → useSubmit must be used within a data router.  See https://reactrouter.com/en/main/routers/picking-a-router.[39m
 [31m×[39m [30m[42m unit [49m[39m app/components/Molecules/ChangePasswordForm/ChangePasswordForm.test.tsx[2m > [22mChangePasswordForm[2m > [22mRendering[2m > [22mapplies custom className[32m 24[2mms[22m[39m
[31m   → useSubmit must be used within a data router.  See https://reactrouter.com/en/main/routers/picking-a-router.[39m
 [31m×[39m [30m[42m unit [49m[39m app/components/Molecules/ChangePasswordForm/ChangePasswordForm.test.tsx[2m > [22mChangePasswordForm[2m > [22mPassword Field Interaction[2m > [22mallows typing in current password field[32m 18[2mms[22m[39m
[31m   → useSubmit must be used within a data router.  See https://reactrouter.com/en/main/routers/picking-a-router.[39m
 [32m✓[39m [30m[42m unit [49m[39m app/components/Molecules/AboutDropdown/AboutDropdown.test.tsx[2m > [22mAboutDropdown[2m > [22mRendering[2m > [22mrenders the dropdown button with correct text[32m 185[2mms[22m[39m
 [32m✓[39m [30m[42m unit [49m[39m app/components/Molecules/AboutDropdown/AboutDropdown.test.tsx[2m > [22mAboutDropdown[2m > [22mRendering[2m > [22mrenders with desktop variant by default[32m 44[2mms[22m[39m
 [32m✓[39m [30m[42m unit [49m[39m app/components/Molecules/AboutDropdown/AboutDropdown.test.tsx[2m > [22mAboutDropdown[2m > [22mRendering[2m > [22mrenders with mobile variant when specified[32m 21[2mms[22m[39m
 [32m✓[39m [30m[42m unit [49m[39m app/components/Molecules/AboutDropdown/AboutDropdown.test.tsx[2m > [22mAboutDropdown[2m > [22mRendering[2m > [22mapplies custom className[32m 15[2mms[22m[39m
 [32m✓[39m [30m[42m unit [49m[39m app/components/Organisms/AlphabeticalNav/AlphabeticalNav.test.tsx[2m > [22mAlphabeticalNav[2m > [22mLayout[2m > [22mpositions letter spans correctly[32m 58[2mms[22m[39m
 [32m✓[39m [30m[42m unit [49m[39m app/components/Organisms/AlphabeticalNav/AlphabeticalNav.test.tsx[2m > [22mAlphabeticalNav[2m > [22mLayout[2m > [22mapplies padding to buttons[32m 63[2mms[22m[39m
 [31m×[39m [30m[42m unit [49m[39m app/components/Molecules/ChangePasswordForm/ChangePasswordForm.test.tsx[2m > [22mChangePasswordForm[2m > [22mPassword Field Interaction[2m > [22mallows typing in new password field[32m 16[2mms[22m[39m
[31m   → useSubmit must be used within a data router.  See https://reactrouter.com/en/main/routers/picking-a-router.[39m
 [31m×[39m [30m[42m unit [49m[39m app/components/Molecules/ChangePasswordForm/ChangePasswordForm.test.tsx[2m > [22mChangePasswordForm[2m > [22mPassword Field Interaction[2m > [22mallows typing in confirm password field[32m 17[2mms[22m[39m
[31m   → useSubmit must be used within a data router.  See https://reactrouter.com/en/main/routers/picking-a-router.[39m
 [31m×[39m [30m[42m unit [49m[39m app/components/Molecules/ChangePasswordForm/ChangePasswordForm.test.tsx[2m > [22mChangePasswordForm[2m > [22mPassword Field Interaction[2m > [22mhas all password fields as required[32m 13[2mms[22m[39m
[31m   → useSubmit must be used within a data router.  See https://reactrouter.com/en/main/routers/picking-a-router.[39m
 [31m×[39m [30m[42m unit [49m[39m app/components/Molecules/ChangePasswordForm/ChangePasswordForm.test.tsx[2m > [22mChangePasswordForm[2m > [22mPassword Visibility Toggle[2m > [22mtoggles current password visibility[32m 12[2mms[22m[39m
[31m   → useSubmit must be used within a data router.  See https://reactrouter.com/en/main/routers/picking-a-router.[39m
 [31m×[39m [30m[42m unit [49m[39m app/components/Molecules/ChangePasswordForm/ChangePasswordForm.test.tsx[2m > [22mChangePasswordForm[2m > [22mPassword Visibility Toggle[2m > [22mtoggles new password visibility[32m 10[2mms[22m[39m
[31m   → useSubmit must be used within a data router.  See https://reactrouter.com/en/main/routers/picking-a-router.[39m
 [31m×[39m [30m[42m unit [49m[39m app/components/Molecules/ChangePasswordForm/ChangePasswordForm.test.tsx[2m > [22mChangePasswordForm[2m > [22mPassword Visibility Toggle[2m > [22mtoggles confirm password visibility[32m 10[2mms[22m[39m
[31m   → useSubmit must be used within a data router.  See https://reactrouter.com/en/main/routers/picking-a-router.[39m
 [31m×[39m [30m[42m unit [49m[39m app/components/Molecules/ChangePasswordForm/ChangePasswordForm.test.tsx[2m > [22mChangePasswordForm[2m > [22mPassword Visibility Toggle[2m > [22mdisplays eye icon when password is hidden[32m 8[2mms[22m[39m
[31m   → useSubmit must be used within a data router.  See https://reactrouter.com/en/main/routers/picking-a-router.[39m
 [31m×[39m [30m[42m unit [49m[39m app/components/Molecules/ChangePasswordForm/ChangePasswordForm.test.tsx[2m > [22mChangePasswordForm[2m > [22mPassword Strength Indicator[2m > [22mshows password strength indicator when typing new password[32m 11[2mms[22m[39m
[31m   → useSubmit must be used within a data router.  See https://reactrouter.com/en/main/routers/picking-a-router.[39m
 [31m×[39m [30m[42m unit [49m[39m app/components/Molecules/ChangePasswordForm/ChangePasswordForm.test.tsx[2m > [22mChangePasswordForm[2m > [22mPassword Strength Indicator[2m > [22mdoes not show password strength indicator when new password is empty[32m 12[2mms[22m[39m
[31m   → useSubmit must be used within a data router.  See https://reactrouter.com/en/main/routers/picking-a-router.[39m
 [32m✓[39m [30m[42m unit [49m[39m app/components/Molecules/AboutDropdown/AboutDropdown.test.tsx[2m > [22mAboutDropdown[2m > [22mRendering[2m > [22mhas correct ARIA attributes when closed[32m 28[2mms[22m[39m
 [31m×[39m [30m[42m unit [49m[39m app/components/Molecules/ChangePasswordForm/ChangePasswordForm.test.tsx[2m > [22mChangePasswordForm[2m > [22mPassword Strength Indicator[2m > [22mupdates password strength as user types[32m 10[2mms[22m[39m
[31m   → useSubmit must be used within a data router.  See https://reactrouter.com/en/main/routers/picking-a-router.[39m
 [31m×[39m [30m[42m unit [49m[39m app/components/Molecules/ChangePasswordForm/ChangePasswordForm.test.tsx[2m > [22mChangePasswordForm[2m > [22mPassword Match Validation[2m > [22mshows success message when passwords match[32m 12[2mms[22m[39m
[31m   → useSubmit must be used within a data router.  See https://reactrouter.com/en/main/routers/picking-a-router.[39m
 [31m×[39m [30m[42m unit [49m[39m app/components/Molecules/ChangePasswordForm/ChangePasswordForm.test.tsx[2m > [22mChangePasswordForm[2m > [22mPassword Match Validation[2m > [22mshows error message when passwords do not match[32m 16[2mms[22m[39m
[31m   → useSubmit must be used within a data router.  See https://reactrouter.com/en/main/routers/picking-a-router.[39m
 [31m×[39m [30m[42m unit [49m[39m app/components/Molecules/ChangePasswordForm/ChangePasswordForm.test.tsx[2m > [22mChangePasswordForm[2m > [22mPassword Match Validation[2m > [22mapplies error styling when passwords do not match[32m 11[2mms[22m[39m
[31m   → useSubmit must be used within a data router.  See https://reactrouter.com/en/main/routers/picking-a-router.[39m
 [31m×[39m [30m[42m unit [49m[39m app/components/Molecules/ChangePasswordForm/ChangePasswordForm.test.tsx[2m > [22mChangePasswordForm[2m > [22mPassword Match Validation[2m > [22mapplies normal styling when passwords match[32m 9[2mms[22m[39m
[31m   → useSubmit must be used within a data router.  See https://reactrouter.com/en/main/routers/picking-a-router.[39m
 [31m×[39m [30m[42m unit [49m[39m app/components/Molecules/ChangePasswordForm/ChangePasswordForm.test.tsx[2m > [22mChangePasswordForm[2m > [22mForm Validation[2m > [22mdisables submit button when form is empty[32m 12[2mms[22m[39m
[31m   → useSubmit must be used within a data router.  See https://reactrouter.com/en/main/routers/picking-a-router.[39m
 [31m×[39m [30m[42m unit [49m[39m app/components/Molecules/ChangePasswordForm/ChangePasswordForm.test.tsx[2m > [22mChangePasswordForm[2m > [22mForm Validation[2m > [22mdisables submit button when current password is missing[32m 16[2mms[22m[39m
[31m   → useSubmit must be used within a data router.  See https://reactrouter.com/en/main/routers/picking-a-router.[39m
 [31m×[39m [30m[42m unit [49m[39m app/components/Molecules/ChangePasswordForm/ChangePasswordForm.test.tsx[2m > [22mChangePasswordForm[2m > [22mForm Validation[2m > [22mdisables submit button when passwords do not match[32m 10[2mms[22m[39m
[31m   → useSubmit must be used within a data router.  See https://reactrouter.com/en/main/routers/picking-a-router.[39m
 [31m×[39m [30m[42m unit [49m[39m app/components/Molecules/ChangePasswordForm/ChangePasswordForm.test.tsx[2m > [22mChangePasswordForm[2m > [22mForm Validation[2m > [22menables submit button when form is valid[32m 9[2mms[22m[39m
[31m   → useSubmit must be used within a data router.  See https://reactrouter.com/en/main/routers/picking-a-router.[39m
 [32m✓[39m [30m[42m unit [49m[39m app/components/Organisms/AlphabeticalNav/AlphabeticalNav.test.tsx[2m > [22mAlphabeticalNav[2m > [22mLayout[2m > [22mapplies rounded corners to buttons[32m 46[2mms[22m[39m
 [32m✓[39m [30m[42m unit [49m[39m app/components/Organisms/AlphabeticalNav/AlphabeticalNav.test.tsx[2m > [22mAlphabeticalNav[2m > [22mLayout[2m > [22mapplies font-medium to buttons[32m 64[2mms[22m[39m
 [31m×[39m [30m[42m unit [49m[39m app/components/Molecules/ChangePasswordForm/ChangePasswordForm.test.tsx[2m > [22mChangePasswordForm[2m > [22mForm Validation[2m > [22mdisables submit button when isSubmitting is true[32m 11[2mms[22m[39m
[31m   → useSubmit must be used within a data router.  See https://reactrouter.com/en/main/routers/picking-a-router.[39m
 [31m×[39m [30m[42m unit [49m[39m app/components/Molecules/ChangePasswordForm/ChangePasswordForm.test.tsx[2m > [22mChangePasswordForm[2m > [22mClear Button[2m > [22mclears all fields when clear button is clicked[32m 10[2mms[22m[39m
[31m   → useSubmit must be used within a data router.  See https://reactrouter.com/en/main/routers/picking-a-router.[39m
 [31m×[39m [30m[42m unit [49m[39m app/components/Molecules/ChangePasswordForm/ChangePasswordForm.test.tsx[2m > [22mChangePasswordForm[2m > [22mClear Button[2m > [22mhides password strength indicator after clearing[32m 13[2mms[22m[39m
[31m   → useSubmit must be used within a data router.  See https://reactrouter.com/en/main/routers/picking-a-router.[39m
 [31m×[39m [30m[42m unit [49m[39m app/components/Molecules/ChangePasswordForm/ChangePasswordForm.test.tsx[2m > [22mChangePasswordForm[2m > [22mClear Button[2m > [22mhides password match indicator after clearing[32m 10[2mms[22m[39m
[31m   → useSubmit must be used within a data router.  See https://reactrouter.com/en/main/routers/picking-a-router.[39m
 [31m×[39m [30m[42m unit [49m[39m app/components/Molecules/ChangePasswordForm/ChangePasswordForm.test.tsx[2m > [22mChangePasswordForm[2m > [22mError Display[2m > [22mdisplays error message when actionData contains error[32m 12[2mms[22m[39m
[31m   → useSubmit must be used within a data router.  See https://reactrouter.com/en/main/routers/picking-a-router.[39m
 [31m×[39m [30m[42m unit [49m[39m app/components/Molecules/ChangePasswordForm/ChangePasswordForm.test.tsx[2m > [22mChangePasswordForm[2m > [22mError Display[2m > [22mapplies error styling to error message[32m 8[2mms[22m[39m
[31m   → useSubmit must be used within a data router.  See https://reactrouter.com/en/main/routers/picking-a-router.[39m
 [31m×[39m [30m[42m unit [49m[39m app/components/Molecules/ChangePasswordForm/ChangePasswordForm.test.tsx[2m > [22mChangePasswordForm[2m > [22mError Display[2m > [22mdoes not display error when actionData has no error[32m 9[2mms[22m[39m
[31m   → useSubmit must be used within a data router.  See https://reactrouter.com/en/main/routers/picking-a-router.[39m
 [31m×[39m [30m[42m unit [49m[39m app/components/Molecules/ChangePasswordForm/ChangePasswordForm.test.tsx[2m > [22mChangePasswordForm[2m > [22mSuccess Display[2m > [22mdisplays success message when actionData contains success[32m 9[2mms[22m[39m
[31m   → useSubmit must be used within a data router.  See https://reactrouter.com/en/main/routers/picking-a-router.[39m
 [31m×[39m [30m[42m unit [49m[39m app/components/Molecules/ChangePasswordForm/ChangePasswordForm.test.tsx[2m > [22mChangePasswordForm[2m > [22mSuccess Display[2m > [22mapplies success styling to success message[32m 11[2mms[22m[39m
[31m   → useSubmit must be used within a data router.  See https://reactrouter.com/en/main/routers/picking-a-router.[39m
 [32m✓[39m [30m[42m unit [49m[39m app/components/Organisms/AlphabeticalNav/AlphabeticalNav.test.tsx[2m > [22mAlphabeticalNav[2m > [22mAccessibility[2m > [22mall buttons are keyboard accessible[32m 114[2mms[22m[39m
 [31m×[39m [30m[42m unit [49m[39m app/components/Molecules/ChangePasswordForm/ChangePasswordForm.test.tsx[2m > [22mChangePasswordForm[2m > [22mSuccess Display[2m > [22mdoes not display success when actionData has no success[32m 49[2mms[22m[39m
[31m   → useSubmit must be used within a data router.  See https://reactrouter.com/en/main/routers/picking-a-router.[39m
 [31m×[39m [30m[42m unit [49m[39m app/components/Molecules/ChangePasswordForm/ChangePasswordForm.test.tsx[2m > [22mChangePasswordForm[2m > [22mSubmit Button States[2m > [22mshows default text when not submitting[32m 11[2mms[22m[39m
[31m   → useSubmit must be used within a data router.  See https://reactrouter.com/en/main/routers/picking-a-router.[39m
 [31m×[39m [30m[42m unit [49m[39m app/components/Molecules/ChangePasswordForm/ChangePasswordForm.test.tsx[2m > [22mChangePasswordForm[2m > [22mSubmit Button States[2m > [22mshows loading text when submitting[32m 11[2mms[22m[39m
[31m   → useSubmit must be used within a data router.  See https://reactrouter.com/en/main/routers/picking-a-router.[39m
 [31m×[39m [30m[42m unit [49m[39m app/components/Molecules/ChangePasswordForm/ChangePasswordForm.test.tsx[2m > [22mChangePasswordForm[2m > [22mSubmit Button States[2m > [22mdisables submit button during submission[32m 11[2mms[22m[39m
[31m   → useSubmit must be used within a data router.  See https://reactrouter.com/en/main/routers/picking-a-router.[39m
 [31m×[39m [30m[42m unit [49m[39m app/components/Molecules/ChangePasswordForm/ChangePasswordForm.test.tsx[2m > [22mChangePasswordForm[2m > [22mForm Submission[2m > [22mhas correct form method[32m 14[2mms[22m[39m
[31m   → useSubmit must be used within a data router.  See https://reactrouter.com/en/main/routers/picking-a-router.[39m
 [31m×[39m [30m[42m unit [49m[39m app/components/Molecules/ChangePasswordForm/ChangePasswordForm.test.tsx[2m > [22mChangePasswordForm[2m > [22mForm Submission[2m > [22msubmits form with all field values[32m 9[2mms[22m[39m
[31m   → useSubmit must be used within a data router.  See https://reactrouter.com/en/main/routers/picking-a-router.[39m
 [31m×[39m [30m[42m unit [49m[39m app/components/Molecules/ChangePasswordForm/ChangePasswordForm.test.tsx[2m > [22mChangePasswordForm[2m > [22mInput Names[2m > [22mhas correct name attributes for form submission[32m 9[2mms[22m[39m
[31m   → useSubmit must be used within a data router.  See https://reactrouter.com/en/main/routers/picking-a-router.[39m
 [31m×[39m [30m[42m unit [49m[39m app/components/Molecules/ChangePasswordForm/ChangePasswordForm.test.tsx[2m > [22mChangePasswordForm[2m > [22mPlaceholders[2m > [22mhas helpful placeholders for all fields[32m 8[2mms[22m[39m
[31m   → useSubmit must be used within a data router.  See https://reactrouter.com/en/main/routers/picking-a-router.[39m
 [31m×[39m [30m[42m unit [49m[39m app/components/Molecules/ChangePasswordForm/ChangePasswordForm.test.tsx[2m > [22mChangePasswordForm[2m > [22mAccessibility[2m > [22mhas proper label associations[32m 10[2mms[22m[39m
[31m   → useSubmit must be used within a data router.  See https://reactrouter.com/en/main/routers/picking-a-router.[39m
 [31m×[39m [30m[42m unit [49m[39m app/components/Molecules/ChangePasswordForm/ChangePasswordForm.test.tsx[2m > [22mChangePasswordForm[2m > [22mAccessibility[2m > [22mhas semantic button types[32m 11[2mms[22m[39m
[31m   → useSubmit must be used within a data router.  See https://reactrouter.com/en/main/routers/picking-a-router.[39m
 [32m✓[39m [30m[42m unit [49m[39m app/components/Organisms/AlphabeticalNav/AlphabeticalNav.test.tsx[2m > [22mAlphabeticalNav[2m > [22mAccessibility[2m > [22mbuttons have proper role[32m 111[2mms[22m[39m
 [32m✓[39m [30m[42m unit [49m[39m app/components/Organisms/AlphabeticalNav/AlphabeticalNav.test.tsx[2m > [22mAlphabeticalNav[2m > [22mAccessibility[2m > [22mprovides clear button labels[32m 65[2mms[22m[39m
[90mstdout[2m | app/components/Molecules/MobileNavigation/MobileNavigation.test.tsx
[22m[39mInitializing Prisma with database URL: postgresql://test:test@localhost:5432/test_db
Environment: test | Localhost detected: [33mtrue[39m

[90mstdout[2m | app/components/Molecules/MobileBottomNavigation/MobileBottomNavigation.test.tsx
[22m[39mInitializing Prisma with database URL: postgresql://test:test@localhost:5432/test_db
Environment: test | Localhost detected: [33mtrue[39m

 [31m×[39m [30m[42m unit [49m[39m app/components/Molecules/ChangePasswordForm/ChangePasswordForm.test.tsx[2m > [22mChangePasswordForm[2m > [22mAccessibility[2m > [22mprovides visual feedback for password match[32m 11[2mms[22m[39m
[31m   → useSubmit must be used within a data router.  See https://reactrouter.com/en/main/routers/picking-a-router.[39m
 [31m×[39m [30m[42m unit [49m[39m app/components/Molecules/ChangePasswordForm/ChangePasswordForm.test.tsx[2m > [22mChangePasswordForm[2m > [22mStyling[2m > [22mapplies correct spacing classes[32m 10[2mms[22m[39m
[31m   → useSubmit must be used within a data router.  See https://reactrouter.com/en/main/routers/picking-a-router.[39m
 [31m×[39m [30m[42m unit [49m[39m app/components/Molecules/ChangePasswordForm/ChangePasswordForm.test.tsx[2m > [22mChangePasswordForm[2m > [22mStyling[2m > [22mapplies focus styles to inputs[32m 8[2mms[22m[39m
[31m   → useSubmit must be used within a data router.  See https://reactrouter.com/en/main/routers/picking-a-router.[39m
 [31m×[39m [30m[42m unit [49m[39m app/components/Molecules/ChangePasswordForm/ChangePasswordForm.test.tsx[2m > [22mChangePasswordForm[2m > [22mStyling[2m > [22mapplies correct button styling[32m 13[2mms[22m[39m
[31m   → useSubmit must be used within a data router.  See https://reactrouter.com/en/main/routers/picking-a-router.[39m
 [31m×[39m [30m[42m unit [49m[39m app/components/Molecules/ChangePasswordForm/ChangePasswordForm.test.tsx[2m > [22mChangePasswordForm[2m > [22mEdge Cases[2m > [22mhandles very long passwords[32m 9[2mms[22m[39m
[31m   → useSubmit must be used within a data router.  See https://reactrouter.com/en/main/routers/picking-a-router.[39m
 [31m×[39m [30m[42m unit [49m[39m app/components/Molecules/ChangePasswordForm/ChangePasswordForm.test.tsx[2m > [22mChangePasswordForm[2m > [22mEdge Cases[2m > [22mhandles special characters in passwords[32m 12[2mms[22m[39m
[31m   → useSubmit must be used within a data router.  See https://reactrouter.com/en/main/routers/picking-a-router.[39m
 [31m×[39m [30m[42m unit [49m[39m app/components/Molecules/ChangePasswordForm/ChangePasswordForm.test.tsx[2m > [22mChangePasswordForm[2m > [22mEdge Cases[2m > [22mhandles rapid typing and clearing[32m 12[2mms[22m[39m
[31m   → useSubmit must be used within a data router.  See https://reactrouter.com/en/main/routers/picking-a-router.[39m
 [31m×[39m [30m[42m unit [49m[39m app/components/Molecules/ChangePasswordForm/ChangePasswordForm.test.tsx[2m > [22mChangePasswordForm[2m > [22mEdge Cases[2m > [22mhandles missing actionData prop[32m 82[2mms[22m[39m
[31m   → expected [Function] to not throw an error but 'Error: useSubmit must be used within …' was thrown[39m
 [31m×[39m [30m[42m unit [49m[39m app/components/Molecules/ChangePasswordForm/ChangePasswordForm.test.tsx[2m > [22mChangePasswordForm[2m > [22mEdge Cases[2m > [22mhandles undefined isSubmitting prop[32m 13[2mms[22m[39m
[31m   → useSubmit must be used within a data router.  See https://reactrouter.com/en/main/routers/picking-a-router.[39m
 [31m×[39m [30m[42m unit [49m[39m app/components/Molecules/ChangePasswordForm/ChangePasswordForm.test.tsx[2m > [22mChangePasswordForm[2m > [22mIntegration[2m > [22mintegrates password strength indicator with new password field[32m 10[2mms[22m[39m
[31m   → useSubmit must be used within a data router.  See https://reactrouter.com/en/main/routers/picking-a-router.[39m
 [31m×[39m [30m[42m unit [49m[39m app/components/Molecules/ChangePasswordForm/ChangePasswordForm.test.tsx[2m > [22mChangePasswordForm[2m > [22mIntegration[2m > [22mcoordinates all form elements correctly[32m 14[2mms[22m[39m
[31m   → useSubmit must be used within a data router.  See https://reactrouter.com/en/main/routers/picking-a-router.[39m
 [32m✓[39m [30m[42m unit [49m[39m app/components/Organisms/AlphabeticalNav/AlphabeticalNav.test.tsx[2m > [22mAlphabeticalNav[2m > [22mAccessibility[2m > [22mvisually indicates selected state[32m 58[2mms[22m[39m
 [32m✓[39m [30m[42m unit [49m[39m app/components/Organisms/AlphabeticalNav/AlphabeticalNav.test.tsx[2m > [22mAlphabeticalNav[2m > [22mEdge Cases[2m > [22mhandles selectedLetter being undefined[32m 68[2mms[22m[39m
 [32m✓[39m [30m[42m unit [49m[39m app/components/Organisms/AlphabeticalNav/AlphabeticalNav.test.tsx[2m > [22mAlphabeticalNav[2m > [22mEdge Cases[2m > [22mhandles invalid selectedLetter gracefully[32m 73[2mms[22m[39m
 [31m×[39m [30m[42m unit [49m[39m app/components/Organisms/AlphabeticalNav/AlphabeticalNav.test.tsx[2m > [22mAlphabeticalNav[2m > [22mEdge Cases[2m > [22mcalls onLetterSelect even if callback would throw[32m 91[2mms[22m[39m
[31m   → expected [Function] to throw an error[39m
 [32m✓[39m [30m[42m unit [49m[39m app/components/Organisms/AlphabeticalNav/AlphabeticalNav.test.tsx[2m > [22mAlphabeticalNav[2m > [22mEdge Cases[2m > [22mrenders correctly with empty className[32m 22[2mms[22m[39m
 [32m✓[39m [30m[42m unit [49m[39m app/components/Organisms/AlphabeticalNav/AlphabeticalNav.test.tsx[2m > [22mAlphabeticalNav[2m > [22mLetter Selection Scenarios[2m > [22mcan select first letter[32m 73[2mms[22m[39m
 [32m✓[39m [30m[42m unit [49m[39m app/components/Organisms/AlphabeticalNav/AlphabeticalNav.test.tsx[2m > [22mAlphabeticalNav[2m > [22mLetter Selection Scenarios[2m > [22mcan select last letter[32m 43[2mms[22m[39m
 [32m✓[39m [30m[42m unit [49m[39m app/components/Organisms/AlphabeticalNav/AlphabeticalNav.test.tsx[2m > [22mAlphabeticalNav[2m > [22mLetter Selection Scenarios[2m > [22mcan select middle letter[32m 52[2mms[22m[39m
 [32m✓[39m [30m[42m unit [49m[39m app/components/Organisms/AlphabeticalNav/AlphabeticalNav.test.tsx[2m > [22mAlphabeticalNav[2m > [22mLetter Selection Scenarios[2m > [22mcan deselect by clicking All[32m 44[2mms[22m[39m
 [32m✓[39m [30m[42m unit [49m[39m app/components/Organisms/AlphabeticalNav/AlphabeticalNav.test.tsx[2m > [22mAlphabeticalNav[2m > [22mVisual States[2m > [22mdifferentiates selected and unselected states[32m 41[2mms[22m[39m
 [32m✓[39m [30m[42m unit [49m[39m app/components/Organisms/AlphabeticalNav/AlphabeticalNav.test.tsx[2m > [22mAlphabeticalNav[2m > [22mVisual States[2m > [22mshows hover state on unselected buttons[32m 37[2mms[22m[39m
 [32m✓[39m [30m[42m unit [49m[39m app/components/Organisms/AlphabeticalNav/AlphabeticalNav.test.tsx[2m > [22mAlphabeticalNav[2m > [22mVisual States[2m > [22mapplies relative positioning to buttons[32m 31[2mms[22m[39m
 [32m✓[39m [30m[42m unit [49m[39m app/components/Organisms/AlphabeticalNav/AlphabeticalNav.test.tsx[2m > [22mAlphabeticalNav[2m > [22mIntegration with getAlphabetLetters[2m > [22mrenders letters from getAlphabetLetters utility[32m 32[2mms[22m[39m
 [32m✓[39m [30m[42m unit [49m[39m app/components/Organisms/AlphabeticalNav/AlphabeticalNav.test.tsx[2m > [22mAlphabeticalNav[2m > [22mIntegration with getAlphabetLetters[2m > [22mmaintains letter order from utility[32m 35[2mms[22m[39m
 [32m✓[39m [30m[42m unit [49m[39m app/components/Organisms/AlphabeticalNav/AlphabeticalNav.test.tsx[2m > [22mAlphabeticalNav[2m > [22mComponent Reusability[2m > [22mworks with different selectedLetter props[32m 52[2mms[22m[39m
 [32m✓[39m [30m[42m unit [49m[39m app/components/Organisms/AlphabeticalNav/AlphabeticalNav.test.tsx[2m > [22mAlphabeticalNav[2m > [22mComponent Reusability[2m > [22mworks with different onLetterSelect callbacks[32m 42[2mms[22m[39m
 [32m✓[39m [30m[42m unit [49m[39m app/components/Containers/PerformanceMonitor/PerformanceMonitor.test.tsx[2m > [22mPerformanceMonitor (Container)[2m > [22mRendering[2m > [22mshould render without crashing[32m 53[2mms[22m[39m
 [32m✓[39m [30m[42m unit [49m[39m app/components/Containers/PerformanceMonitor/PerformanceMonitor.test.tsx[2m > [22mPerformanceMonitor (Container)[2m > [22mRendering[2m > [22mshould return null (no visual output)[32m 8[2mms[22m[39m
 [32m✓[39m [30m[42m unit [49m[39m app/components/Containers/PerformanceMonitor/PerformanceMonitor.test.tsx[2m > [22mPerformanceMonitor (Container)[2m > [22mDevelopment Mode Behavior[2m > [22mshould not set up observers in development mode[32m 11[2mms[22m[39m
 [32m✓[39m [30m[42m unit [49m[39m app/components/Containers/PerformanceMonitor/PerformanceMonitor.test.tsx[2m > [22mPerformanceMonitor (Container)[2m > [22mDevelopment Mode Behavior[2m > [22mshould set up observers in production mode[32m 12[2mms[22m[39m
 [32m✓[39m [30m[42m unit [49m[39m app/components/Atoms/VirtualScroll/VirtualScroll.test.tsx[2m > [22mVirtualScroll[2m > [22mrenders visible items only[32m 279[2mms[22m[39m
 [32m✓[39m [30m[42m unit [49m[39m app/components/Atoms/VirtualScroll/VirtualScroll.test.tsx[2m > [22mVirtualScroll[2m > [22mhandles scroll events[32m 62[2mms[22m[39m
 [32m✓[39m [30m[42m unit [49m[39m app/components/Containers/PerformanceMonitor/PerformanceMonitor.test.tsx[2m > [22mPerformanceMonitor (Container)[2m > [22mCore Web Vitals - LCP (Largest Contentful Paint)[2m > [22mshould observe LCP metric[32m 17[2mms[22m[39m
 [32m✓[39m [30m[42m unit [49m[39m app/components/Containers/PerformanceMonitor/PerformanceMonitor.test.tsx[2m > [22mPerformanceMonitor (Container)[2m > [22mCore Web Vitals - LCP (Largest Contentful Paint)[2m > [22mshould log LCP value to console[32m 10[2mms[22m[39m
 [32m✓[39m [30m[42m unit [49m[39m app/components/Containers/PerformanceMonitor/PerformanceMonitor.test.tsx[2m > [22mPerformanceMonitor (Container)[2m > [22mCore Web Vitals - LCP (Largest Contentful Paint)[2m > [22mshould send LCP to analytics[32m 9[2mms[22m[39m
 [32m✓[39m [30m[42m unit [49m[39m app/components/Containers/PerformanceMonitor/PerformanceMonitor.test.tsx[2m > [22mPerformanceMonitor (Container)[2m > [22mCore Web Vitals - LCP (Largest Contentful Paint)[2m > [22mshould handle empty LCP entries[32m 17[2mms[22m[39m
 [32m✓[39m [30m[42m unit [49m[39m app/components/Containers/PerformanceMonitor/PerformanceMonitor.test.tsx[2m > [22mPerformanceMonitor (Container)[2m > [22mCore Web Vitals - FID (First Input Delay)[2m > [22mshould observe FID metric[32m 13[2mms[22m[39m
 [32m✓[39m [30m[42m unit [49m[39m app/components/Containers/PerformanceMonitor/PerformanceMonitor.test.tsx[2m > [22mPerformanceMonitor (Container)[2m > [22mCore Web Vitals - FID (First Input Delay)[2m > [22mshould log FID value to console[32m 9[2mms[22m[39m
 [32m✓[39m [30m[42m unit [49m[39m app/components/Containers/PerformanceMonitor/PerformanceMonitor.test.tsx[2m > [22mPerformanceMonitor (Container)[2m > [22mCore Web Vitals - FID (First Input Delay)[2m > [22mshould send FID to analytics[32m 8[2mms[22m[39m
 [32m✓[39m [30m[42m unit [49m[39m app/components/Containers/PerformanceMonitor/PerformanceMonitor.test.tsx[2m > [22mPerformanceMonitor (Container)[2m > [22mCore Web Vitals - CLS (Cumulative Layout Shift)[2m > [22mshould observe CLS metric[32m 15[2mms[22m[39m
 [32m✓[39m [30m[42m unit [49m[39m app/components/Containers/PerformanceMonitor/PerformanceMonitor.test.tsx[2m > [22mPerformanceMonitor (Container)[2m > [22mCore Web Vitals - CLS (Cumulative Layout Shift)[2m > [22mshould accumulate CLS values[32m 7[2mms[22m[39m
 [32m✓[39m [30m[42m unit [49m[39m app/components/Atoms/VirtualScroll/VirtualScroll.test.tsx[2m > [22mVirtualScroll[2m > [22mscrolls to specific index[32m 137[2mms[22m[39m
 [32m✓[39m [30m[42m unit [49m[39m app/components/Atoms/VirtualScroll/VirtualScroll.test.tsx[2m > [22mVirtualScroll[2m > [22mapplies custom className[32m 36[2mms[22m[39m
 [32m✓[39m [30m[42m unit [49m[39m app/components/Atoms/VirtualScroll/VirtualScroll.test.tsx[2m > [22mVirtualScroll[2m > [22mhandles empty items array[32m 10[2mms[22m[39m
 [31m×[39m [30m[42m unit [49m[39m app/components/Atoms/VirtualScroll/VirtualScroll.test.tsx[2m > [22mVirtualScroll[2m > [22mcalculates correct total height[32m 61[2mms[22m[39m
[31m   → expected '200px' to be '5000px' // Object.is equality[39m
 [32m✓[39m [30m[42m unit [49m[39m app/components/Containers/PerformanceMonitor/PerformanceMonitor.test.tsx[2m > [22mPerformanceMonitor (Container)[2m > [22mCore Web Vitals - CLS (Cumulative Layout Shift)[2m > [22mshould ignore layout shifts with recent input[32m 9[2mms[22m[39m
 [32m✓[39m [30m[42m unit [49m[39m app/components/Containers/PerformanceMonitor/PerformanceMonitor.test.tsx[2m > [22mPerformanceMonitor (Container)[2m > [22mCore Web Vitals - CLS (Cumulative Layout Shift)[2m > [22mshould send CLS to analytics[32m 7[2mms[22m[39m
 [32m✓[39m [30m[42m unit [49m[39m app/components/Containers/PerformanceMonitor/PerformanceMonitor.test.tsx[2m > [22mPerformanceMonitor (Container)[2m > [22mCore Web Vitals - FCP (First Contentful Paint)[2m > [22mshould observe FCP metric[32m 8[2mms[22m[39m
 [32m✓[39m [30m[42m unit [49m[39m app/components/Containers/PerformanceMonitor/PerformanceMonitor.test.tsx[2m > [22mPerformanceMonitor (Container)[2m > [22mCore Web Vitals - FCP (First Contentful Paint)[2m > [22mshould log FCP value to console[32m 8[2mms[22m[39m
 [32m✓[39m [30m[42m unit [49m[39m app/components/Containers/PerformanceMonitor/PerformanceMonitor.test.tsx[2m > [22mPerformanceMonitor (Container)[2m > [22mCore Web Vitals - FCP (First Contentful Paint)[2m > [22mshould send FCP to analytics[32m 10[2mms[22m[39m
 [32m✓[39m [30m[42m unit [49m[39m app/components/Containers/PerformanceMonitor/PerformanceMonitor.test.tsx[2m > [22mPerformanceMonitor (Container)[2m > [22mCore Web Vitals - TTI (Time to Interactive)[2m > [22mshould observe TTI using longtask[32m 9[2mms[22m[39m
 [32m✓[39m [30m[42m unit [49m[39m app/components/Containers/PerformanceMonitor/PerformanceMonitor.test.tsx[2m > [22mPerformanceMonitor (Container)[2m > [22mCore Web Vitals - TTI (Time to Interactive)[2m > [22mshould log TTI value to console[32m 8[2mms[22m[39m
 [32m✓[39m [30m[42m unit [49m[39m app/components/Containers/PerformanceMonitor/PerformanceMonitor.test.tsx[2m > [22mPerformanceMonitor (Container)[2m > [22mCore Web Vitals - TTI (Time to Interactive)[2m > [22mshould send TTI to analytics[32m 7[2mms[22m[39m
 [32m✓[39m [30m[42m unit [49m[39m app/components/Organisms/PerformanceDashboard/PerformanceDashboard.test.tsx[2m > [22mPerformanceDashboard (Organism)[2m > [22mCore Web Vitals Display[2m > [22mshould display Cumulative Layout Shift[32m 56[2mms[22m[39m
 [31m×[39m [30m[42m unit [49m[39m app/components/Containers/PerformanceMonitor/PerformanceMonitor.test.tsx[2m > [22mPerformanceMonitor (Container)[2m > [22mNavigation Performance Metrics[2m > [22mshould collect navigation metrics on page load[32m 43[2mms[22m[39m
[31m   → Timers are not mocked. Try calling "vi.useFakeTimers()" first.[39m
 [31m×[39m [30m[42m unit [49m[39m app/components/Containers/PerformanceMonitor/PerformanceMonitor.test.tsx[2m > [22mPerformanceMonitor (Container)[2m > [22mNavigation Performance Metrics[2m > [22mshould log performance metrics[32m 8[2mms[22m[39m
[31m   → Timers are not mocked. Try calling "vi.useFakeTimers()" first.[39m
 [31m×[39m [30m[42m unit [49m[39m app/components/Containers/PerformanceMonitor/PerformanceMonitor.test.tsx[2m > [22mPerformanceMonitor (Container)[2m > [22mNavigation Performance Metrics[2m > [22mshould send navigation metrics to analytics[32m 10[2mms[22m[39m
[31m   → Timers are not mocked. Try calling "vi.useFakeTimers()" first.[39m
 [32m✓[39m [30m[42m unit [49m[39m app/components/Containers/PerformanceMonitor/PerformanceMonitor.test.tsx[2m > [22mPerformanceMonitor (Container)[2m > [22mAnalytics Integration[2m > [22mshould work without gtag[32m 15[2mms[22m[39m
 [32m✓[39m [30m[42m unit [49m[39m app/components/Containers/PerformanceMonitor/PerformanceMonitor.test.tsx[2m > [22mPerformanceMonitor (Container)[2m > [22mAnalytics Integration[2m > [22mshould round metric values before sending[32m 8[2mms[22m[39m
 [32m✓[39m [30m[42m unit [49m[39m app/components/Containers/PerformanceMonitor/PerformanceMonitor.test.tsx[2m > [22mPerformanceMonitor (Container)[2m > [22mCleanup[2m > [22mshould disconnect all observers on unmount[32m 11[2mms[22m[39m
 [32m✓[39m [30m[42m unit [49m[39m app/components/Containers/PerformanceMonitor/PerformanceMonitor.test.tsx[2m > [22mPerformanceMonitor (Container)[2m > [22mBrowser Compatibility[2m > [22mshould handle missing PerformanceObserver[32m 10[2mms[22m[39m
 [32m✓[39m [30m[42m unit [49m[39m app/components/Containers/PerformanceMonitor/PerformanceMonitor.test.tsx[2m > [22mPerformanceMonitor (Container)[2m > [22mBrowser Compatibility[2m > [22mshould handle missing performance API[32m 20[2mms[22m[39m
 [32m✓[39m [30m[42m unit [49m[39m app/components/Containers/PerformanceMonitor/PerformanceMonitor.test.tsx[2m > [22mPerformanceMonitor (Container)[2m > [22mEdge Cases[2m > [22mshould handle multiple entries in observer callback[32m 16[2mms[22m[39m
 [32m✓[39m [30m[42m unit [49m[39m app/components/Containers/PerformanceMonitor/PerformanceMonitor.test.tsx[2m > [22mPerformanceMonitor (Container)[2m > [22mEdge Cases[2m > [22mshould handle zero values[32m 12[2mms[22m[39m
 [32m✓[39m [30m[42m unit [49m[39m app/components/Containers/PerformanceMonitor/PerformanceMonitor.test.tsx[2m > [22mPerformanceMonitor (Container)[2m > [22mEdge Cases[2m > [22mshould handle negative timing values[32m 9[2mms[22m[39m
 [32m✓[39m [30m[42m unit [49m[39m app/components/Containers/DataQualityDashboard/utils/chartConfig.test.ts[2m > [22mchartConfig[2m > [22mcreateChartConfig[2m > [22mshould create chart configuration object[32m 8[2mms[22m[39m
 [32m✓[39m [30m[42m unit [49m[39m app/components/Containers/DataQualityDashboard/utils/chartConfig.test.ts[2m > [22mchartConfig[2m > [22mcreateChartConfig[2m > [22mshould have plugins configuration[32m 1[2mms[22m[39m
 [32m✓[39m [30m[42m unit [49m[39m app/components/Containers/DataQualityDashboard/utils/chartConfig.test.ts[2m > [22mchartConfig[2m > [22mcreateChartConfig[2m > [22mshould set legend position to top[32m 1[2mms[22m[39m
 [31m×[39m [30m[42m unit [49m[39m app/components/Containers/DataQualityDashboard/utils/chartConfig.test.ts[2m > [22mchartConfig[2m > [22mcreateChartConfig[2m > [22mshould display title[32m 33[2mms[22m[39m
[31m   → expected 'Data Quality Metrics' to be 'Top Brands with Issues' // Object.is equality[39m
 [32m✓[39m [30m[42m unit [49m[39m app/components/Containers/DataQualityDashboard/utils/chartConfig.test.ts[2m > [22mchartConfig[2m > [22mcreateChartConfig[2m > [22mshould return a new object on each call[32m 5[2mms[22m[39m
 [32m✓[39m [30m[42m unit [49m[39m app/components/Molecules/AboutDropdown/AboutDropdown.test.tsx[2m > [22mAboutDropdown[2m > [22mDropdown Interaction[2m > [22mopens dropdown when button is clicked[32m 102[2mms[22m[39m
[90mstdout[2m | app/components/Molecules/AdminNavigation/AdminNavigation.test.tsx
[22m[39mInitializing Prisma with database URL: postgresql://test:test@localhost:5432/test_db
Environment: test | Localhost detected: [33mtrue[39m

 [31m×[39m [30m[42m unit [49m[39m app/components/Organisms/PerformanceDashboard/PerformanceDashboard.test.tsx[2m > [22mPerformanceDashboard (Organism)[2m > [22mPerformance Scoring[2m > [22mshould show excellent score for good LCP[33m 5063[2mms[22m[39m
[31m   → Test timed out in 5000ms.
If this is a long-running test, pass a timeout value as the last argument or configure it globally with "testTimeout".[39m
 [32m✓[39m [30m[42m unit [49m[39m app/components/Atoms/FormField/FormField.test.tsx[2m > [22mFormField[2m > [22mRendering[2m > [22mshould render with label and input[32m 131[2mms[22m[39m
 [32m✓[39m [30m[42m unit [49m[39m app/components/Atoms/FormField/FormField.test.tsx[2m > [22mFormField[2m > [22mRendering[2m > [22mshould render without label[32m 22[2mms[22m[39m
 [32m✓[39m [30m[42m unit [49m[39m app/components/Atoms/FormField/FormField.test.tsx[2m > [22mFormField[2m > [22mRendering[2m > [22mshould render with help text[32m 16[2mms[22m[39m
 [32m✓[39m [30m[42m unit [49m[39m app/components/Atoms/FormField/FormField.test.tsx[2m > [22mFormField[2m > [22mRequired field[2m > [22mshould show required indicator when required is true[32m 6[2mms[22m[39m
 [32m✓[39m [30m[42m unit [49m[39m app/components/Atoms/FormField/FormField.test.tsx[2m > [22mFormField[2m > [22mRequired field[2m > [22mshould not show required indicator when required is false[32m 13[2mms[22m[39m
 [32m✓[39m [30m[42m unit [49m[39m app/components/Atoms/FormField/FormField.test.tsx[2m > [22mFormField[2m > [22mValidation states[2m > [22mshould apply error styling and attributes[32m 17[2mms[22m[39m
 [32m✓[39m [30m[42m unit [49m[39m app/components/Atoms/FormField/FormField.test.tsx[2m > [22mFormField[2m > [22mValidation states[2m > [22mshould apply success styling and attributes[32m 11[2mms[22m[39m
 [32m✓[39m [30m[42m unit [49m[39m app/components/Atoms/FormField/FormField.test.tsx[2m > [22mFormField[2m > [22mValidation states[2m > [22mshould apply warning styling and attributes[32m 6[2mms[22m[39m
 [32m✓[39m [30m[42m unit [49m[39m app/components/Atoms/FormField/FormField.test.tsx[2m > [22mFormField[2m > [22mValidation states[2m > [22mshould apply info styling and attributes[32m 15[2mms[22m[39m
 [32m✓[39m [30m[42m unit [49m[39m app/components/Atoms/FormField/FormField.test.tsx[2m > [22mFormField[2m > [22mValidation states[2m > [22mshould apply default styling when no validation state[32m 33[2mms[22m[39m
 [32m✓[39m [30m[42m unit [49m[39m app/components/Atoms/FormField/FormField.test.tsx[2m > [22mFormField[2m > [22mDisabled state[2m > [22mshould apply disabled styling to input and label[32m 11[2mms[22m[39m
 [32m✓[39m [30m[42m unit [49m[39m app/components/Atoms/FormField/FormField.test.tsx[2m > [22mFormField[2m > [22mValidation icons[2m > [22mshould show error icon when showValidationIcon is true and has error[32m 14[2mms[22m[39m
 [32m✓[39m [30m[42m unit [49m[39m app/components/Atoms/FormField/FormField.test.tsx[2m > [22mFormField[2m > [22mValidation icons[2m > [22mshould show success icon when showValidationIcon is true and has success[32m 18[2mms[22m[39m
 [32m✓[39m [30m[42m unit [49m[39m app/components/Atoms/FormField/FormField.test.tsx[2m > [22mFormField[2m > [22mValidation icons[2m > [22mshould show warning icon when showValidationIcon is true and has warning[32m 13[2mms[22m[39m
 [32m✓[39m [30m[42m unit [49m[39m app/components/Atoms/FormField/FormField.test.tsx[2m > [22mFormField[2m > [22mValidation icons[2m > [22mshould show info icon when showValidationIcon is true and has info[32m 9[2mms[22m[39m
 [32m✓[39m [30m[42m unit [49m[39m app/components/Atoms/FormField/FormField.test.tsx[2m > [22mFormField[2m > [22mValidation icons[2m > [22mshould not show validation icon when showValidationIcon is false[32m 8[2mms[22m[39m
 [32m✓[39m [30m[42m unit [49m[39m app/components/Atoms/FormField/FormField.test.tsx[2m > [22mFormField[2m > [22mValidation icons[2m > [22mshould not show validation icon when no validation state[32m 7[2mms[22m[39m
 [32m✓[39m [30m[42m unit [49m[39m app/components/Atoms/FormField/FormField.test.tsx[2m > [22mFormField[2m > [22mCustom styling[2m > [22mshould apply custom className to container[32m 5[2mms[22m[39m
 [32m✓[39m [30m[42m unit [49m[39m app/components/Atoms/FormField/FormField.test.tsx[2m > [22mFormField[2m > [22mCustom styling[2m > [22mshould apply custom labelClassName to label[32m 5[2mms[22m[39m
 [32m✓[39m [30m[42m unit [49m[39m app/components/Atoms/FormField/FormField.test.tsx[2m > [22mFormField[2m > [22mCustom styling[2m > [22mshould apply custom fieldClassName to field container[32m 7[2mms[22m[39m
 [32m✓[39m [30m[42m unit [49m[39m app/components/Atoms/FormField/FormField.test.tsx[2m > [22mFormField[2m > [22mCustom styling[2m > [22mshould merge existing input className with field state classes[32m 8[2mms[22m[39m
 [32m✓[39m [30m[42m unit [49m[39m app/components/Atoms/FormField/FormField.test.tsx[2m > [22mFormField[2m > [22mAccessibility[2m > [22mshould set aria-describedby with error message id[32m 8[2mms[22m[39m
 [32m✓[39m [30m[42m unit [49m[39m app/components/Atoms/FormField/FormField.test.tsx[2m > [22mFormField[2m > [22mAccessibility[2m > [22mshould set aria-describedby with help text id[32m 7[2mms[22m[39m
 [32m✓[39m [30m[42m unit [49m[39m app/components/Atoms/FormField/FormField.test.tsx[2m > [22mFormField[2m > [22mAccessibility[2m > [22mshould set aria-describedby with multiple ids[32m 9[2mms[22m[39m
 [32m✓[39m [30m[42m unit [49m[39m app/components/Atoms/FormField/FormField.test.tsx[2m > [22mFormField[2m > [22mAccessibility[2m > [22mshould not set aria-describedby when no descriptions[32m 15[2mms[22m[39m
 [32m✓[39m [30m[42m unit [49m[39m app/components/Atoms/FormField/FormField.test.tsx[2m > [22mFormField[2m > [22mRef forwarding[2m > [22mshould forward ref to container div[32m 10[2mms[22m[39m
 [32m✓[39m [30m[42m unit [49m[39m app/components/Atoms/FormField/FormField.test.tsx[2m > [22mFormField[2m > [22mDisplay name[2m > [22mshould have correct display name[32m 1[2mms[22m[39m
 [32m✓[39m [30m[42m unit [49m[39m app/components/Atoms/FormField/FormField.test.tsx[2m > [22mFormField[2m > [22mEdge cases[2m > [22mshould handle non-input children[32m 15[2mms[22m[39m
 [32m✓[39m [30m[42m unit [49m[39m app/components/Atoms/FormField/FormField.test.tsx[2m > [22mFormField[2m > [22mEdge cases[2m > [22mshould handle multiple validation states (prioritize error)[32m 17[2mms[22m[39m
 [31m×[39m [30m[42m unit [49m[39m app/components/Molecules/AboutDropdown/AboutDropdown.test.tsx[2m > [22mAboutDropdown[2m > [22mDropdown Interaction[2m > [22mcloses dropdown when button is clicked again[33m 5037[2mms[22m[39m
[31m   → Test timed out in 5000ms.
If this is a long-running test, pass a timeout value as the last argument or configure it globally with "testTimeout".[39m
 [32m✓[39m [30m[42m unit [49m[39m app/components/Containers/ErrorBoundary/ErrorBoundary.test.tsx[2m > [22mErrorBoundary[2m > [22mRendering[2m > [22mshould render children when there is no error[32m 84[2mms[22m[39m
 [32m✓[39m [30m[42m unit [49m[39m app/components/Molecules/MobileBottomNavigation/MobileBottomNavigation.test.tsx[2m > [22mMobileBottomNavigation[2m > [22mRendering[2m > [22mrenders the mobile bottom navigation[32m 160[2mms[22m[39m
 [32m✓[39m [30m[42m unit [49m[39m app/components/Molecules/MobileBottomNavigation/MobileBottomNavigation.test.tsx[2m > [22mMobileBottomNavigation[2m > [22mRendering[2m > [22mrenders all navigation items[32m 48[2mms[22m[39m
 [32m✓[39m [30m[42m unit [49m[39m app/components/Molecules/MobileBottomNavigation/MobileBottomNavigation.test.tsx[2m > [22mMobileBottomNavigation[2m > [22mRendering[2m > [22mapplies correct mobile-specific classes[32m 24[2mms[22m[39m
 [32m✓[39m [30m[42m unit [49m[39m app/components/Containers/ErrorBoundary/ErrorBoundary.test.tsx[2m > [22mErrorBoundary[2m > [22mRendering[2m > [22mshould catch errors thrown by child components[32m 95[2mms[22m[39m
 [32m✓[39m [30m[42m unit [49m[39m app/components/Molecules/MobileNavigation/MobileNavigation.test.tsx[2m > [22mMobileNavigation[2m > [22mRendering[2m > [22mrenders the mobile navigation header[32m 206[2mms[22m[39m
 [32m✓[39m [30m[42m unit [49m[39m app/components/Molecules/MobileNavigation/MobileNavigation.test.tsx[2m > [22mMobileNavigation[2m > [22mRendering[2m > [22mapplies mobile-specific classes[32m 26[2mms[22m[39m
 [32m✓[39m [30m[42m unit [49m[39m app/components/Molecules/MobileNavigation/MobileNavigation.test.tsx[2m > [22mMobileNavigation[2m > [22mRendering[2m > [22mapplies custom className[32m 24[2mms[22m[39m
 [32m✓[39m [30m[42m unit [49m[39m app/components/Molecules/MobileNavigation/MobileNavigation.test.tsx[2m > [22mMobileNavigation[2m > [22mRendering[2m > [22mhas proper z-index for overlay[32m 23[2mms[22m[39m
 [32m✓[39m [30m[42m unit [49m[39m app/components/Molecules/MobileBottomNavigation/MobileBottomNavigation.test.tsx[2m > [22mMobileBottomNavigation[2m > [22mRendering[2m > [22mapplies custom className[32m 22[2mms[22m[39m
 [32m✓[39m [30m[42m unit [49m[39m app/components/Molecules/MobileBottomNavigation/MobileBottomNavigation.test.tsx[2m > [22mMobileBottomNavigation[2m > [22mRendering[2m > [22mapplies backdrop blur and styling[32m 26[2mms[22m[39m
 [32m✓[39m [30m[42m unit [49m[39m app/components/Molecules/MobileBottomNavigation/MobileBottomNavigation.test.tsx[2m > [22mMobileBottomNavigation[2m > [22mRendering[2m > [22mhas proper z-index for overlay[32m 19[2mms[22m[39m
 [32m✓[39m [30m[42m unit [49m[39m app/components/Containers/ErrorBoundary/ErrorBoundary.test.tsx[2m > [22mErrorBoundary[2m > [22mRendering[2m > [22mshould render error boundary when error occurs[32m 26[2mms[22m[39m
 [32m✓[39m [30m[42m unit [49m[39m app/components/Containers/ErrorBoundary/ErrorBoundary.test.tsx[2m > [22mErrorBoundary[2m > [22mError Levels[2m > [22mshould render component level error by default[32m 20[2mms[22m[39m
 [32m✓[39m [30m[42m unit [49m[39m app/components/Containers/ErrorBoundary/ErrorBoundary.test.tsx[2m > [22mErrorBoundary[2m > [22mError Levels[2m > [22mshould render component level error when level is "component"[32m 49[2mms[22m[39m
 [32m✓[39m [30m[42m unit [49m[39m app/components/Containers/ErrorBoundary/ErrorBoundary.test.tsx[2m > [22mErrorBoundary[2m > [22mError Levels[2m > [22mshould render page level error when level is "page"[32m 28[2mms[22m[39m
 [32m✓[39m [30m[42m unit [49m[39m app/components/Molecules/MobileBottomNavigation/MobileBottomNavigation.test.tsx[2m > [22mMobileBottomNavigation[2m > [22mHome Navigation[2m > [22mrenders home link with correct path[32m 82[2mms[22m[39m
 [32m✓[39m [30m[42m unit [49m[39m app/components/Molecules/MobileBottomNavigation/MobileBottomNavigation.test.tsx[2m > [22mMobileBottomNavigation[2m > [22mHome Navigation[2m > [22mdisplays home icon[32m 55[2mms[22m[39m
 [32m✓[39m [30m[42m unit [49m[39m app/components/Molecules/MobileNavigation/MobileNavigation.test.tsx[2m > [22mMobileNavigation[2m > [22mHeader[2m > [22mdisplays logo text on larger screens[32m 27[2mms[22m[39m
 [32m✓[39m [30m[42m unit [49m[39m app/components/Molecules/MobileNavigation/MobileNavigation.test.tsx[2m > [22mMobileNavigation[2m > [22mHeader[2m > [22mdisplays abbreviated logo on small screens[32m 37[2mms[22m[39m
 [32m✓[39m [30m[42m unit [49m[39m app/components/Molecules/MobileNavigation/MobileNavigation.test.tsx[2m > [22mMobileNavigation[2m > [22mHeader[2m > [22mhas home link with correct path[32m 55[2mms[22m[39m
 [32m✓[39m [30m[42m unit [49m[39m app/components/Containers/ErrorBoundary/ErrorBoundary.test.tsx[2m > [22mErrorBoundary[2m > [22mError Levels[2m > [22mshould render critical level error when level is "critical"[32m 32[2mms[22m[39m
 [32m✓[39m [30m[42m unit [49m[39m app/components/Containers/ErrorBoundary/ErrorBoundary.test.tsx[2m > [22mErrorBoundary[2m > [22mError Information[2m > [22mshould display error message in component error[32m 24[2mms[22m[39m
 [32m✓[39m [30m[42m unit [49m[39m app/components/Containers/ErrorBoundary/ErrorBoundary.test.tsx[2m > [22mErrorBoundary[2m > [22mError Information[2m > [22mshould display error ID[32m 22[2mms[22m[39m
 [32m✓[39m [30m[42m unit [49m[39m app/components/Containers/ErrorBoundary/ErrorBoundary.test.tsx[2m > [22mErrorBoundary[2m > [22mError Information[2m > [22mshould generate unique error IDs for different errors[32m 39[2mms[22m[39m
 [32m✓[39m [30m[42m unit [49m[39m app/components/Containers/ErrorBoundary/ErrorBoundary.test.tsx[2m > [22mErrorBoundary[2m > [22mRetry Functionality[2m > [22mshould have a retry button[32m 16[2mms[22m[39m
 [32m✓[39m [30m[42m unit [49m[39m app/components/Containers/ErrorBoundary/ErrorBoundary.test.tsx[2m > [22mErrorBoundary[2m > [22mRetry Functionality[2m > [22mshould reset error state when retry is clicked[32m 30[2mms[22m[39m
 [32m✓[39m [30m[42m unit [49m[39m app/components/Containers/ErrorBoundary/ErrorBoundary.test.tsx[2m > [22mErrorBoundary[2m > [22mRetry Functionality[2m > [22mshould allow multiple retry attempts[32m 27[2mms[22m[39m
 [32m✓[39m [30m[42m unit [49m[39m app/components/Containers/ErrorBoundary/ErrorBoundary.test.tsx[2m > [22mErrorBoundary[2m > [22mReport Error Functionality[2m > [22mshould have a report error button[32m 15[2mms[22m[39m
 [32m✓[39m [30m[42m unit [49m[39m app/components/Molecules/MobileNavigation/MobileNavigation.test.tsx[2m > [22mMobileNavigation[2m > [22mHeader[2m > [22mdisplays home icon[32m 32[2mms[22m[39m
 [32m✓[39m [30m[42m unit [49m[39m app/components/Molecules/MobileNavigation/MobileNavigation.test.tsx[2m > [22mMobileNavigation[2m > [22mHeader[2m > [22mapplies backdrop blur effect[32m 21[2mms[22m[39m
 [32m✓[39m [30m[42m unit [49m[39m app/components/Molecules/MobileNavigation/MobileNavigation.test.tsx[2m > [22mMobileNavigation[2m > [22mMenu Button[2m > [22mrenders menu button[32m 25[2mms[22m[39m
 [32m✓[39m [30m[42m unit [49m[39m app/components/Molecules/MobileNavigation/MobileNavigation.test.tsx[2m > [22mMobileNavigation[2m > [22mMenu Button[2m > [22mhas proper aria attributes when menu is closed[32m 19[2mms[22m[39m
 [32m✓[39m [30m[42m unit [49m[39m app/components/Molecules/MobileBottomNavigation/MobileBottomNavigation.test.tsx[2m > [22mMobileBottomNavigation[2m > [22mHome Navigation[2m > [22mapplies correct styling classes[32m 44[2mms[22m[39m
 [32m✓[39m [30m[42m unit [49m[39m app/components/Molecules/MobileBottomNavigation/MobileBottomNavigation.test.tsx[2m > [22mMobileBottomNavigation[2m > [22mHome Navigation[2m > [22mhas touch-friendly padding[32m 31[2mms[22m[39m
 [32m✓[39m [30m[42m unit [49m[39m app/components/Molecules/MobileBottomNavigation/MobileBottomNavigation.test.tsx[2m > [22mMobileBottomNavigation[2m > [22mSearch Functionality[2m > [22mrenders search button[32m 32[2mms[22m[39m
 [32m✓[39m [30m[42m unit [49m[39m app/components/Containers/ErrorBoundary/ErrorBoundary.test.tsx[2m > [22mErrorBoundary[2m > [22mReport Error Functionality[2m > [22mshould call console.error when report is clicked[32m 19[2mms[22m[39m
 [32m✓[39m [30m[42m unit [49m[39m app/components/Containers/ErrorBoundary/ErrorBoundary.test.tsx[2m > [22mErrorBoundary[2m > [22mReport Error Functionality[2m > [22mshould show alert when report error is clicked[32m 32[2mms[22m[39m
 [32m✓[39m [30m[42m unit [49m[39m app/components/Containers/ErrorBoundary/ErrorBoundary.test.tsx[2m > [22mErrorBoundary[2m > [22mCustom Fallback[2m > [22mshould render custom fallback when provided[32m 10[2mms[22m[39m
 [32m✓[39m [30m[42m unit [49m[39m app/components/Containers/ErrorBoundary/ErrorBoundary.test.tsx[2m > [22mErrorBoundary[2m > [22mCustom Fallback[2m > [22mshould pass error and errorId to custom fallback[32m 4[2mms[22m[39m
 [32m✓[39m [30m[42m unit [49m[39m app/components/Containers/ErrorBoundary/ErrorBoundary.test.tsx[2m > [22mErrorBoundary[2m > [22mCustom Fallback[2m > [22mshould prioritize custom fallback over level-based fallback[32m 7[2mms[22m[39m
 [32m✓[39m [30m[42m unit [49m[39m app/components/Containers/ErrorBoundary/ErrorBoundary.test.tsx[2m > [22mErrorBoundary[2m > [22monError Callback[2m > [22mshould call onError callback when error occurs[32m 14[2mms[22m[39m
 [32m✓[39m [30m[42m unit [49m[39m app/components/Containers/ErrorBoundary/ErrorBoundary.test.tsx[2m > [22mErrorBoundary[2m > [22monError Callback[2m > [22mshould pass AppError and ErrorInfo to onError callback[32m 25[2mms[22m[39m
 [32m✓[39m [30m[42m unit [49m[39m app/components/Molecules/MobileBottomNavigation/MobileBottomNavigation.test.tsx[2m > [22mMobileBottomNavigation[2m > [22mSearch Functionality[2m > [22mfocuses search input when clicked[32m 112[2mms[22m[39m
 [32m✓[39m [30m[42m unit [49m[39m app/components/Molecules/MobileBottomNavigation/MobileBottomNavigation.test.tsx[2m > [22mMobileBottomNavigation[2m > [22mSearch Functionality[2m > [22mhandles missing search input gracefully[32m 61[2mms[22m[39m
 [32m✓[39m [30m[42m unit [49m[39m app/components/Containers/ErrorBoundary/ErrorBoundary.test.tsx[2m > [22mErrorBoundary[2m > [22monError Callback[2m > [22mshould not break if onError callback throws[32m 20[2mms[22m[39m
 [32m✓[39m [30m[42m unit [49m[39m app/components/Containers/ErrorBoundary/ErrorBoundary.test.tsx[2m > [22mErrorBoundary[2m > [22mPage Level Error Specific[2m > [22mshould render page level UI with proper styling[32m 17[2mms[22m[39m
 [32m✓[39m [30m[42m unit [49m[39m app/components/Containers/ErrorBoundary/ErrorBoundary.test.tsx[2m > [22mErrorBoundary[2m > [22mPage Level Error Specific[2m > [22mshould have Go Back button that calls history.back[32m 14[2mms[22m[39m
 [32m✓[39m [30m[42m unit [49m[39m app/components/Containers/ErrorBoundary/ErrorBoundary.test.tsx[2m > [22mErrorBoundary[2m > [22mCritical Level Error Specific[2m > [22mshould render critical level UI with proper styling[32m 12[2mms[22m[39m
 [32m✓[39m [30m[42m unit [49m[39m app/components/Containers/ErrorBoundary/ErrorBoundary.test.tsx[2m > [22mErrorBoundary[2m > [22mCritical Level Error Specific[2m > [22mshould have critical styling classes[32m 11[2mms[22m[39m
 [32m✓[39m [30m[42m unit [49m[39m app/components/Containers/ErrorBoundary/ErrorBoundary.test.tsx[2m > [22mErrorBoundary[2m > [22mError Handling Edge Cases[2m > [22mshould handle AppError instances[32m 15[2mms[22m[39m
 [32m✓[39m [30m[42m unit [49m[39m app/components/Containers/ErrorBoundary/ErrorBoundary.test.tsx[2m > [22mErrorBoundary[2m > [22mError Handling Edge Cases[2m > [22mshould handle regular Error instances[32m 16[2mms[22m[39m
 [32m✓[39m [30m[42m unit [49m[39m app/components/Molecules/MobileBottomNavigation/MobileBottomNavigation.test.tsx[2m > [22mMobileBottomNavigation[2m > [22mSearch Functionality[2m > [22msearches for multiple input selectors[32m 74[2mms[22m[39m
 [32m✓[39m [30m[42m unit [49m[39m app/components/Molecules/MobileBottomNavigation/MobileBottomNavigation.test.tsx[2m > [22mMobileBottomNavigation[2m > [22mSearch Functionality[2m > [22mdisplays search icon[32m 24[2mms[22m[39m
 [32m✓[39m [30m[42m unit [49m[39m app/components/Molecules/MobileBottomNavigation/MobileBottomNavigation.test.tsx[2m > [22mMobileBottomNavigation[2m > [22mPerfumes Navigation[2m > [22mrenders perfumes link with correct path[32m 29[2mms[22m[39m
 [32m✓[39m [30m[42m unit [49m[39m app/components/Molecules/MobileBottomNavigation/MobileBottomNavigation.test.tsx[2m > [22mMobileBottomNavigation[2m > [22mPerfumes Navigation[2m > [22mdisplays heart icon for perfumes[32m 36[2mms[22m[39m
 [32m✓[39m [30m[42m unit [49m[39m app/components/Containers/ErrorBoundary/ErrorBoundary.test.tsx[2m > [22mErrorBoundary[2m > [22mError Handling Edge Cases[2m > [22mshould handle errors during render[32m 29[2mms[22m[39m
 [32m✓[39m [30m[42m unit [49m[39m app/components/Containers/ErrorBoundary/ErrorBoundary.test.tsx[2m > [22mErrorBoundary[2m > [22mAccessibility[2m > [22mshould have proper semantic HTML for component error[32m 16[2mms[22m[39m
 [32m✓[39m [30m[42m unit [49m[39m app/components/Containers/ErrorBoundary/ErrorBoundary.test.tsx[2m > [22mErrorBoundary[2m > [22mAccessibility[2m > [22mshould have proper semantic HTML for page error[32m 16[2mms[22m[39m
 [32m✓[39m [30m[42m unit [49m[39m app/components/Containers/ErrorBoundary/ErrorBoundary.test.tsx[2m > [22mErrorBoundary[2m > [22mAccessibility[2m > [22mshould have proper semantic HTML for critical error[32m 15[2mms[22m[39m
 [32m✓[39m [30m[42m unit [49m[39m app/components/Containers/ErrorBoundary/ErrorBoundary.test.tsx[2m > [22mErrorBoundary[2m > [22mAccessibility[2m > [22mshould have clickable buttons[32m 16[2mms[22m[39m
 [32m✓[39m [30m[42m unit [49m[39m app/components/Containers/ErrorBoundary/ErrorBoundary.test.tsx[2m > [22mErrorBoundary[2m > [22mComponent Integration[2m > [22mshould work with nested error boundaries[32m 14[2mms[22m[39m
 [32m✓[39m [30m[42m unit [49m[39m app/components/Containers/ErrorBoundary/ErrorBoundary.test.tsx[2m > [22mErrorBoundary[2m > [22mComponent Integration[2m > [22mshould work with multiple children[32m 8[2mms[22m[39m
 [32m✓[39m [30m[42m unit [49m[39m app/components/Molecules/MobileBottomNavigation/MobileBottomNavigation.test.tsx[2m > [22mMobileBottomNavigation[2m > [22mPerfumes Navigation[2m > [22mapplies correct styling[32m 25[2mms[22m[39m
 [32m✓[39m [30m[42m unit [49m[39m app/components/Molecules/MobileBottomNavigation/MobileBottomNavigation.test.tsx[2m > [22mMobileBottomNavigation[2m > [22mUser/Profile Navigation[2m > [22mshows "Sign In" when user is not logged in[32m 24[2mms[22m[39m
 [31m×[39m [30m[42m unit [49m[39m app/components/Molecules/MobileBottomNavigation/MobileBottomNavigation.test.tsx[2m > [22mMobileBottomNavigation[2m > [22mUser/Profile Navigation[2m > [22mlinks to sign in page when user is not logged in[32m 53[2mms[22m[39m
[31m   → [2mexpect([22m[31melement[31m[2m).toHaveAttribute([22m[32m[32m"href"[32m[31m[2m, [22m[32m[32m"/login"[32m[31m[2m) // element.getAttribute("href") === "/login"[22m

Expected the element to have attribute:
[32m  href="/login"[31m
Received:
[31m  href="/sign-in"[31m[39m
 [32m✓[39m [30m[42m unit [49m[39m app/components/Containers/ErrorBoundary/ErrorBoundary.test.tsx[2m > [22mErrorBoundary[2m > [22mComponent Integration[2m > [22mshould isolate errors to the boundary scope[32m 15[2mms[22m[39m
 [32m✓[39m [30m[42m unit [49m[39m app/components/Containers/ErrorBoundary/ErrorBoundary.test.tsx[2m > [22mErrorBoundary[2m > [22mStyling[2m > [22mshould apply correct styling classes for component error[32m 14[2mms[22m[39m
 [32m✓[39m [30m[42m unit [49m[39m app/components/Containers/ErrorBoundary/ErrorBoundary.test.tsx[2m > [22mErrorBoundary[2m > [22mStyling[2m > [22mshould apply correct styling classes for page error[32m 13[2mms[22m[39m
 [32m✓[39m [30m[42m unit [49m[39m app/components/Containers/ErrorBoundary/ErrorBoundary.test.tsx[2m > [22mErrorBoundary[2m > [22mStyling[2m > [22mshould apply correct styling classes for critical error[32m 15[2mms[22m[39m
 [32m✓[39m [30m[42m unit [49m[39m app/components/Containers/ErrorBoundary/ErrorBoundary.test.tsx[2m > [22mErrorBoundary[2m > [22mError State Management[2m > [22mshould clear error state when retry succeeds[32m 23[2mms[22m[39m
 [32m✓[39m [30m[42m unit [49m[39m app/components/Containers/ErrorBoundary/ErrorBoundary.test.tsx[2m > [22mErrorBoundary[2m > [22mError State Management[2m > [22mshould maintain error state between renders[32m 16[2mms[22m[39m
 [32m✓[39m [30m[42m unit [49m[39m app/components/Molecules/MobileBottomNavigation/MobileBottomNavigation.test.tsx[2m > [22mMobileBottomNavigation[2m > [22mUser/Profile Navigation[2m > [22mshows "Profile" when user is logged in[32m 23[2mms[22m[39m
 [32m✓[39m [30m[42m unit [49m[39m app/components/Molecules/MobileBottomNavigation/MobileBottomNavigation.test.tsx[2m > [22mMobileBottomNavigation[2m > [22mUser/Profile Navigation[2m > [22mlinks to profile page when user is logged in[32m 28[2mms[22m[39m
 [32m✓[39m [30m[42m unit [49m[39m app/components/Molecules/MobileBottomNavigation/MobileBottomNavigation.test.tsx[2m > [22mMobileBottomNavigation[2m > [22mUser/Profile Navigation[2m > [22mdisplays user icon[32m 34[2mms[22m[39m
 [32m✓[39m [30m[42m unit [49m[39m app/components/Molecules/MobileBottomNavigation/MobileBottomNavigation.test.tsx[2m > [22mMobileBottomNavigation[2m > [22mMenu Button[2m > [22mrenders menu button[32m 29[2mms[22m[39m
 [32m✓[39m [30m[42m unit [49m[39m app/components/Molecules/MobileBottomNavigation/MobileBottomNavigation.test.tsx[2m > [22mMobileBottomNavigation[2m > [22mMenu Button[2m > [22mhas proper aria-label[32m 26[2mms[22m[39m
 [32m✓[39m [30m[42m unit [49m[39m app/components/Molecules/MobileBottomNavigation/MobileBottomNavigation.test.tsx[2m > [22mMobileBottomNavigation[2m > [22mMenu Button[2m > [22mcalls onMenuOpen when clicked[32m 104[2mms[22m[39m
 [32m✓[39m [30m[42m unit [49m[39m app/components/Molecules/MobileBottomNavigation/MobileBottomNavigation.test.tsx[2m > [22mMobileBottomNavigation[2m > [22mMenu Button[2m > [22mdoes not throw when onMenuOpen is not provided[32m 66[2mms[22m[39m
 [32m✓[39m [30m[42m unit [49m[39m app/components/Molecules/MobileBottomNavigation/MobileBottomNavigation.test.tsx[2m > [22mMobileBottomNavigation[2m > [22mMenu Button[2m > [22mdisplays bars icon[32m 26[2mms[22m[39m
 [32m✓[39m [30m[42m unit [49m[39m app/components/Molecules/MobileBottomNavigation/MobileBottomNavigation.test.tsx[2m > [22mMobileBottomNavigation[2m > [22mActive State Styling[2m > [22mapplies active styles to current route[32m 32[2mms[22m[39m
 [32m✓[39m [30m[42m unit [49m[39m app/components/Molecules/MobileBottomNavigation/MobileBottomNavigation.test.tsx[2m > [22mMobileBottomNavigation[2m > [22mActive State Styling[2m > [22mapplies inactive styles to non-active routes[32m 31[2mms[22m[39m
 [32m✓[39m [30m[42m unit [49m[39m app/components/Molecules/MobileBottomNavigation/MobileBottomNavigation.test.tsx[2m > [22mMobileBottomNavigation[2m > [22mLayout and Positioning[2m > [22muses flexbox for horizontal layout[32m 20[2mms[22m[39m
 [32m✓[39m [30m[42m unit [49m[39m app/components/Molecules/MobileBottomNavigation/MobileBottomNavigation.test.tsx[2m > [22mMobileBottomNavigation[2m > [22mLayout and Positioning[2m > [22mcenters items vertically[32m 20[2mms[22m[39m
 [32m✓[39m [30m[42m unit [49m[39m app/components/Molecules/MobileBottomNavigation/MobileBottomNavigation.test.tsx[2m > [22mMobileBottomNavigation[2m > [22mLayout and Positioning[2m > [22mapplies safe area padding[32m 20[2mms[22m[39m
 [32m✓[39m [30m[42m unit [49m[39m app/components/Molecules/MobileBottomNavigation/MobileBottomNavigation.test.tsx[2m > [22mMobileBottomNavigation[2m > [22mLayout and Positioning[2m > [22mis fixed to bottom of viewport[32m 25[2mms[22m[39m
 [32m✓[39m [30m[42m unit [49m[39m app/components/Molecules/MobileBottomNavigation/MobileBottomNavigation.test.tsx[2m > [22mMobileBottomNavigation[2m > [22mResponsive Behavior[2m > [22mhides on medium screens and above[32m 19[2mms[22m[39m
 [32m✓[39m [30m[42m unit [49m[39m app/components/Molecules/MobileBottomNavigation/MobileBottomNavigation.test.tsx[2m > [22mMobileBottomNavigation[2m > [22mIcons and Visual Elements[2m > [22mrenders all icons with correct sizes[32m 22[2mms[22m[39m
 [32m✓[39m [30m[42m unit [49m[39m app/components/Molecules/MobileBottomNavigation/MobileBottomNavigation.test.tsx[2m > [22mMobileBottomNavigation[2m > [22mIcons and Visual Elements[2m > [22mhas proper icon-text spacing[32m 39[2mms[22m[39m
 [32m✓[39m [30m[42m unit [49m[39m app/components/Molecules/MobileBottomNavigation/MobileBottomNavigation.test.tsx[2m > [22mMobileBottomNavigation[2m > [22mIcons and Visual Elements[2m > [22muses correct text size for labels[32m 28[2mms[22m[39m
 [32m✓[39m [30m[42m unit [49m[39m app/components/Molecules/MobileBottomNavigation/MobileBottomNavigation.test.tsx[2m > [22mMobileBottomNavigation[2m > [22mAccessibility[2m > [22mhas semantic nav element[32m 38[2mms[22m[39m
 [32m✓[39m [30m[42m unit [49m[39m app/components/Molecules/MobileBottomNavigation/MobileBottomNavigation.test.tsx[2m > [22mMobileBottomNavigation[2m > [22mAccessibility[2m > [22mhas accessible labels for all interactive elements[32m 36[2mms[22m[39m
 [32m✓[39m [30m[42m unit [49m[39m app/components/Molecules/MobileBottomNavigation/MobileBottomNavigation.test.tsx[2m > [22mMobileBottomNavigation[2m > [22mAccessibility[2m > [22mprovides proper touch targets for mobile[32m 19[2mms[22m[39m
 [32m✓[39m [30m[42m unit [49m[39m app/components/Molecules/MobileBottomNavigation/MobileBottomNavigation.test.tsx[2m > [22mMobileBottomNavigation[2m > [22mAccessibility[2m > [22mhas keyboard-accessible navigation[32m 30[2mms[22m[39m
 [32m✓[39m [30m[42m unit [49m[39m app/components/Molecules/MobileBottomNavigation/MobileBottomNavigation.test.tsx[2m > [22mMobileBottomNavigation[2m > [22mAccessibility[2m > [22mbuttons have proper roles[32m 24[2mms[22m[39m
 [32m✓[39m [30m[42m unit [49m[39m app/components/Molecules/MobileBottomNavigation/MobileBottomNavigation.test.tsx[2m > [22mMobileBottomNavigation[2m > [22mUser Prop Variations[2m > [22mhandles user with admin role[32m 32[2mms[22m[39m
 [32m✓[39m [30m[42m unit [49m[39m app/components/Molecules/MobileBottomNavigation/MobileBottomNavigation.test.tsx[2m > [22mMobileBottomNavigation[2m > [22mUser Prop Variations[2m > [22mhandles user with editor role[32m 25[2mms[22m[39m
 [32m✓[39m [30m[42m unit [49m[39m app/components/Molecules/MobileBottomNavigation/MobileBottomNavigation.test.tsx[2m > [22mMobileBottomNavigation[2m > [22mUser Prop Variations[2m > [22mhandles null user[32m 30[2mms[22m[39m
 [32m✓[39m [30m[42m unit [49m[39m app/components/Molecules/MobileBottomNavigation/MobileBottomNavigation.test.tsx[2m > [22mMobileBottomNavigation[2m > [22mUser Prop Variations[2m > [22mhandles undefined user[32m 26[2mms[22m[39m
 [32m✓[39m [30m[42m unit [49m[39m app/components/Molecules/MobileBottomNavigation/MobileBottomNavigation.test.tsx[2m > [22mMobileBottomNavigation[2m > [22mStyling and Theme[2m > [22muses noir color scheme[32m 21[2mms[22m[39m
 [32m✓[39m [30m[42m unit [49m[39m app/components/Molecules/MobileBottomNavigation/MobileBottomNavigation.test.tsx[2m > [22mMobileBottomNavigation[2m > [22mStyling and Theme[2m > [22mapplies transition effects[32m 28[2mms[22m[39m
 [32m✓[39m [30m[42m unit [49m[39m app/components/Molecules/MobileBottomNavigation/MobileBottomNavigation.test.tsx[2m > [22mMobileBottomNavigation[2m > [22mStyling and Theme[2m > [22mhas hover states[32m 36[2mms[22m[39m
 [32m✓[39m [30m[42m unit [49m[39m app/components/Molecules/MobileBottomNavigation/MobileBottomNavigation.test.tsx[2m > [22mMobileBottomNavigation[2m > [22mEdge Cases[2m > [22mhandles rapid button clicks[32m 168[2mms[22m[39m
 [32m✓[39m [30m[42m unit [49m[39m app/components/Molecules/MobileBottomNavigation/MobileBottomNavigation.test.tsx[2m > [22mMobileBottomNavigation[2m > [22mEdge Cases[2m > [22mhandles missing navigation data gracefully[32m 21[2mms[22m[39m
 [32m✓[39m [30m[42m unit [49m[39m app/components/Molecules/MobileBottomNavigation/MobileBottomNavigation.test.tsx[2m > [22mMobileBottomNavigation[2m > [22mEdge Cases[2m > [22mrenders without optional props[32m 17[2mms[22m[39m
 [32m✓[39m [30m[42m unit [49m[39m app/components/Molecules/MobileBottomNavigation/MobileBottomNavigation.test.tsx[2m > [22mMobileBottomNavigation[2m > [22mIntegration[2m > [22mall navigation links are functional[32m 26[2mms[22m[39m
 [32m✓[39m [30m[42m unit [49m[39m app/components/Molecules/MobileBottomNavigation/MobileBottomNavigation.test.tsx[2m > [22mMobileBottomNavigation[2m > [22mIntegration[2m > [22mintegrates with router correctly[32m 17[2mms[22m[39m
 [31m×[39m [30m[42m unit [49m[39m app/components/Organisms/PerformanceDashboard/PerformanceDashboard.test.tsx[2m > [22mPerformanceDashboard (Organism)[2m > [22mPerformance Scoring[2m > [22mshould show poor score for bad LCP[33m 5019[2mms[22m[39m
[31m   → Test timed out in 5000ms.
If this is a long-running test, pass a timeout value as the last argument or configure it globally with "testTimeout".[39m
 [31m×[39m [30m[42m unit [49m[39m app/components/Molecules/AdminNavigation/AdminNavigation.test.tsx[2m > [22mAdminNavigation[2m > [22mrenders a adminnavigation[32m 182[2mms[22m[39m
[31m   → Unable to find an element with the text: create house. This could be because the text is broken up by multiple elements. In this case, you can provide a function for your text matcher to make your matcher more flexible.

Ignored nodes: comments, script, style
[36m<body>[31m
  [36m<div>[31m
    [36m<aside[31m
      [33mclass[31m=[32m"relative md:fixed top-40 md:left-0 z-20 w-full md:w-64  text-noir-light py-4"[31m
    [36m>[31m
      [36m<ul[31m
        [33mclass[31m=[32m"py-2 rounded-sm noir-border min-h-max h-full w-full bg-noir-black/80 backdrop-blur-sm"[31m
        [33mdata-cy[31m=[32m"AdminNavigation"[31m
      [36m>[31m
        [36m<li[31m
          [33mclass[31m=[32m"capitalize font-semibold text-shadow-sm text-shadow-noir-dark/70"[31m
        [36m>[31m
          [36m<a[31m
            [33mclass[31m=[32m"text-noir-gold py-2 hover:text-noir-gold-500 transition-colors duration-200 hover:bg-noir-dark/80 block w-full"[31m
            [33mdata-discover[31m=[32m"true"[31m
            [33mhref[31m=[32m"/admin/create-perfume-house"[31m
          [36m>[31m
            [36m<span[31m
              [33mclass[31m=[32m"pl-2"[31m
            [36m>[31m
              [0madmin.navigation.createHouse[0m
            [36m</span>[31m
          [36m</a>[31m
        [36m</li>[31m
        [36m<li[31m
          [33mclass[31m=[32m"capitalize font-semibold text-shadow-sm text-shadow-noir-dark/70"[31m
        [36m>[31m
          [36m<a[31m
            [33mclass[31m=[32m"text-noir-gold py-2 hover:text-noir-gold-500 transition-colors duration-200 hover:bg-noir-dark/80 block w-full"[31m
            [33mdata-discover[31m=[32m"true"[31m
            [33mhref[31m=[32m"/admin/create-perfume"[31m
          [36m>[31m
            [36m<span[31m
              [33mclass[31m=[32m"pl-2"[31m
            [36m>[31m
              [0madmin.navigation.createPerfume[0m
            [36m</span>[31m
          [36m</a>[31m
        [36m</li>[31m
        [36m<li[31m
          [33mclass[31m=[32m"capitalize font-semibold text-shadow-sm text-shadow-noir-dark/70"[31m
        [36m>[31m
          [36m<a[31m
            [33mclass[31m=[32m"text-noir-gold py-2 hover:text-noir-gold-500 transition-colors duration-200 hover:bg-noir-dark/80 block w-full"[31m
            [33mdata-discover[31m=[32m"true"[31m
            [33mhref[31m=[32m"/admin/data-quality"[31m
          [36m>[31m
            [36m<span[31m
              [33mclass[31m=[32m"pl-2"[31m
            [36m>[31m
              [0madmin.navigation.dataQuality[0m
            [36m</span>[31m
          [36m</a>[31m
        [36m</li>[31m
        [36m<li[31m
          [33mclass[31m=[32m"capitalize font-semibold text-shadow-sm text-shadow-noir-dark/70"[31m
        [36m>[31m
          [36m<a[31m
            [33mclass[31m=[32m"text-noir-gold py-2 hover:text-noir-gold-500 transition-colors duration-200 hover:bg-noir-dark/80 block w-full"[31m
            [33mdata-discover[31m=[32m"true"[31m
            [33mhref[31m=[32m"/admin/users"[31m
          [36m>[31m
            [36m<span[31m
              [33mclass[31m=[32m"pl-2"[31m
            [36m>[31m
              [0madmin.navigation.userManagement[0m
            [36m</span>[31m
          [36m</a>[31m
        [36m</li>[31m
        [36m<li[31m
          [33mclass[31m=[32m"capitalize font-semibold text-shadow-sm text-shadow-noir-dark/70"[31m
        [36m>[31m
          [36m<a[31m
            [33mclass[31m=[32m"text-noir-gold py-2 hover:text-noir-gold-500 transition-colors duration-200 hover:bg-noir-dark/80 block w-full"[31m
            [33mdata-discover[31m=[32m"true"[31m
            [33mhref[31m=[32m"/admin/security-monitor"[31m
          [36m>[31m
            [36m<span[31m
              [33mclass[31m=[32m"pl-2"[31m
            [36m>[31m
              [0madmin.navigation.securityMonitor[0m
            [36m</span>[31m
          [36m</a>[31m
        [36m</li>[31m
        [36m<li[31m
          [33mclass[31m=[32m"capitalize font-semibold text-shadow-sm text-shadow-noir-dark/70"[31m
        [36m>[31m
          [36m<a[31m
            [33mclass[31m=[32m"text-noir-gold py-2 hover:text-noir-gold-500 transition-colors duration-200 hover:bg-noir-dark/80 block w-full"[31m
            [33mdata-discover[31m=[32m"true"[31m
            [33mhref[31m=[32m"/admin/performance-admin"[31m
          [36m>[31m
            [36m<span[31m
              [33mclass[31m=[32m"pl-2"[31m
            [36m>[31m
              [0madmin.navigation.performanceAdmin[0m
            [36m</span>[31m
          [36m</a>[31m
        [36m</li>[31m
        [36m<li[31m
          [33mclass[31m=[32m"capitalize font-semibold text-shadow-sm text-shadow-noir-dark/70"[31m
        [36m>[31m
          [36m<a[31m
            [33mclass[31m=[32m"text-noir-gold py-2 hover:text-noir-gold-500 transition-colors duration-200 hover:bg-noir-dark/80 block w-full"[31m
            [33mdata-discover[31m=[32m"true"[31m
            [33mhref[31m=[32m"/admin/error-analytics"[31m
          [36m>[31m
            [36m<span[31m
              [33mclass[31m=[32m"pl-2"[31m
            [36m>[31m
              [0madmin.navigation.errorAnalytics[0m
            [36m</span>[31m
          [36m</a>[31m
        [36m</li>[31m
        [36m<li[31m
          [33mclass[31m=[32m"capitalize font-semibold text-shadow-sm text-shadow-noir-dark/70"[31m
        [36m>[31m
          [36m<a[31m
            [33mclass[31m=[32m"text-noir-gold py-2 hover:text-noir-gold-500 transition-colors duration-200 hover:bg-noir-dark/80 block w-full"[31m
            [33mdata-discover[31m=[32m"true"[31m
            [33mhref[31m=[32m"/admin/wishlist"[31m
          [36m>[31m
            [36m<span[31m
              [33mclass[31m=[32m"pl-2"[31m
            [36m>[31m
              [0mprofile.navigation.wishlist[0m
            [36m</span>[31m
          [36m</a>[31m
        [36m</li>[31m
        [36m<li[31m
          [33mclass[31m=[32m"capitalize font-semibold text-shadow-sm text-shadow-noir-dark/70"[31m
        [36m>[31m
          [36m<a[31m
            [33mclass[31m=[32m"text-noir-gold py-2 hover:text-noir-gold-500 transition-colors duration-200 hover:bg-noir-dark/80 block w-full"[31m
            [33mdata-discover[31m=[32m"true"[31m
            [33mhref[31m=[32m"/admin/my-scents"[31m
          [36m>[31m
            [36m<span[31m
              [33mclass[31m=[32m"pl-2"[31m
            [36m>[31m
              [0mprofile.navigation.myScents[0m
            [36m</span>[31m
          [36m</a>[31m
        [36m</li>[31m
        [36m<li[31m
          [33mclass[31m=[32m"capitalize font-semibold text-shadow-sm text-shadow-noir-dark/70"[31m
        [36m>[31m
          [36m<a[31m
            [33mclass[31m=[32m"text-noir-gold py-2 hover:text-noir-gold-500 transition-colors duration-200 hover:bg-noir-dark/80 block w-full"[31m
            [33mdata-discover[31m=[32m"true"[31m
            [33mhref[31m=[32m"/admin/change-password"[31m
          [36m>[31m
            [36m<span[31m
              [33mclass[31m=[32m"pl-2"[31m
            [36m>[31m
              [0mprofile.navigation.changePassword[0m
            [36m</span>[31m
          [36m</a>[31m
        [36m</li>[31m
        [36m<li>[31m
          [36m<div[31m
            [33mclass[31m=[32m"flex flex-col"[31m
            [33mdata-cy[31m=[32m"Select"[31m
          [36m>[31m
            [36m<select[31m
              [33maria-label[31m=[32m"Select Language"[31m
              [33mclass[31m=[32m"mt-1 cursor-pointer appearance-none relative after:absolute after:content-[\"😹\"] border border-noir-gold h-full bg-noir-black/90 text-noir-gold px-1.5 py-1.5 rounded-tl-sm rounded-bl-sm"[31m
              [33mid[31m=[32m"language-switcher"[31m
              [33mname[31m=[32m"language-switcher"[31m
            [36m>[31m
              [36m<option[31m
                [33mclass[31m=[32m"bg-noir-dark"[31m
                [33mvalue[31m=[32m"en"[31m
              [36m>[31m
                [0mEnglish[0m
              [36m</option>[31m
              [36m<option[31m
                [33mclass[31m=[32m"bg-noir-dark"[31m
                [33mvalue[31m=[32m"es"[31m
              [36m>[31m
                [0mEspañol[0m
              [36m</option>[31m
            [36m</select>[31m
          [36m</div>[31m
        [36m</li>[31m
      [36m</ul>[31m
    [36m</aside>[31m
  [36m</div>[31m
[36m</body>[31m[39m
 [31m×[39m [30m[42m unit [49m[39m app/components/Organisms/PerformanceDashboard/PerformanceDashboard.test.tsx[2m > [22mPerformanceDashboard (Organism)[2m > [22mPerformance Scoring[2m > [22mshould apply correct color classes for scores[33m 5021[2mms[22m[39m
[31m   → Test timed out in 5000ms.
If this is a long-running test, pass a timeout value as the last argument or configure it globally with "testTimeout".[39m
 [32m✓[39m [30m[42m unit [49m[39m app/components/Organisms/PerformanceDashboard/PerformanceDashboard.test.tsx[2m > [22mPerformanceDashboard (Organism)[2m > [22mNavigation Timing Display[2m > [22mshould display DNS lookup time[32m 25[2mms[22m[39m
 [32m✓[39m [30m[42m unit [49m[39m app/components/Organisms/PerformanceDashboard/PerformanceDashboard.test.tsx[2m > [22mPerformanceDashboard (Organism)[2m > [22mNavigation Timing Display[2m > [22mshould display TCP connect time[32m 22[2mms[22m[39m
 [32m✓[39m [30m[42m unit [49m[39m app/components/Organisms/PerformanceDashboard/PerformanceDashboard.test.tsx[2m > [22mPerformanceDashboard (Organism)[2m > [22mNavigation Timing Display[2m > [22mshould display TTFB[32m 21[2mms[22m[39m
 [32m✓[39m [30m[42m unit [49m[39m app/components/Organisms/PerformanceDashboard/PerformanceDashboard.test.tsx[2m > [22mPerformanceDashboard (Organism)[2m > [22mNavigation Timing Display[2m > [22mshould display DOM Ready time[32m 23[2mms[22m[39m
 [32m✓[39m [30m[42m unit [49m[39m app/components/Atoms/RangeSlider/RangeSlider.test.tsx[2m > [22mRangeSlider[2m > [22mrenders a range slider with default props[32m 163[2mms[22m[39m
 [32m✓[39m [30m[42m unit [49m[39m app/components/Atoms/RangeSlider/RangeSlider.test.tsx[2m > [22mRangeSlider[2m > [22mrenders with a label when provided[32m 29[2mms[22m[39m
 [32m✓[39m [30m[42m unit [49m[39m app/components/Atoms/RangeSlider/RangeSlider.test.tsx[2m > [22mRangeSlider[2m > [22mdisplays the current value when label is provided[32m 18[2mms[22m[39m
 [32m✓[39m [30m[42m unit [49m[39m app/components/Atoms/RangeSlider/RangeSlider.test.tsx[2m > [22mRangeSlider[2m > [22mcalls onChange when value changes[32m 62[2mms[22m[39m
 [32m✓[39m [30m[42m unit [49m[39m app/components/Atoms/RangeSlider/RangeSlider.test.tsx[2m > [22mRangeSlider[2m > [22mhandles keyboard navigation[32m 36[2mms[22m[39m
 [32m✓[39m [30m[42m unit [49m[39m app/components/Atoms/RangeSlider/RangeSlider.test.tsx[2m > [22mRangeSlider[2m > [22mrespects min and max values[32m 15[2mms[22m[39m
 [32m✓[39m [30m[42m unit [49m[39m app/components/Atoms/RangeSlider/RangeSlider.test.tsx[2m > [22mRangeSlider[2m > [22mdisables interaction when disabled prop is true[32m 11[2mms[22m[39m
 [31m×[39m [30m[42m unit [49m[39m app/components/Molecules/AboutDropdown/AboutDropdown.test.tsx[2m > [22mAboutDropdown[2m > [22mDropdown Interaction[2m > [22mupdates aria-expanded when dropdown opens[33m 5071[2mms[22m[39m
[31m   → Test timed out in 5000ms.
If this is a long-running test, pass a timeout value as the last argument or configure it globally with "testTimeout".[39m
 [32m✓[39m [30m[42m unit [49m[39m app/hooks/useCSRF.test.ts[2m > [22museCSRF[2m > [22mInitialization[2m > [22mshould initialize with null token and loading true[32m 65[2mms[22m[39m
 [32m✓[39m [30m[42m unit [49m[39m app/hooks/useCSRF.test.ts[2m > [22museCSRF[2m > [22mInitialization[2m > [22mshould read CSRF token from cookie[32m 23[2mms[22m[39m
 [32m✓[39m [30m[42m unit [49m[39m app/hooks/useCSRF.test.ts[2m > [22museCSRF[2m > [22mInitialization[2m > [22mshould handle missing CSRF cookie[32m 17[2mms[22m[39m
 [32m✓[39m [30m[42m unit [49m[39m app/hooks/useCSRF.test.ts[2m > [22museCSRF[2m > [22mgetToken[2m > [22mshould return current token[32m 11[2mms[22m[39m
 [32m✓[39m [30m[42m unit [49m[39m app/hooks/useCSRF.test.ts[2m > [22museCSRF[2m > [22mgetToken[2m > [22mshould return null when no token[32m 16[2mms[22m[39m
 [32m✓[39m [30m[42m unit [49m[39m app/hooks/useCSRF.test.ts[2m > [22museCSRF[2m > [22maddToFormData[2m > [22mshould add CSRF token to FormData[32m 23[2mms[22m[39m
 [32m✓[39m [30m[42m unit [49m[39m app/hooks/useCSRF.test.ts[2m > [22museCSRF[2m > [22maddToFormData[2m > [22mshould not add token when token is null[32m 13[2mms[22m[39m
 [32m✓[39m [30m[42m unit [49m[39m app/hooks/useCSRF.test.ts[2m > [22museCSRF[2m > [22maddToFormData[2m > [22mshould not modify original FormData[32m 16[2mms[22m[39m
 [32m✓[39m [30m[42m unit [49m[39m app/hooks/useCSRF.test.ts[2m > [22museCSRF[2m > [22maddToFormData[2m > [22mshould handle FormData with existing _csrf field[32m 32[2mms[22m[39m
 [32m✓[39m [30m[42m unit [49m[39m app/hooks/useCSRF.test.ts[2m > [22museCSRF[2m > [22maddToHeaders[2m > [22mshould add CSRF token to headers[32m 14[2mms[22m[39m
 [32m✓[39m [30m[42m unit [49m[39m app/hooks/useCSRF.test.ts[2m > [22museCSRF[2m > [22maddToHeaders[2m > [22mshould merge with existing headers[32m 16[2mms[22m[39m
 [32m✓[39m [30m[42m unit [49m[39m app/hooks/useCSRF.test.ts[2m > [22museCSRF[2m > [22maddToHeaders[2m > [22mshould return original headers when no token[32m 10[2mms[22m[39m
 [32m✓[39m [30m[42m unit [49m[39m app/hooks/useCSRF.test.ts[2m > [22museCSRF[2m > [22maddToHeaders[2m > [22mshould handle empty headers object[32m 18[2mms[22m[39m
 [32m✓[39m [30m[42m unit [49m[39m app/hooks/useCSRF.test.ts[2m > [22museCSRF[2m > [22maddToHeaders[2m > [22mshould handle Headers instance[32m 9[2mms[22m[39m
 [31m×[39m [30m[42m unit [49m[39m app/components/Molecules/MobileNavigation/MobileNavigation.test.tsx[2m > [22mMobileNavigation[2m > [22mMenu Button[2m > [22mhas proper aria attributes when menu is open[32m 61[2mms[22m[39m
[31m   → Target container is not a DOM element.[39m
 [32m✓[39m [30m[42m unit [49m[39m app/hooks/useCSRF.test.ts[2m > [22museCSRF[2m > [22msubmitForm[2m > [22mshould submit form with CSRF token[32m 33[2mms[22m[39m
 [32m✓[39m [30m[42m unit [49m[39m app/hooks/useCSRF.test.ts[2m > [22museCSRF[2m > [22msubmitForm[2m > [22mshould include CSRF token in headers[32m 9[2mms[22m[39m
 [32m✓[39m [30m[42m unit [49m[39m app/hooks/useCSRF.test.ts[2m > [22museCSRF[2m > [22msubmitForm[2m > [22mshould merge with custom options[32m 6[2mms[22m[39m
 [32m✓[39m [30m[42m unit [49m[39m app/hooks/useCSRF.test.ts[2m > [22museCSRF[2m > [22msubmitForm[2m > [22mshould return fetch response[32m 6[2mms[22m[39m
 [32m✓[39m [30m[42m unit [49m[39m app/hooks/useCSRF.test.ts[2m > [22museCSRF[2m > [22msubmitForm[2m > [22mshould propagate fetch errors[32m 24[2mms[22m[39m
 [32m✓[39m [30m[42m unit [49m[39m app/hooks/useCSRF.test.ts[2m > [22museCSRF[2m > [22mCookie Parsing[2m > [22mshould handle multiple cookies[32m 13[2mms[22m[39m
 [32m✓[39m [30m[42m unit [49m[39m app/hooks/useCSRF.test.ts[2m > [22museCSRF[2m > [22mCookie Parsing[2m > [22mshould handle cookies with spaces[32m 13[2mms[22m[39m
 [32m✓[39m [30m[42m unit [49m[39m app/hooks/useCSRF.test.ts[2m > [22museCSRF[2m > [22mCookie Parsing[2m > [22mshould handle _csrf cookie at start[32m 17[2mms[22m[39m
 [31m×[39m [30m[42m unit [49m[39m app/components/Molecules/MobileNavigation/MobileNavigation.test.tsx[2m > [22mMobileNavigation[2m > [22mMenu Button[2m > [22mcalls toggleModal when clicked[33m 5034[2mms[22m[39m
[31m   → Test timed out in 5000ms.
If this is a long-running test, pass a timeout value as the last argument or configure it globally with "testTimeout".[39m
 [32m✓[39m [30m[42m unit [49m[39m app/components/Molecules/MobileNavigation/MobileNavigation.test.tsx[2m > [22mMobileNavigation[2m > [22mMenu Button[2m > [22mdisplays bars icon[32m 18[2mms[22m[39m
 [31m×[39m [30m[42m unit [49m[39m app/components/Molecules/MobileNavigation/MobileNavigation.test.tsx[2m > [22mMobileNavigation[2m > [22mModal Menu[2m > [22mrenders modal when menu is open[32m 18[2mms[22m[39m
[31m   → Target container is not a DOM element.[39m
 [32m✓[39m [30m[42m unit [49m[39m app/components/Molecules/MobileNavigation/MobileNavigation.test.tsx[2m > [22mMobileNavigation[2m > [22mModal Menu[2m > [22mdoes not render modal when menu is closed[32m 9[2mms[22m[39m
 [31m×[39m [30m[42m unit [49m[39m app/components/Molecules/MobileNavigation/MobileNavigation.test.tsx[2m > [22mMobileNavigation[2m > [22mModal Menu[2m > [22mrenders navigation links in modal[32m 16[2mms[22m[39m
[31m   → Target container is not a DOM element.[39m
 [31m×[39m [30m[42m unit [49m[39m app/components/Molecules/MobileNavigation/MobileNavigation.test.tsx[2m > [22mMobileNavigation[2m > [22mModal Menu[2m > [22mrenders AboutDropdown in modal[32m 20[2mms[22m[39m
[31m   → Target container is not a DOM element.[39m
 [32m✓[39m [30m[42m unit [49m[39m app/hooks/useCSRF.test.ts[2m > [22museCSRF[2m > [22mCookie Parsing[2m > [22mshould handle _csrf cookie at end[32m 18[2mms[22m[39m
 [32m✓[39m [30m[42m unit [49m[39m app/hooks/useCSRF.test.ts[2m > [22museCSRF[2m > [22mCookie Parsing[2m > [22mshould handle _csrf cookie in middle[32m 15[2mms[22m[39m
 [32m✓[39m [30m[42m unit [49m[39m app/hooks/useCSRF.test.ts[2m > [22museCSRF[2m > [22mCookie Parsing[2m > [22mshould handle empty cookie string[32m 15[2mms[22m[39m
 [32m✓[39m [30m[42m unit [49m[39m app/hooks/useCSRF.test.ts[2m > [22museCSRF[2m > [22mCookie Parsing[2m > [22mshould handle cookies without _csrf[32m 18[2mms[22m[39m
 [32m✓[39m [30m[42m unit [49m[39m app/hooks/useCSRF.test.ts[2m > [22museCSRF[2m > [22mSecurity - Token Values[2m > [22mshould handle tokens with special characters[32m 17[2mms[22m[39m
 [32m✓[39m [30m[42m unit [49m[39m app/hooks/useCSRF.test.ts[2m > [22museCSRF[2m > [22mSecurity - Token Values[2m > [22mshould handle very long tokens[32m 16[2mms[22m[39m
 [32m✓[39m [30m[42m unit [49m[39m app/hooks/useCSRF.test.ts[2m > [22museCSRF[2m > [22mSecurity - Token Values[2m > [22mshould handle URL-safe base64 tokens[32m 15[2mms[22m[39m
 [32m✓[39m [30m[42m unit [49m[39m app/hooks/useCSRF.test.ts[2m > [22museCSRF[2m > [22mFunction Stability[2m > [22mshould maintain function references across renders[32m 21[2mms[22m[39m
 [31m×[39m [30m[42m unit [49m[39m app/components/Molecules/MobileNavigation/MobileNavigation.test.tsx[2m > [22mMobileNavigation[2m > [22mModal Menu[2m > [22mpasses mobile variant to AboutDropdown[32m 21[2mms[22m[39m
[31m   → Target container is not a DOM element.[39m
 [31m×[39m [30m[42m unit [49m[39m app/components/Molecules/MobileNavigation/MobileNavigation.test.tsx[2m > [22mMobileNavigation[2m > [22mNavigation Links[2m > [22mcloses menu when navigation link is clicked[32m 22[2mms[22m[39m
[31m   → Target container is not a DOM element.[39m
 [31m×[39m [30m[42m unit [49m[39m app/components/Molecules/MobileNavigation/MobileNavigation.test.tsx[2m > [22mMobileNavigation[2m > [22mNavigation Links[2m > [22mcalls onMenuClose when link is clicked[32m 23[2mms[22m[39m
[31m   → Target container is not a DOM element.[39m
 [31m×[39m [30m[42m unit [49m[39m app/components/Molecules/MobileNavigation/MobileNavigation.test.tsx[2m > [22mMobileNavigation[2m > [22mNavigation Links[2m > [22mapplies active styling to current route[32m 31[2mms[22m[39m
[31m   → Target container is not a DOM element.[39m
 [31m×[39m [30m[42m unit [49m[39m app/components/Molecules/MobileNavigation/MobileNavigation.test.tsx[2m > [22mMobileNavigation[2m > [22mUser Section - Not Logged In[2m > [22mshows Sign In link when user is not provided[32m 23[2mms[22m[39m
[31m   → Target container is not a DOM element.[39m
 [31m×[39m [30m[42m unit [49m[39m app/components/Molecules/MobileNavigation/MobileNavigation.test.tsx[2m > [22mMobileNavigation[2m > [22mUser Section - Not Logged In[2m > [22mlinks to sign in page[32m 23[2mms[22m[39m
[31m   → Target container is not a DOM element.[39m
 [31m×[39m [30m[42m unit [49m[39m app/components/Molecules/MobileNavigation/MobileNavigation.test.tsx[2m > [22mMobileNavigation[2m > [22mUser Section - Not Logged In[2m > [22mdisplays user icon[32m 28[2mms[22m[39m
[31m   → Target container is not a DOM element.[39m
 [31m×[39m [30m[42m unit [49m[39m app/components/Molecules/MobileNavigation/MobileNavigation.test.tsx[2m > [22mMobileNavigation[2m > [22mUser Section - Not Logged In[2m > [22mcloses menu when Sign In is clicked[32m 21[2mms[22m[39m
[31m   → Target container is not a DOM element.[39m
 [31m×[39m [30m[42m unit [49m[39m app/components/Molecules/MobileNavigation/MobileNavigation.test.tsx[2m > [22mMobileNavigation[2m > [22mUser Section - Logged In[2m > [22mshows Admin link when user is logged in[32m 24[2mms[22m[39m
[31m   → Target container is not a DOM element.[39m
 [31m×[39m [30m[42m unit [49m[39m app/components/Molecules/MobileNavigation/MobileNavigation.test.tsx[2m > [22mMobileNavigation[2m > [22mUser Section - Logged In[2m > [22mlinks to admin profile page[32m 83[2mms[22m[39m
[31m   → Target container is not a DOM element.[39m
 [31m×[39m [30m[42m unit [49m[39m app/components/Molecules/MobileNavigation/MobileNavigation.test.tsx[2m > [22mMobileNavigation[2m > [22mUser Section - Logged In[2m > [22mdisplays logout button when user is logged in[32m 30[2mms[22m[39m
[31m   → Target container is not a DOM element.[39m
 [31m×[39m [30m[42m unit [49m[39m app/components/Molecules/MobileNavigation/MobileNavigation.test.tsx[2m > [22mMobileNavigation[2m > [22mUser Section - Logged In[2m > [22mshows user icon when logged in[32m 29[2mms[22m[39m
[31m   → Target container is not a DOM element.[39m
 [31m×[39m [30m[42m unit [49m[39m app/components/Molecules/MobileNavigation/MobileNavigation.test.tsx[2m > [22mMobileNavigation[2m > [22mQuick Actions[2m > [22mrenders quick actions section[32m 28[2mms[22m[39m
[31m   → Target container is not a DOM element.[39m
 [31m×[39m [30m[42m unit [49m[39m app/components/Molecules/MobileNavigation/MobileNavigation.test.tsx[2m > [22mMobileNavigation[2m > [22mQuick Actions[2m > [22mhas Home quick action[32m 32[2mms[22m[39m
[31m   → Target container is not a DOM element.[39m
 [31m×[39m [30m[42m unit [49m[39m app/components/Molecules/MobileNavigation/MobileNavigation.test.tsx[2m > [22mMobileNavigation[2m > [22mQuick Actions[2m > [22mhas Search quick action[32m 27[2mms[22m[39m
[31m   → Target container is not a DOM element.[39m
 [31m×[39m [30m[42m unit [49m[39m app/components/Molecules/MobileNavigation/MobileNavigation.test.tsx[2m > [22mMobileNavigation[2m > [22mQuick Actions[2m > [22mfocuses search input when Search is clicked[32m 30[2mms[22m[39m
[31m   → Target container is not a DOM element.[39m
 [31m×[39m [30m[42m unit [49m[39m app/components/Molecules/MobileNavigation/MobileNavigation.test.tsx[2m > [22mMobileNavigation[2m > [22mQuick Actions[2m > [22mcloses menu when search is activated[32m 27[2mms[22m[39m
[31m   → Target container is not a DOM element.[39m
 [31m×[39m [30m[42m unit [49m[39m app/components/Molecules/MobileNavigation/MobileNavigation.test.tsx[2m > [22mMobileNavigation[2m > [22mQuick Actions[2m > [22mhandles missing search input gracefully[32m 25[2mms[22m[39m
[31m   → Target container is not a DOM element.[39m
 [32m✓[39m [30m[42m unit [49m[39m app/components/Molecules/MobileNavigation/MobileNavigation.test.tsx[2m > [22mMobileNavigation[2m > [22mClient-side Hydration[2m > [22mshows fallback text before client is ready[32m 20[2mms[22m[39m
 [32m✓[39m [30m[42m unit [49m[39m app/components/Molecules/MobileNavigation/MobileNavigation.test.tsx[2m > [22mMobileNavigation[2m > [22mClient-side Hydration[2m > [22mhandles translation ready state[32m 16[2mms[22m[39m
 [32m✓[39m [30m[42m unit [49m[39m app/components/Molecules/MobileNavigation/MobileNavigation.test.tsx[2m > [22mMobileNavigation[2m > [22mStyling and Layout[2m > [22mapplies noir color scheme[32m 10[2mms[22m[39m
 [32m✓[39m [30m[42m unit [49m[39m app/components/Molecules/MobileNavigation/MobileNavigation.test.tsx[2m > [22mMobileNavigation[2m > [22mStyling and Layout[2m > [22muses safe area insets[32m 19[2mms[22m[39m
 [32m✓[39m [30m[42m unit [49m[39m app/components/Molecules/MobileNavigation/MobileNavigation.test.tsx[2m > [22mMobileNavigation[2m > [22mStyling and Layout[2m > [22mapplies touch-friendly targets[32m 23[2mms[22m[39m
 [32m✓[39m [30m[42m unit [49m[39m app/components/Molecules/MobileNavigation/MobileNavigation.test.tsx[2m > [22mMobileNavigation[2m > [22mStyling and Layout[2m > [22mhas transition effects[32m 27[2mms[22m[39m
 [31m×[39m [30m[42m unit [49m[39m app/components/Molecules/MobileNavigation/MobileNavigation.test.tsx[2m > [22mMobileNavigation[2m > [22mModal Styling[2m > [22mhas scrollable content area[32m 41[2mms[22m[39m
[31m   → Target container is not a DOM element.[39m
 [31m×[39m [30m[42m unit [49m[39m app/components/Molecules/MobileNavigation/MobileNavigation.test.tsx[2m > [22mMobileNavigation[2m > [22mModal Styling[2m > [22mhas max height for modal[32m 26[2mms[22m[39m
[31m   → Target container is not a DOM element.[39m
 [31m×[39m [30m[42m unit [49m[39m app/components/Molecules/MobileNavigation/MobileNavigation.test.tsx[2m > [22mMobileNavigation[2m > [22mModal Styling[2m > [22mhas sticky header in modal[32m 23[2mms[22m[39m
[31m   → Target container is not a DOM element.[39m
 [32m✓[39m [30m[42m unit [49m[39m app/components/Containers/ErrorBoundary/components/CriticalError.test.tsx[2m > [22mCriticalError[2m > [22mRendering[2m > [22mshould render critical error UI[32m 113[2mms[22m[39m
 [32m✓[39m [30m[42m unit [49m[39m app/components/Containers/ErrorBoundary/components/CriticalError.test.tsx[2m > [22mCriticalError[2m > [22mRendering[2m > [22mshould display critical error message[32m 16[2mms[22m[39m
 [32m✓[39m [30m[42m unit [49m[39m app/components/Containers/ErrorBoundary/components/CriticalError.test.tsx[2m > [22mCriticalError[2m > [22mRendering[2m > [22mshould display error ID[32m 14[2mms[22m[39m
 [32m✓[39m [30m[42m unit [49m[39m app/components/Containers/ErrorBoundary/components/CriticalError.test.tsx[2m > [22mCriticalError[2m > [22mRendering[2m > [22mshould render alert emoji icon[32m 13[2mms[22m[39m
 [32m✓[39m [30m[42m unit [49m[39m app/components/Containers/ErrorBoundary/components/CriticalError.test.tsx[2m > [22mCriticalError[2m > [22mRendering[2m > [22mshould render refresh page button[32m 15[2mms[22m[39m
 [32m✓[39m [30m[42m unit [49m[39m app/components/Containers/ErrorBoundary/components/CriticalError.test.tsx[2m > [22mCriticalError[2m > [22mRendering[2m > [22mshould render report error button[32m 14[2mms[22m[39m
 [32m✓[39m [30m[42m unit [49m[39m app/components/Molecules/CSRFToken/CSRFProtectedForm.test.tsx[2m > [22mCSRFProtectedForm[2m > [22mRendering[2m > [22mshould render a form element[32m 87[2mms[22m[39m
 [32m✓[39m [30m[42m unit [49m[39m app/components/Containers/ErrorBoundary/components/CriticalError.test.tsx[2m > [22mCriticalError[2m > [22mInteractions[2m > [22mshould call onRetry when refresh page button is clicked[32m 22[2mms[22m[39m
 [32m✓[39m [30m[42m unit [49m[39m app/components/Containers/ErrorBoundary/components/CriticalError.test.tsx[2m > [22mCriticalError[2m > [22mInteractions[2m > [22mshould call onReportError when report error button is clicked[32m 12[2mms[22m[39m
 [32m✓[39m [30m[42m unit [49m[39m app/components/Containers/ErrorBoundary/components/CriticalError.test.tsx[2m > [22mCriticalError[2m > [22mInteractions[2m > [22mshould handle multiple refresh clicks[32m 48[2mms[22m[39m
 [32m✓[39m [30m[42m unit [49m[39m app/components/Containers/ErrorBoundary/components/CriticalError.test.tsx[2m > [22mCriticalError[2m > [22mInteractions[2m > [22mshould handle multiple report clicks[32m 11[2mms[22m[39m
 [32m✓[39m [30m[42m unit [49m[39m app/components/Containers/ErrorBoundary/components/CriticalError.test.tsx[2m > [22mCriticalError[2m > [22mInteractions[2m > [22mshould handle clicks on both buttons[32m 11[2mms[22m[39m
 [32m✓[39m [30m[42m unit [49m[39m app/components/Containers/ErrorBoundary/components/CriticalError.test.tsx[2m > [22mCriticalError[2m > [22mDifferent Error Types[2m > [22mshould display database critical error[32m 10[2mms[22m[39m
 [32m✓[39m [30m[42m unit [49m[39m app/components/Molecules/CSRFToken/CSRFProtectedForm.test.tsx[2m > [22mCSRFProtectedForm[2m > [22mRendering[2m > [22mshould render children[32m 76[2mms[22m[39m
 [32m✓[39m [30m[42m unit [49m[39m app/components/Molecules/CSRFToken/CSRFProtectedForm.test.tsx[2m > [22mCSRFProtectedForm[2m > [22mRendering[2m > [22mshould include CSRFToken component with default name[32m 18[2mms[22m[39m
 [32m✓[39m [30m[42m unit [49m[39m app/components/Molecules/CSRFToken/CSRFProtectedForm.test.tsx[2m > [22mCSRFProtectedForm[2m > [22mRendering[2m > [22mshould include CSRFToken with custom name[32m 12[2mms[22m[39m
 [32m✓[39m [30m[42m unit [49m[39m app/components/Molecules/CSRFToken/CSRFProtectedForm.test.tsx[2m > [22mCSRFProtectedForm[2m > [22mRendering[2m > [22mshould have correct displayName[32m 3[2mms[22m[39m
 [32m✓[39m [30m[42m unit [49m[39m app/components/Molecules/CSRFToken/CSRFProtectedForm.test.tsx[2m > [22mCSRFProtectedForm[2m > [22mForm Attributes[2m > [22mshould forward method attribute[32m 14[2mms[22m[39m
 [32m✓[39m [30m[42m unit [49m[39m app/components/Molecules/CSRFToken/CSRFProtectedForm.test.tsx[2m > [22mCSRFProtectedForm[2m > [22mForm Attributes[2m > [22mshould forward action attribute[32m 6[2mms[22m[39m
 [32m✓[39m [30m[42m unit [49m[39m app/components/Molecules/CSRFToken/CSRFProtectedForm.test.tsx[2m > [22mCSRFProtectedForm[2m > [22mForm Attributes[2m > [22mshould forward encType attribute[32m 7[2mms[22m[39m
 [32m✓[39m [30m[42m unit [49m[39m app/components/Molecules/CSRFToken/CSRFProtectedForm.test.tsx[2m > [22mCSRFProtectedForm[2m > [22mForm Attributes[2m > [22mshould forward className attribute[32m 8[2mms[22m[39m
 [32m✓[39m [30m[42m unit [49m[39m app/components/Molecules/CSRFToken/CSRFProtectedForm.test.tsx[2m > [22mCSRFProtectedForm[2m > [22mForm Attributes[2m > [22mshould forward data attributes[32m 10[2mms[22m[39m
 [32m✓[39m [30m[42m unit [49m[39m app/components/Molecules/CSRFToken/CSRFProtectedForm.test.tsx[2m > [22mCSRFProtectedForm[2m > [22mForm Attributes[2m > [22mshould forward aria attributes[32m 10[2mms[22m[39m
 [32m✓[39m [30m[42m unit [49m[39m app/components/Containers/ErrorBoundary/components/CriticalError.test.tsx[2m > [22mCriticalError[2m > [22mDifferent Error Types[2m > [22mshould display server critical error[32m 7[2mms[22m[39m
 [32m✓[39m [30m[42m unit [49m[39m app/components/Containers/ErrorBoundary/components/CriticalError.test.tsx[2m > [22mCriticalError[2m > [22mStyling[2m > [22mshould have full screen height[32m 10[2mms[22m[39m
 [32m✓[39m [30m[42m unit [49m[39m app/components/Containers/ErrorBoundary/components/CriticalError.test.tsx[2m > [22mCriticalError[2m > [22mStyling[2m > [22mshould center content[32m 5[2mms[22m[39m
 [32m✓[39m [30m[42m unit [49m[39m app/components/Containers/ErrorBoundary/components/CriticalError.test.tsx[2m > [22mCriticalError[2m > [22mStyling[2m > [22mshould have proper card styling[32m 6[2mms[22m[39m
 [32m✓[39m [30m[42m unit [49m[39m app/components/Containers/ErrorBoundary/components/CriticalError.test.tsx[2m > [22mCriticalError[2m > [22mStyling[2m > [22mshould have text-center alignment[32m 6[2mms[22m[39m
 [32m✓[39m [30m[42m unit [49m[39m app/components/Containers/ErrorBoundary/components/CriticalError.test.tsx[2m > [22mCriticalError[2m > [22mStyling[2m > [22mshould have red refresh button[32m 4[2mms[22m[39m
 [32m✓[39m [30m[42m unit [49m[39m app/components/Containers/ErrorBoundary/components/CriticalError.test.tsx[2m > [22mCriticalError[2m > [22mStyling[2m > [22mshould have gray report button[32m 7[2mms[22m[39m
 [32m✓[39m [30m[42m unit [49m[39m app/components/Containers/ErrorBoundary/components/CriticalError.test.tsx[2m > [22mCriticalError[2m > [22mStyling[2m > [22mshould apply hover effects[32m 6[2mms[22m[39m
 [32m✓[39m [30m[42m unit [49m[39m app/components/Containers/ErrorBoundary/components/CriticalError.test.tsx[2m > [22mCriticalError[2m > [22mStyling[2m > [22mshould have transition effects[32m 35[2mms[22m[39m
 [32m✓[39m [30m[42m unit [49m[39m app/components/Containers/ErrorBoundary/components/CriticalError.test.tsx[2m > [22mCriticalError[2m > [22mStyling[2m > [22mshould have large emoji[32m 8[2mms[22m[39m
 [32m✓[39m [30m[42m unit [49m[39m app/components/Containers/ErrorBoundary/components/CriticalError.test.tsx[2m > [22mCriticalError[2m > [22mLayout[2m > [22mshould use proper spacing between buttons[32m 7[2mms[22m[39m
 [32m✓[39m [30m[42m unit [49m[39m app/components/Molecules/CSRFToken/CSRFProtectedForm.test.tsx[2m > [22mCSRFProtectedForm[2m > [22mRef Forwarding[2m > [22mshould forward ref to form element[32m 11[2mms[22m[39m
 [32m✓[39m [30m[42m unit [49m[39m app/components/Molecules/CSRFToken/CSRFProtectedForm.test.tsx[2m > [22mCSRFProtectedForm[2m > [22mRef Forwarding[2m > [22mshould allow form methods to be called via ref[32m 14[2mms[22m[39m
 [32m✓[39m [30m[42m unit [49m[39m app/components/Molecules/CSRFToken/CSRFProtectedForm.test.tsx[2m > [22mCSRFProtectedForm[2m > [22mEvent Handlers[2m > [22mshould handle onSubmit event[32m 22[2mms[22m[39m
 [32m✓[39m [30m[42m unit [49m[39m app/components/Molecules/CSRFToken/CSRFProtectedForm.test.tsx[2m > [22mCSRFProtectedForm[2m > [22mEvent Handlers[2m > [22mshould forward onChange event handler[32m 7[2mms[22m[39m
 [32m✓[39m [30m[42m unit [49m[39m app/components/Molecules/CSRFToken/CSRFProtectedForm.test.tsx[2m > [22mCSRFProtectedForm[2m > [22mSecurity - CSRF Protection[2m > [22mshould always include CSRF token in form[32m 7[2mms[22m[39m
 [32m✓[39m [30m[42m unit [49m[39m app/components/Molecules/CSRFToken/CSRFProtectedForm.test.tsx[2m > [22mCSRFProtectedForm[2m > [22mSecurity - CSRF Protection[2m > [22mshould handle missing CSRF token gracefully[32m 5[2mms[22m[39m
 [32m✓[39m [30m[42m unit [49m[39m app/components/Molecules/CSRFToken/CSRFProtectedForm.test.tsx[2m > [22mCSRFProtectedForm[2m > [22mSecurity - CSRF Protection[2m > [22mshould handle loading state[32m 5[2mms[22m[39m
 [32m✓[39m [30m[42m unit [49m[39m app/components/Molecules/CSRFToken/CSRFProtectedForm.test.tsx[2m > [22mCSRFProtectedForm[2m > [22mSecurity - CSRF Protection[2m > [22mshould position CSRF token before other inputs[32m 7[2mms[22m[39m
 [32m✓[39m [30m[42m unit [49m[39m app/components/Molecules/CSRFToken/CSRFProtectedForm.test.tsx[2m > [22mCSRFProtectedForm[2m > [22mForm Types[2m > [22mshould work with login forms[32m 8[2mms[22m[39m
 [32m✓[39m [30m[42m unit [49m[39m app/components/Molecules/CSRFToken/CSRFProtectedForm.test.tsx[2m > [22mCSRFProtectedForm[2m > [22mForm Types[2m > [22mshould work with multipart forms[32m 9[2mms[22m[39m
 [32m✓[39m [30m[42m unit [49m[39m app/components/Molecules/CSRFToken/CSRFProtectedForm.test.tsx[2m > [22mCSRFProtectedForm[2m > [22mForm Types[2m > [22mshould work with complex nested structures[32m 9[2mms[22m[39m
 [32m✓[39m [30m[42m unit [49m[39m app/components/Containers/ErrorBoundary/components/CriticalError.test.tsx[2m > [22mCriticalError[2m > [22mLayout[2m > [22mshould have proper padding[32m 7[2mms[22m[39m
 [32m✓[39m [30m[42m unit [49m[39m app/components/Containers/ErrorBoundary/components/CriticalError.test.tsx[2m > [22mCriticalError[2m > [22mLayout[2m > [22mshould render buttons in correct order[32m 12[2mms[22m[39m
 [32m✓[39m [30m[42m unit [49m[39m app/components/Containers/ErrorBoundary/components/CriticalError.test.tsx[2m > [22mCriticalError[2m > [22mLayout[2m > [22mshould have proper margins[32m 3[2mms[22m[39m
 [32m✓[39m [30m[42m unit [49m[39m app/components/Containers/ErrorBoundary/components/CriticalError.test.tsx[2m > [22mCriticalError[2m > [22mAccessibility[2m > [22mshould render all buttons as button elements[32m 6[2mms[22m[39m
 [32m✓[39m [30m[42m unit [49m[39m app/components/Containers/ErrorBoundary/components/CriticalError.test.tsx[2m > [22mCriticalError[2m > [22mAccessibility[2m > [22mshould have semantic HTML structure[32m 4[2mms[22m[39m
 [32m✓[39m [30m[42m unit [49m[39m app/components/Containers/ErrorBoundary/components/CriticalError.test.tsx[2m > [22mCriticalError[2m > [22mAccessibility[2m > [22mshould display critical information in accessible format[32m 14[2mms[22m[39m
 [32m✓[39m [30m[42m unit [49m[39m app/components/Containers/ErrorBoundary/components/CriticalError.test.tsx[2m > [22mCriticalError[2m > [22mAccessibility[2m > [22mshould have proper heading hierarchy[32m 7[2mms[22m[39m
 [32m✓[39m [30m[42m unit [49m[39m app/components/Containers/ErrorBoundary/components/CriticalError.test.tsx[2m > [22mCriticalError[2m > [22mAccessibility[2m > [22mshould have full width buttons[32m 14[2mms[22m[39m
 [32m✓[39m [30m[42m unit [49m[39m app/components/Containers/ErrorBoundary/components/CriticalError.test.tsx[2m > [22mCriticalError[2m > [22mResponsive Design[2m > [22mshould have responsive padding[32m 7[2mms[22m[39m
 [32m✓[39m [30m[42m unit [49m[39m app/components/Containers/ErrorBoundary/components/CriticalError.test.tsx[2m > [22mCriticalError[2m > [22mResponsive Design[2m > [22mshould have max width constraint[32m 7[2mms[22m[39m
 [32m✓[39m [30m[42m unit [49m[39m app/components/Containers/ErrorBoundary/components/CriticalError.test.tsx[2m > [22mCriticalError[2m > [22mResponsive Design[2m > [22mshould take full width within constraints[32m 6[2mms[22m[39m
[90mstdout[2m | app/components/Organisms/LinkCard/LinkCard.test.tsx
[22m[39mInitializing Prisma with database URL: postgresql://test:test@localhost:5432/test_db
Environment: test | Localhost detected: [33mtrue[39m

 [32m✓[39m [30m[42m unit [49m[39m app/components/Molecules/CSRFToken/CSRFProtectedForm.test.tsx[2m > [22mCSRFProtectedForm[2m > [22mEdge Cases[2m > [22mshould handle empty children[32m 7[2mms[22m[39m
 [32m✓[39m [30m[42m unit [49m[39m app/components/Molecules/CSRFToken/CSRFProtectedForm.test.tsx[2m > [22mCSRFProtectedForm[2m > [22mEdge Cases[2m > [22mshould handle multiple children of different types[32m 14[2mms[22m[39m
 [32m✓[39m [30m[42m unit [49m[39m app/components/Molecules/CSRFToken/CSRFProtectedForm.test.tsx[2m > [22mCSRFProtectedForm[2m > [22mEdge Cases[2m > [22mshould handle form with no submit button[32m 5[2mms[22m[39m
 [32m✓[39m [30m[42m unit [49m[39m app/components/Molecules/CSRFToken/CSRFProtectedForm.test.tsx[2m > [22mCSRFProtectedForm[2m > [22mAccessibility[2m > [22mshould maintain form accessibility with ARIA labels[32m 8[2mms[22m[39m
 [32m✓[39m [30m[42m unit [49m[39m app/components/Molecules/CSRFToken/CSRFProtectedForm.test.tsx[2m > [22mCSRFProtectedForm[2m > [22mAccessibility[2m > [22mshould not interfere with form validation[32m 10[2mms[22m[39m
 [32m✓[39m [30m[42m unit [49m[39m app/components/Molecules/CSRFToken/CSRFProtectedForm.test.tsx[2m > [22mCSRFProtectedForm[2m > [22mAccessibility[2m > [22mshould maintain proper form semantics[32m 15[2mms[22m[39m
 [32m✓[39m [30m[42m unit [49m[39m app/components/Containers/ErrorBoundary/components/CriticalError.test.tsx[2m > [22mCriticalError[2m > [22mEdge Cases[2m > [22mshould handle different error IDs[32m 31[2mms[22m[39m
 [32m✓[39m [30m[42m unit [49m[39m app/components/Containers/ErrorBoundary/components/CriticalError.test.tsx[2m > [22mCriticalError[2m > [22mEdge Cases[2m > [22mshould handle rapid button clicks[32m 12[2mms[22m[39m
 [32m✓[39m [30m[42m unit [49m[39m app/components/Containers/ErrorBoundary/components/CriticalError.test.tsx[2m > [22mCriticalError[2m > [22mEdge Cases[2m > [22mshould handle long error IDs[32m 9[2mms[22m[39m
 [32m✓[39m [30m[42m unit [49m[39m app/components/Containers/ErrorBoundary/components/CriticalError.test.tsx[2m > [22mCriticalError[2m > [22mComponent Integration[2m > [22mshould work with all critical error types[32m 16[2mms[22m[39m
 [32m✓[39m [30m[42m unit [49m[39m app/components/Containers/ErrorBoundary/components/CriticalError.test.tsx[2m > [22mCriticalError[2m > [22mComponent Integration[2m > [22mshould maintain functionality across re-renders[32m 22[2mms[22m[39m
 [32m✓[39m [30m[42m unit [49m[39m app/components/Containers/ErrorBoundary/components/CriticalError.test.tsx[2m > [22mCriticalError[2m > [22mComponent Integration[2m > [22mshould work independently of error prop changes[32m 12[2mms[22m[39m
 [32m✓[39m [30m[42m unit [49m[39m app/components/Containers/ErrorBoundary/components/CriticalError.test.tsx[2m > [22mCriticalError[2m > [22mVisual Hierarchy[2m > [22mshould have proper font sizes[32m 7[2mms[22m[39m
 [32m✓[39m [30m[42m unit [49m[39m app/components/Containers/ErrorBoundary/components/CriticalError.test.tsx[2m > [22mCriticalError[2m > [22mVisual Hierarchy[2m > [22mshould have proper text colors[32m 4[2mms[22m[39m
 [32m✓[39m [30m[42m unit [49m[39m app/components/Containers/ErrorBoundary/components/CriticalError.test.tsx[2m > [22mCriticalError[2m > [22mVisual Hierarchy[2m > [22mshould emphasize the heading[32m 6[2mms[22m[39m
 [32m✓[39m [30m[42m unit [49m[39m app/components/Containers/ErrorBoundary/components/CriticalError.test.tsx[2m > [22mCriticalError[2m > [22mUser Guidance[2m > [22mshould provide clear action instructions[32m 6[2mms[22m[39m
 [32m✓[39m [30m[42m unit [49m[39m app/components/Containers/ErrorBoundary/components/CriticalError.test.tsx[2m > [22mCriticalError[2m > [22mUser Guidance[2m > [22mshould suggest both refresh and contact support[32m 6[2mms[22m[39m
 [32m✓[39m [30m[42m unit [49m[39m app/components/Containers/ErrorBoundary/components/CriticalError.test.tsx[2m > [22mCriticalError[2m > [22mUser Guidance[2m > [22mshould provide actionable buttons[32m 9[2mms[22m[39m
 [32m✓[39m [30m[42m unit [49m[39m app/components/Containers/ErrorBoundary/components/PageError.test.tsx[2m > [22mPageError[2m > [22mRendering[2m > [22mshould render page error UI[32m 125[2mms[22m[39m
 [32m✓[39m [30m[42m unit [49m[39m app/components/Containers/ErrorBoundary/components/PageError.test.tsx[2m > [22mPageError[2m > [22mRendering[2m > [22mshould display error message[32m 18[2mms[22m[39m
 [32m✓[39m [30m[42m unit [49m[39m app/components/Containers/ErrorBoundary/components/PageError.test.tsx[2m > [22mPageError[2m > [22mRendering[2m > [22mshould display error ID[32m 15[2mms[22m[39m
 [32m✓[39m [30m[42m unit [49m[39m app/components/Containers/ErrorBoundary/components/PageError.test.tsx[2m > [22mPageError[2m > [22mRendering[2m > [22mshould render emoji warning icon[32m 15[2mms[22m[39m
 [32m✓[39m [30m[42m unit [49m[39m app/components/Containers/ErrorBoundary/components/PageError.test.tsx[2m > [22mPageError[2m > [22mRendering[2m > [22mshould render try again button[32m 16[2mms[22m[39m
 [32m✓[39m [30m[42m unit [49m[39m app/components/Containers/ErrorBoundary/components/PageError.test.tsx[2m > [22mPageError[2m > [22mRendering[2m > [22mshould render go back button[32m 16[2mms[22m[39m
 [32m✓[39m [30m[42m unit [49m[39m app/components/Containers/ErrorBoundary/components/PageError.test.tsx[2m > [22mPageError[2m > [22mRendering[2m > [22mshould render report issue button[32m 19[2mms[22m[39m
 [32m✓[39m [30m[42m unit [49m[39m app/components/Containers/ErrorBoundary/components/PageError.test.tsx[2m > [22mPageError[2m > [22mInteractions[2m > [22mshould call onRetry when try again button is clicked[32m 48[2mms[22m[39m
 [32m✓[39m [30m[42m unit [49m[39m app/components/Containers/ErrorBoundary/components/PageError.test.tsx[2m > [22mPageError[2m > [22mInteractions[2m > [22mshould call window.history.back when go back button is clicked[32m 20[2mms[22m[39m
 [32m✓[39m [30m[42m unit [49m[39m app/components/Containers/ErrorBoundary/components/PageError.test.tsx[2m > [22mPageError[2m > [22mInteractions[2m > [22mshould call onReportError when report issue button is clicked[32m 14[2mms[22m[39m
 [32m✓[39m [30m[42m unit [49m[39m app/components/Containers/ErrorBoundary/components/PageError.test.tsx[2m > [22mPageError[2m > [22mInteractions[2m > [22mshould handle multiple button clicks[32m 15[2mms[22m[39m
 [32m✓[39m [30m[42m unit [49m[39m app/components/Containers/ErrorBoundary/components/PageError.test.tsx[2m > [22mPageError[2m > [22mDifferent Error Types[2m > [22mshould display server error message[32m 8[2mms[22m[39m
 [32m✓[39m [30m[42m unit [49m[39m app/components/Containers/ErrorBoundary/components/PageError.test.tsx[2m > [22mPageError[2m > [22mDifferent Error Types[2m > [22mshould display not found error message[32m 10[2mms[22m[39m
 [32m✓[39m [30m[42m unit [49m[39m app/components/Containers/ErrorBoundary/components/PageError.test.tsx[2m > [22mPageError[2m > [22mDifferent Error Types[2m > [22mshould display authorization error message[32m 8[2mms[22m[39m
 [32m✓[39m [30m[42m unit [49m[39m app/components/Containers/ErrorBoundary/components/PageError.test.tsx[2m > [22mPageError[2m > [22mStyling[2m > [22mshould have full screen height[32m 11[2mms[22m[39m
 [32m✓[39m [30m[42m unit [49m[39m app/components/Containers/ErrorBoundary/components/PageError.test.tsx[2m > [22mPageError[2m > [22mStyling[2m > [22mshould center content[32m 7[2mms[22m[39m
 [32m✓[39m [30m[42m unit [49m[39m app/components/Containers/ErrorBoundary/components/PageError.test.tsx[2m > [22mPageError[2m > [22mStyling[2m > [22mshould have proper card styling[32m 5[2mms[22m[39m
 [32m✓[39m [30m[42m unit [49m[39m app/components/Containers/ErrorBoundary/components/PageError.test.tsx[2m > [22mPageError[2m > [22mStyling[2m > [22mshould have correct button colors[32m 7[2mms[22m[39m
 [32m✓[39m [30m[42m unit [49m[39m app/components/Containers/ErrorBoundary/components/PageError.test.tsx[2m > [22mPageError[2m > [22mStyling[2m > [22mshould apply hover effects[32m 11[2mms[22m[39m
 [32m✓[39m [30m[42m unit [49m[39m app/components/Organisms/PerformanceDashboard/PerformanceDashboard.test.tsx[2m > [22mPerformanceDashboard (Organism)[2m > [22mNavigation Timing Display[2m > [22mshould display Load Complete time[32m 28[2mms[22m[39m
 [32m✓[39m [30m[42m unit [49m[39m app/components/Organisms/PerformanceDashboard/PerformanceDashboard.test.tsx[2m > [22mPerformanceDashboard (Organism)[2m > [22mResource Metrics Display[2m > [22mshould display resource count[32m 28[2mms[22m[39m
 [32m✓[39m [30m[42m unit [49m[39m app/components/Organisms/PerformanceDashboard/PerformanceDashboard.test.tsx[2m > [22mPerformanceDashboard (Organism)[2m > [22mResource Metrics Display[2m > [22mshould display total resource size[32m 40[2mms[22m[39m
 [32m✓[39m [30m[42m unit [49m[39m app/components/Organisms/PerformanceDashboard/PerformanceDashboard.test.tsx[2m > [22mPerformanceDashboard (Organism)[2m > [22mResource Metrics Display[2m > [22mshould display resource load time[32m 26[2mms[22m[39m
 [32m✓[39m [30m[42m unit [49m[39m app/components/Containers/ErrorBoundary/components/PageError.test.tsx[2m > [22mPageError[2m > [22mStyling[2m > [22mshould have transition effects[32m 33[2mms[22m[39m
 [32m✓[39m [30m[42m unit [49m[39m app/components/Containers/ErrorBoundary/components/PageError.test.tsx[2m > [22mPageError[2m > [22mLayout[2m > [22mshould use proper spacing between buttons[32m 6[2mms[22m[39m
 [32m✓[39m [30m[42m unit [49m[39m app/components/Containers/ErrorBoundary/components/PageError.test.tsx[2m > [22mPageError[2m > [22mLayout[2m > [22mshould have proper padding[32m 8[2mms[22m[39m
 [32m✓[39m [30m[42m unit [49m[39m app/components/Containers/ErrorBoundary/components/PageError.test.tsx[2m > [22mPageError[2m > [22mLayout[2m > [22mshould render buttons in correct order[32m 15[2mms[22m[39m
 [32m✓[39m [30m[42m unit [49m[39m app/components/Containers/ErrorBoundary/components/PageError.test.tsx[2m > [22mPageError[2m > [22mLayout[2m > [22mshould center text elements[32m 4[2mms[22m[39m
 [32m✓[39m [30m[42m unit [49m[39m app/components/Containers/ErrorBoundary/components/PageError.test.tsx[2m > [22mPageError[2m > [22mAccessibility[2m > [22mshould render all buttons as button elements[32m 9[2mms[22m[39m
 [32m✓[39m [30m[42m unit [49m[39m app/components/Containers/ErrorBoundary/components/PageError.test.tsx[2m > [22mPageError[2m > [22mAccessibility[2m > [22mshould have semantic HTML structure[32m 6[2mms[22m[39m
 [32m✓[39m [30m[42m unit [49m[39m app/components/Containers/ErrorBoundary/components/PageError.test.tsx[2m > [22mPageError[2m > [22mAccessibility[2m > [22mshould display error information in accessible format[32m 14[2mms[22m[39m
 [32m✓[39m [30m[42m unit [49m[39m app/components/Containers/ErrorBoundary/components/PageError.test.tsx[2m > [22mPageError[2m > [22mAccessibility[2m > [22mshould have proper heading hierarchy[32m 6[2mms[22m[39m
 [32m✓[39m [30m[42m unit [49m[39m app/components/Containers/ErrorBoundary/components/PageError.test.tsx[2m > [22mPageError[2m > [22mResponsive Design[2m > [22mshould have responsive padding[32m 7[2mms[22m[39m
 [32m✓[39m [30m[42m unit [49m[39m app/components/Containers/ErrorBoundary/components/PageError.test.tsx[2m > [22mPageError[2m > [22mResponsive Design[2m > [22mshould have max width constraint[32m 26[2mms[22m[39m
 [32m✓[39m [30m[42m unit [49m[39m app/components/Containers/ErrorBoundary/components/PageError.test.tsx[2m > [22mPageError[2m > [22mResponsive Design[2m > [22mshould take full width within constraints[32m 7[2mms[22m[39m
 [32m✓[39m [30m[42m unit [49m[39m app/components/Containers/ErrorBoundary/components/PageError.test.tsx[2m > [22mPageError[2m > [22mEdge Cases[2m > [22mshould handle very long error messages[32m 6[2mms[22m[39m
 [32m✓[39m [30m[42m unit [49m[39m app/components/Containers/ErrorBoundary/components/PageError.test.tsx[2m > [22mPageError[2m > [22mEdge Cases[2m > [22mshould handle error messages with special characters[32m 9[2mms[22m[39m
 [32m✓[39m [30m[42m unit [49m[39m app/components/Containers/ErrorBoundary/components/PageError.test.tsx[2m > [22mPageError[2m > [22mEdge Cases[2m > [22mshould handle rapid button clicks[32m 12[2mms[22m[39m
 [32m✓[39m [30m[42m unit [49m[39m app/components/Containers/ErrorBoundary/components/PageError.test.tsx[2m > [22mPageError[2m > [22mEdge Cases[2m > [22mshould handle long error IDs[32m 9[2mms[22m[39m
 [32m✓[39m [30m[42m unit [49m[39m app/components/Containers/ErrorBoundary/components/PageError.test.tsx[2m > [22mPageError[2m > [22mComponent Integration[2m > [22mshould work with all error types[32m 37[2mms[22m[39m
 [32m✓[39m [30m[42m unit [49m[39m app/components/Containers/ErrorBoundary/components/PageError.test.tsx[2m > [22mPageError[2m > [22mComponent Integration[2m > [22mshould maintain state across re-renders[32m 16[2mms[22m[39m
 [32m✓[39m [30m[42m unit [49m[39m app/components/Containers/ErrorBoundary/components/PageError.test.tsx[2m > [22mPageError[2m > [22mVisual Hierarchy[2m > [22mshould have proper font sizes[32m 5[2mms[22m[39m
 [32m✓[39m [30m[42m unit [49m[39m app/components/Containers/ErrorBoundary/components/PageError.test.tsx[2m > [22mPageError[2m > [22mVisual Hierarchy[2m > [22mshould have proper margins and spacing[32m 9[2mms[22m[39m
 [32m✓[39m [30m[42m unit [49m[39m app/components/Organisms/LinkCard/LinkCard.test.tsx[2m > [22mLinkCard[2m > [22mRendering[2m > [22mrenders the link card[32m 151[2mms[22m[39m
 [32m✓[39m [30m[42m unit [49m[39m app/components/Organisms/LinkCard/LinkCard.test.tsx[2m > [22mLinkCard[2m > [22mRendering[2m > [22mrenders perfume name[32m 46[2mms[22m[39m
 [32m✓[39m [30m[42m unit [49m[39m app/components/Organisms/LinkCard/LinkCard.test.tsx[2m > [22mLinkCard[2m > [22mRendering[2m > [22mrenders perfume house name when provided[32m 17[2mms[22m[39m
 [32m✓[39m [30m[42m unit [49m[39m app/components/Organisms/LinkCard/LinkCard.test.tsx[2m > [22mLinkCard[2m > [22mRendering[2m > [22mrenders image with correct src[32m 20[2mms[22m[39m
 [32m✓[39m [30m[42m unit [49m[39m app/components/Organisms/LinkCard/LinkCard.test.tsx[2m > [22mLinkCard[2m > [22mRendering[2m > [22mdoes not render house name when not provided[32m 15[2mms[22m[39m
 [32m✓[39m [30m[42m unit [49m[39m app/components/Organisms/LinkCard/LinkCard.test.tsx[2m > [22mLinkCard[2m > [22mRendering[2m > [22mrenders perfume type badge when provided[32m 13[2mms[22m[39m
 [32m✓[39m [30m[42m unit [49m[39m app/components/Organisms/LinkCard/LinkCard.test.tsx[2m > [22mLinkCard[2m > [22mRendering[2m > [22mdoes not render type badge when type is not provided[32m 7[2mms[22m[39m
 [32m✓[39m [30m[42m unit [49m[39m app/components/Organisms/LinkCard/LinkCard.test.tsx[2m > [22mLinkCard[2m > [22mNavigation[2m > [22mlinks to perfume page when type is perfume[32m 14[2mms[22m[39m
 [32m✓[39m [30m[42m unit [49m[39m app/components/Organisms/LinkCard/LinkCard.test.tsx[2m > [22mLinkCard[2m > [22mNavigation[2m > [22mlinks to house page when type is house[32m 18[2mms[22m[39m
 [32m✓[39m [30m[42m unit [49m[39m app/components/Organisms/LinkCard/LinkCard.test.tsx[2m > [22mLinkCard[2m > [22mNavigation[2m > [22mpasses selectedLetter in state when provided[32m 13[2mms[22m[39m
 [32m✓[39m [30m[42m unit [49m[39m app/components/Organisms/LinkCard/LinkCard.test.tsx[2m > [22mLinkCard[2m > [22mNavigation[2m > [22mpasses sourcePage in state when provided[32m 11[2mms[22m[39m
 [32m✓[39m [30m[42m unit [49m[39m app/components/Organisms/LinkCard/LinkCard.test.tsx[2m > [22mLinkCard[2m > [22mNavigation[2m > [22mpasses both selectedLetter and sourcePage when both provided[32m 12[2mms[22m[39m
 [32m✓[39m [30m[42m unit [49m[39m app/components/Organisms/LinkCard/LinkCard.test.tsx[2m > [22mLinkCard[2m > [22mImage Display[2m > [22mrenders image with correct alt text[32m 13[2mms[22m[39m
 [32m✓[39m [30m[42m unit [49m[39m app/components/Organisms/LinkCard/LinkCard.test.tsx[2m > [22mLinkCard[2m > [22mImage Display[2m > [22mapplies correct image dimensions[32m 12[2mms[22m[39m
 [32m✓[39m [30m[42m unit [49m[39m app/components/Organisms/LinkCard/LinkCard.test.tsx[2m > [22mLinkCard[2m > [22mImage Display[2m > [22mapplies grayscale filter class[32m 11[2mms[22m[39m
 [32m✓[39m [30m[42m unit [49m[39m app/components/Organisms/LinkCard/LinkCard.test.tsx[2m > [22mLinkCard[2m > [22mImage Display[2m > [22mapplies hover transition classes[32m 11[2mms[22m[39m
 [32m✓[39m [30m[42m unit [49m[39m app/components/Organisms/LinkCard/LinkCard.test.tsx[2m > [22mLinkCard[2m > [22mImage Display[2m > [22mapplies view transition name[32m 11[2mms[22m[39m
 [32m✓[39m [30m[42m unit [49m[39m app/components/Organisms/LinkCard/LinkCard.test.tsx[2m > [22mLinkCard[2m > [22mImage Display[2m > [22mapplies contain style for performance[32m 7[2mms[22m[39m
 [32m✓[39m [30m[42m unit [49m[39m app/components/Organisms/LinkCard/LinkCard.test.tsx[2m > [22mLinkCard[2m > [22mType Badge[2m > [22mdisplays type with capitalization[32m 11[2mms[22m[39m
 [32m✓[39m [30m[42m unit [49m[39m app/components/Organisms/LinkCard/LinkCard.test.tsx[2m > [22mLinkCard[2m > [22mType Badge[2m > [22mpositions badge at bottom right[32m 9[2mms[22m[39m
 [32m✓[39m [30m[42m unit [49m[39m app/components/Organisms/LinkCard/LinkCard.test.tsx[2m > [22mLinkCard[2m > [22mType Badge[2m > [22mapplies noir-gold background to badge[32m 10[2mms[22m[39m
 [32m✓[39m [30m[42m unit [49m[39m app/components/Organisms/LinkCard/LinkCard.test.tsx[2m > [22mLinkCard[2m > [22mType Badge[2m > [22mapplies noir-black text to badge[32m 26[2mms[22m[39m
 [32m✓[39m [30m[42m unit [49m[39m app/components/Organisms/LinkCard/LinkCard.test.tsx[2m > [22mLinkCard[2m > [22mType Badge[2m > [22mrenders different perfume types correctly[32m 27[2mms[22m[39m
 [32m✓[39m [30m[42m unit [49m[39m app/components/Organisms/LinkCard/LinkCard.test.tsx[2m > [22mLinkCard[2m > [22mChildren[2m > [22mrenders children when provided[32m 10[2mms[22m[39m
 [32m✓[39m [30m[42m unit [49m[39m app/components/Organisms/LinkCard/LinkCard.test.tsx[2m > [22mLinkCard[2m > [22mChildren[2m > [22mrenders without children[32m 9[2mms[22m[39m
 [32m✓[39m [30m[42m unit [49m[39m app/components/Organisms/LinkCard/LinkCard.test.tsx[2m > [22mLinkCard[2m > [22mChildren[2m > [22mpositions children at bottom with overlay[32m 9[2mms[22m[39m
 [32m✓[39m [30m[42m unit [49m[39m app/components/Organisms/LinkCard/LinkCard.test.tsx[2m > [22mLinkCard[2m > [22mChildren[2m > [22mapplies dark overlay background to children container[32m 6[2mms[22m[39m
 [32m✓[39m [30m[42m unit [49m[39m app/components/Organisms/LinkCard/LinkCard.test.tsx[2m > [22mLinkCard[2m > [22mChildren[2m > [22mapplies border to children container[32m 7[2mms[22m[39m
 [32m✓[39m [30m[42m unit [49m[39m app/components/Organisms/LinkCard/LinkCard.test.tsx[2m > [22mLinkCard[2m > [22mStyling[2m > [22mapplies noir border class[32m 6[2mms[22m[39m
 [32m✓[39m [30m[42m unit [49m[39m app/components/Organisms/LinkCard/LinkCard.test.tsx[2m > [22mLinkCard[2m > [22mStyling[2m > [22mapplies transition classes[32m 7[2mms[22m[39m
 [32m✓[39m [30m[42m unit [49m[39m app/components/Organisms/LinkCard/LinkCard.test.tsx[2m > [22mLinkCard[2m > [22mStyling[2m > [22mapplies dark background with backdrop blur[32m 10[2mms[22m[39m
 [32m✓[39m [30m[42m unit [49m[39m app/components/Organisms/LinkCard/LinkCard.test.tsx[2m > [22mLinkCard[2m > [22mStyling[2m > [22mapplies group class for hover effects[32m 8[2mms[22m[39m
 [32m✓[39m [30m[42m unit [49m[39m app/components/Organisms/LinkCard/LinkCard.test.tsx[2m > [22mLinkCard[2m > [22mStyling[2m > [22mapplies overflow-hidden[32m 8[2mms[22m[39m
 [32m✓[39m [30m[42m unit [49m[39m app/components/Organisms/LinkCard/LinkCard.test.tsx[2m > [22mLinkCard[2m > [22mLayout[2m > [22muses flex column layout for link[32m 8[2mms[22m[39m
 [32m✓[39m [30m[42m unit [49m[39m app/components/Organisms/LinkCard/LinkCard.test.tsx[2m > [22mLinkCard[2m > [22mLayout[2m > [22mcenters items and justifies between[32m 8[2mms[22m[39m
 [32m✓[39m [30m[42m unit [49m[39m app/components/Organisms/LinkCard/LinkCard.test.tsx[2m > [22mLinkCard[2m > [22mLayout[2m > [22mapplies padding to link[32m 6[2mms[22m[39m
 [32m✓[39m [30m[42m unit [49m[39m app/components/Organisms/LinkCard/LinkCard.test.tsx[2m > [22mLinkCard[2m > [22mLayout[2m > [22mcenters text content[32m 8[2mms[22m[39m
 [32m✓[39m [30m[42m unit [49m[39m app/components/Organisms/LinkCard/LinkCard.test.tsx[2m > [22mLinkCard[2m > [22mPerfume House Display[2m > [22mapplies correct styling to house name[32m 7[2mms[22m[39m
 [32m✓[39m [30m[42m unit [49m[39m app/components/Organisms/LinkCard/LinkCard.test.tsx[2m > [22mLinkCard[2m > [22mPerfume House Display[2m > [22mrenders house name as paragraph[32m 7[2mms[22m[39m
 [32m✓[39m [30m[42m unit [49m[39m app/components/Organisms/LinkCard/LinkCard.test.tsx[2m > [22mLinkCard[2m > [22mText Wrapping[2m > [22mapplies text-wrap to perfume name[32m 14[2mms[22m[39m
 [32m✓[39m [30m[42m unit [49m[39m app/components/Organisms/LinkCard/LinkCard.test.tsx[2m > [22mLinkCard[2m > [22mText Wrapping[2m > [22mhandles long perfume names[32m 7[2mms[22m[39m
 [32m✓[39m [30m[42m unit [49m[39m app/components/Organisms/LinkCard/LinkCard.test.tsx[2m > [22mLinkCard[2m > [22mAccessibility[2m > [22muses semantic heading for name[32m 8[2mms[22m[39m
 [32m✓[39m [30m[42m unit [49m[39m app/components/Organisms/LinkCard/LinkCard.test.tsx[2m > [22mLinkCard[2m > [22mAccessibility[2m > [22mprovides descriptive alt text for image[32m 13[2mms[22m[39m
 [32m✓[39m [30m[42m unit [49m[39m app/components/Organisms/LinkCard/LinkCard.test.tsx[2m > [22mLinkCard[2m > [22mAccessibility[2m > [22muses semantic link element[32m 11[2mms[22m[39m
 [32m✓[39m [30m[42m unit [49m[39m app/components/Organisms/LinkCard/LinkCard.test.tsx[2m > [22mLinkCard[2m > [22mAccessibility[2m > [22mhas visible text for navigation[32m 28[2mms[22m[39m
 [32m✓[39m [30m[42m unit [49m[39m app/components/Organisms/LinkCard/LinkCard.test.tsx[2m > [22mLinkCard[2m > [22mEdge Cases[2m > [22mhandles missing image gracefully[32m 7[2mms[22m[39m
 [32m✓[39m [30m[42m unit [49m[39m app/components/Organisms/LinkCard/LinkCard.test.tsx[2m > [22mLinkCard[2m > [22mEdge Cases[2m > [22mhandles special characters in name[32m 8[2mms[22m[39m
 [32m✓[39m [30m[42m unit [49m[39m app/components/Organisms/LinkCard/LinkCard.test.tsx[2m > [22mLinkCard[2m > [22mEdge Cases[2m > [22mhandles empty perfumeHouse object[32m 11[2mms[22m[39m
 [32m✓[39m [30m[42m unit [49m[39m app/components/Organisms/LinkCard/LinkCard.test.tsx[2m > [22mLinkCard[2m > [22mEdge Cases[2m > [22mhandles null children[32m 11[2mms[22m[39m
 [32m✓[39m [30m[42m unit [49m[39m app/components/Organisms/LinkCard/LinkCard.test.tsx[2m > [22mLinkCard[2m > [22mEdge Cases[2m > [22mhandles multiple children[32m 13[2mms[22m[39m
 [32m✓[39m [30m[42m unit [49m[39m app/components/Organisms/LinkCard/LinkCard.test.tsx[2m > [22mLinkCard[2m > [22mView Transition[2m > [22mapplies viewTransition attribute to link[32m 9[2mms[22m[39m
 [32m✓[39m [30m[42m unit [49m[39m app/components/Organisms/LinkCard/LinkCard.test.tsx[2m > [22mLinkCard[2m > [22mView Transition[2m > [22msets unique viewTransitionName based on item id[32m 10[2mms[22m[39m
 [32m✓[39m [30m[42m unit [49m[39m app/components/Organisms/LinkCard/LinkCard.test.tsx[2m > [22mLinkCard[2m > [22mView Transition[2m > [22mcreates different viewTransitionName for different items[32m 23[2mms[22m[39m
 [32m✓[39m [30m[42m unit [49m[39m app/components/Organisms/LinkCard/LinkCard.test.tsx[2m > [22mLinkCard[2m > [22mIntegration[2m > [22mworks with both perfume and house types[32m 16[2mms[22m[39m
 [32m✓[39m [30m[42m unit [49m[39m app/components/Organisms/LinkCard/LinkCard.test.tsx[2m > [22mLinkCard[2m > [22mIntegration[2m > [22mintegrates with router navigation[32m 8[2mms[22m[39m
 [31m×[39m [30m[42m unit [49m[39m app/components/Molecules/AboutDropdown/AboutDropdown.test.tsx[2m > [22mAboutDropdown[2m > [22mDropdown Interaction[2m > [22mrotates chevron icon when dropdown is open[33m 5012[2mms[22m[39m
[31m   → Test timed out in 5000ms.
If this is a long-running test, pass a timeout value as the last argument or configure it globally with "testTimeout".[39m
 [32m✓[39m [30m[42m unit [49m[39m app/components/Atoms/VooDooCheck/VooDooCheck.test.tsx[2m > [22mVooDooCheck[2m > [22mRendering[2m > [22mshould render with unchecked state[32m 125[2mms[22m[39m
 [32m✓[39m [30m[42m unit [49m[39m app/components/Atoms/VooDooCheck/VooDooCheck.test.tsx[2m > [22mVooDooCheck[2m > [22mRendering[2m > [22mshould render with checked state[32m 26[2mms[22m[39m
 [32m✓[39m [30m[42m unit [49m[39m app/components/Atoms/VooDooCheck/VooDooCheck.test.tsx[2m > [22mVooDooCheck[2m > [22mRendering[2m > [22mshould render with custom id[32m 18[2mms[22m[39m
 [32m✓[39m [30m[42m unit [49m[39m app/components/Atoms/VooDooCheck/VooDooCheck.test.tsx[2m > [22mVooDooCheck[2m > [22mRendering[2m > [22mshould render without id when not provided[32m 11[2mms[22m[39m
 [32m✓[39m [30m[42m unit [49m[39m app/components/Atoms/VooDooCheck/VooDooCheck.test.tsx[2m > [22mVooDooCheck[2m > [22mStyling[2m > [22mshould apply unchecked styling[32m 23[2mms[22m[39m
 [32m✓[39m [30m[42m unit [49m[39m app/components/Atoms/VooDooCheck/VooDooCheck.test.tsx[2m > [22mVooDooCheck[2m > [22mStyling[2m > [22mshould apply checked styling[32m 15[2mms[22m[39m
 [32m✓[39m [30m[42m unit [49m[39m app/components/Atoms/VooDooCheck/VooDooCheck.test.tsx[2m > [22mVooDooCheck[2m > [22mStyling[2m > [22mshould have proper label styling[32m 16[2mms[22m[39m
 [32m✓[39m [30m[42m unit [49m[39m app/components/Atoms/VooDooCheck/VooDooCheck.test.tsx[2m > [22mVooDooCheck[2m > [22mStyling[2m > [22mshould have proper container styling[32m 10[2mms[22m[39m
 [32m✓[39m [30m[42m unit [49m[39m app/components/Atoms/VooDooCheck/VooDooCheck.test.tsx[2m > [22mVooDooCheck[2m > [22mStyling[2m > [22mshould have proper toggle container styling[32m 11[2mms[22m[39m
 [32m✓[39m [30m[42m unit [49m[39m app/components/Atoms/VooDooCheck/VooDooCheck.test.tsx[2m > [22mVooDooCheck[2m > [22mStyling[2m > [22mshould have proper toggle button styling[32m 26[2mms[22m[39m
 [32m✓[39m [30m[42m unit [49m[39m app/components/Atoms/VooDooCheck/VooDooCheck.test.tsx[2m > [22mVooDooCheck[2m > [22mInteractions[2m > [22mshould call onChange when clicked[32m 34[2mms[22m[39m
 [32m✓[39m [30m[42m unit [49m[39m app/components/Atoms/VooDooCheck/VooDooCheck.test.tsx[2m > [22mVooDooCheck[2m > [22mInteractions[2m > [22mshould call onChange when label is clicked[32m 19[2mms[22m[39m
 [32m✓[39m [30m[42m unit [49m[39m app/components/Atoms/VooDooCheck/VooDooCheck.test.tsx[2m > [22mVooDooCheck[2m > [22mInteractions[2m > [22mshould call onChange when toggle container is clicked[32m 13[2mms[22m[39m
 [32m✓[39m [30m[42m unit [49m[39m app/components/Atoms/VooDooCheck/VooDooCheck.test.tsx[2m > [22mVooDooCheck[2m > [22mAccessibility[2m > [22mshould have proper checkbox attributes[32m 16[2mms[22m[39m
 [32m✓[39m [30m[42m unit [49m[39m app/components/Atoms/VooDooCheck/VooDooCheck.test.tsx[2m > [22mVooDooCheck[2m > [22mAccessibility[2m > [22mshould be properly labeled[32m 20[2mms[22m[39m
 [32m✓[39m [30m[42m unit [49m[39m app/components/Atoms/VooDooCheck/VooDooCheck.test.tsx[2m > [22mVooDooCheck[2m > [22mAccessibility[2m > [22mshould have proper cursor styling[32m 10[2mms[22m[39m
 [32m✓[39m [30m[42m unit [49m[39m app/components/Atoms/VooDooCheck/VooDooCheck.test.tsx[2m > [22mVooDooCheck[2m > [22mLabel text[2m > [22mshould show checked label when checked[32m 9[2mms[22m[39m
 [32m✓[39m [30m[42m unit [49m[39m app/components/Atoms/VooDooCheck/VooDooCheck.test.tsx[2m > [22mVooDooCheck[2m > [22mLabel text[2m > [22mshould show unchecked label when unchecked[32m 10[2mms[22m[39m
 [32m✓[39m [30m[42m unit [49m[39m app/components/Atoms/VooDooCheck/VooDooCheck.test.tsx[2m > [22mVooDooCheck[2m > [22mLabel text[2m > [22mshould handle custom label text[32m 14[2mms[22m[39m
 [32m✓[39m [30m[42m unit [49m[39m app/components/Atoms/VooDooCheck/VooDooCheck.test.tsx[2m > [22mVooDooCheck[2m > [22mLabel text[2m > [22mshould update label text when state changes[32m 21[2mms[22m[39m
 [32m✓[39m [30m[42m unit [49m[39m app/components/Atoms/VooDooCheck/VooDooCheck.test.tsx[2m > [22mVooDooCheck[2m > [22mState management[2m > [22mshould reflect checked state correctly[32m 27[2mms[22m[39m
 [32m✓[39m [30m[42m unit [49m[39m app/components/Atoms/VooDooCheck/VooDooCheck.test.tsx[2m > [22mVooDooCheck[2m > [22mState management[2m > [22mshould maintain state consistency[32m 25[2mms[22m[39m
 [32m✓[39m [30m[42m unit [49m[39m app/components/Atoms/VooDooCheck/VooDooCheck.test.tsx[2m > [22mVooDooCheck[2m > [22mEdge cases[2m > [22mshould handle empty label text[32m 13[2mms[22m[39m
 [32m✓[39m [30m[42m unit [49m[39m app/components/Atoms/VooDooCheck/VooDooCheck.test.tsx[2m > [22mVooDooCheck[2m > [22mEdge cases[2m > [22mshould handle very long label text[32m 14[2mms[22m[39m
 [32m✓[39m [30m[42m unit [49m[39m app/components/Atoms/VooDooCheck/VooDooCheck.test.tsx[2m > [22mVooDooCheck[2m > [22mEdge cases[2m > [22mshould handle special characters in label text[32m 6[2mms[22m[39m
 [32m✓[39m [30m[42m unit [49m[39m app/components/Molecules/CSRFToken/CSRFTokenProvider.test.tsx[2m > [22mCSRFTokenProvider[2m > [22mContext Provider[2m > [22mshould provide CSRF context to children[32m 100[2mms[22m[39m
 [32m✓[39m [30m[42m unit [49m[39m app/components/Molecules/CSRFToken/CSRFTokenProvider.test.tsx[2m > [22mCSRFTokenProvider[2m > [22mContext Provider[2m > [22mshould render children[32m 12[2mms[22m[39m
 [32m✓[39m [30m[42m unit [49m[39m app/components/Molecules/CSRFToken/CSRFTokenProvider.test.tsx[2m > [22mCSRFTokenProvider[2m > [22mContext Provider[2m > [22mshould call useCSRF hook[32m 11[2mms[22m[39m
 [32m✓[39m [30m[42m unit [49m[39m app/components/Molecules/CSRFToken/CSRFTokenProvider.test.tsx[2m > [22mCSRFTokenProvider[2m > [22mContext Values[2m > [22mshould provide csrfToken value[32m 8[2mms[22m[39m
 [32m✓[39m [30m[42m unit [49m[39m app/components/Molecules/CSRFToken/CSRFTokenProvider.test.tsx[2m > [22mCSRFTokenProvider[2m > [22mContext Values[2m > [22mshould provide isLoading value[32m 12[2mms[22m[39m
 [32m✓[39m [30m[42m unit [49m[39m app/components/Organisms/PasswordStrengthIndicator/PasswordStrengthIndicator.test.tsx[2m > [22mPasswordStrengthIndicator[2m > [22mRendering[2m > [22mrenders password strength indicator with strength bar[32m 122[2mms[22m[39m
 [32m✓[39m [30m[42m unit [49m[39m app/components/Organisms/PasswordStrengthIndicator/PasswordStrengthIndicator.test.tsx[2m > [22mPasswordStrengthIndicator[2m > [22mRendering[2m > [22mrenders strength text[32m 26[2mms[22m[39m
 [32m✓[39m [30m[42m unit [49m[39m app/components/Organisms/PasswordStrengthIndicator/PasswordStrengthIndicator.test.tsx[2m > [22mPasswordStrengthIndicator[2m > [22mRendering[2m > [22mreturns null when password is empty[32m 5[2mms[22m[39m
 [32m✓[39m [30m[42m unit [49m[39m app/components/Organisms/PasswordStrengthIndicator/PasswordStrengthIndicator.test.tsx[2m > [22mPasswordStrengthIndicator[2m > [22mRendering[2m > [22mreturns null when strengthInfo is null[32m 4[2mms[22m[39m
 [32m✓[39m [30m[42m unit [49m[39m app/components/Organisms/PasswordStrengthIndicator/PasswordStrengthIndicator.test.tsx[2m > [22mPasswordStrengthIndicator[2m > [22mRendering[2m > [22mapplies custom className[32m 13[2mms[22m[39m
 [32m✓[39m [30m[42m unit [49m[39m app/components/Organisms/PasswordStrengthIndicator/PasswordStrengthIndicator.test.tsx[2m > [22mPasswordStrengthIndicator[2m > [22mStrength Levels[2m > [22mdisplays weak password with red alert icon[32m 16[2mms[22m[39m
 [32m✓[39m [30m[42m unit [49m[39m app/components/Organisms/PasswordStrengthIndicator/PasswordStrengthIndicator.test.tsx[2m > [22mPasswordStrengthIndicator[2m > [22mStrength Levels[2m > [22mdisplays fair password with orange badge icon[32m 14[2mms[22m[39m
 [32m✓[39m [30m[42m unit [49m[39m app/components/Organisms/PasswordStrengthIndicator/PasswordStrengthIndicator.test.tsx[2m > [22mPasswordStrengthIndicator[2m > [22mStrength Levels[2m > [22mdisplays good password with yellow badge icon[32m 11[2mms[22m[39m
 [32m✓[39m [30m[42m unit [49m[39m app/components/Molecules/CSRFToken/CSRFTokenProvider.test.tsx[2m > [22mCSRFTokenProvider[2m > [22mContext Values[2m > [22mshould provide addToFormData function[32m 61[2mms[22m[39m
 [32m✓[39m [30m[42m unit [49m[39m app/components/Molecules/CSRFToken/CSRFTokenProvider.test.tsx[2m > [22mCSRFTokenProvider[2m > [22mContext Values[2m > [22mshould provide addToHeaders function[32m 21[2mms[22m[39m
 [32m✓[39m [30m[42m unit [49m[39m app/components/Molecules/CSRFToken/CSRFTokenProvider.test.tsx[2m > [22mCSRFTokenProvider[2m > [22mContext Values[2m > [22mshould provide submitForm function[32m 15[2mms[22m[39m
 [32m✓[39m [30m[42m unit [49m[39m app/components/Molecules/CSRFToken/CSRFTokenProvider.test.tsx[2m > [22mCSRFTokenProvider[2m > [22mMultiple Children[2m > [22mshould provide context to multiple children[32m 19[2mms[22m[39m
 [32m✓[39m [30m[42m unit [49m[39m app/components/Molecules/CSRFToken/CSRFTokenProvider.test.tsx[2m > [22mCSRFTokenProvider[2m > [22mMultiple Children[2m > [22mshould provide context to nested children[32m 20[2mms[22m[39m
 [32m✓[39m [30m[42m unit [49m[39m app/components/Molecules/CSRFToken/CSRFTokenProvider.test.tsx[2m > [22mCSRFTokenProvider[2m > [22mLoading State[2m > [22mshould handle loading state[32m 9[2mms[22m[39m
 [32m✓[39m [30m[42m unit [49m[39m app/components/Organisms/PasswordStrengthIndicator/PasswordStrengthIndicator.test.tsx[2m > [22mPasswordStrengthIndicator[2m > [22mStrength Levels[2m > [22mdisplays strong password with blue check icon[32m 21[2mms[22m[39m
 [32m✓[39m [30m[42m unit [49m[39m app/components/Organisms/PasswordStrengthIndicator/PasswordStrengthIndicator.test.tsx[2m > [22mPasswordStrengthIndicator[2m > [22mStrength Levels[2m > [22mdisplays very strong password with green check icon[32m 12[2mms[22m[39m
 [32m✓[39m [30m[42m unit [49m[39m app/components/Organisms/PasswordStrengthIndicator/PasswordStrengthIndicator.test.tsx[2m > [22mPasswordStrengthIndicator[2m > [22mStrength Bar Width[2m > [22mcalculates correct width based on score[32m 25[2mms[22m[39m
 [32m✓[39m [30m[42m unit [49m[39m app/components/Organisms/PasswordStrengthIndicator/PasswordStrengthIndicator.test.tsx[2m > [22mPasswordStrengthIndicator[2m > [22mStrength Bar Width[2m > [22mcaps width at 100% for high scores[32m 13[2mms[22m[39m
 [32m✓[39m [30m[42m unit [49m[39m app/components/Organisms/PasswordStrengthIndicator/PasswordStrengthIndicator.test.tsx[2m > [22mPasswordStrengthIndicator[2m > [22mStrength Bar Width[2m > [22mshows minimal width for very weak passwords[32m 13[2mms[22m[39m
 [31m×[39m [30m[42m unit [49m[39m app/components/Molecules/MobileNavigation/MobileNavigation.test.tsx[2m > [22mMobileNavigation[2m > [22mModal Styling[2m > [22mseparates sections with borders[32m 28[2mms[22m[39m
[31m   → Target container is not a DOM element.[39m
 [31m×[39m [30m[42m unit [49m[39m app/components/Molecules/MobileNavigation/MobileNavigation.test.tsx[2m > [22mMobileNavigation[2m > [22mAccessibility[2m > [22mhas proper semantic structure[32m 25[2mms[22m[39m
[31m   → [2mexpect([22m[31mreceived[31m[2m).toBeInTheDocument()[22m

[31mreceived[31m value must be an HTMLElement or an SVGElement.
Received has type:  Null
Received has value: [31mnull[31m[39m
 [32m✓[39m [30m[42m unit [49m[39m app/components/Molecules/MobileNavigation/MobileNavigation.test.tsx[2m > [22mMobileNavigation[2m > [22mAccessibility[2m > [22mhas accessible button labels[32m 27[2mms[22m[39m
 [31m×[39m [30m[42m unit [49m[39m app/components/Molecules/MobileNavigation/MobileNavigation.test.tsx[2m > [22mMobileNavigation[2m > [22mAccessibility[2m > [22mhas keyboard-accessible links[32m 27[2mms[22m[39m
[31m   → Target container is not a DOM element.[39m
 [32m✓[39m [30m[42m unit [49m[39m app/components/Molecules/CSRFToken/CSRFTokenProvider.test.tsx[2m > [22mCSRFTokenProvider[2m > [22mLoading State[2m > [22mshould update when loading completes[32m 17[2mms[22m[39m
 [32m✓[39m [30m[42m unit [49m[39m app/components/Molecules/CSRFToken/CSRFTokenProvider.test.tsx[2m > [22mCSRFTokenProvider[2m > [22mToken Updates[2m > [22mshould handle token updates[32m 8[2mms[22m[39m
 [32m✓[39m [30m[42m unit [49m[39m app/components/Molecules/CSRFToken/CSRFTokenProvider.test.tsx[2m > [22mCSRFTokenProvider[2m > [22mToken Updates[2m > [22mshould handle token becoming null[32m 8[2mms[22m[39m
 [32m✓[39m [30m[42m unit [49m[39m app/components/Molecules/CSRFToken/CSRFTokenProvider.test.tsx[2m > [22museCSRFToken[2m > [22mError Handling[2m > [22mshould throw error when used outside provider[32m 18[2mms[22m[39m
 [32m✓[39m [30m[42m unit [49m[39m app/components/Molecules/CSRFToken/CSRFTokenProvider.test.tsx[2m > [22museCSRFToken[2m > [22mError Handling[2m > [22mshould not throw when used inside provider[32m 5[2mms[22m[39m
 [32m✓[39m [30m[42m unit [49m[39m app/components/Molecules/CSRFToken/CSRFTokenProvider.test.tsx[2m > [22museCSRFToken[2m > [22mContext Access[2m > [22mshould provide access to csrfToken[32m 7[2mms[22m[39m
 [32m✓[39m [30m[42m unit [49m[39m app/components/Molecules/CSRFToken/CSRFTokenProvider.test.tsx[2m > [22museCSRFToken[2m > [22mContext Access[2m > [22mshould provide access to isLoading[32m 3[2mms[22m[39m
 [32m✓[39m [30m[42m unit [49m[39m app/components/Molecules/CSRFToken/CSRFTokenProvider.test.tsx[2m > [22museCSRFToken[2m > [22mContext Access[2m > [22mshould provide access to all utility functions[32m 5[2mms[22m[39m
 [32m✓[39m [30m[42m unit [49m[39m app/components/Molecules/CSRFToken/CSRFTokenProvider.test.tsx[2m > [22museCSRFToken[2m > [22mMultiple Consumers[2m > [22mshould allow multiple components to access context[32m 8[2mms[22m[39m
 [32m✓[39m [30m[42m unit [49m[39m app/components/Molecules/CSRFToken/CSRFTokenProvider.test.tsx[2m > [22museCSRFToken[2m > [22mMultiple Consumers[2m > [22mshould share same context between multiple consumers[32m 8[2mms[22m[39m
 [32m✓[39m [30m[42m unit [49m[39m app/components/Molecules/CSRFToken/CSRFTokenProvider.test.tsx[2m > [22museCSRFToken[2m > [22mNested Providers[2m > [22mshould allow nested providers[32m 8[2mms[22m[39m
 [32m✓[39m [30m[42m unit [49m[39m app/components/Organisms/PasswordStrengthIndicator/PasswordStrengthIndicator.test.tsx[2m > [22mPasswordStrengthIndicator[2m > [22mFeedback Messages[2m > [22mdisplays feedback messages when provided[32m 19[2mms[22m[39m
 [32m✓[39m [30m[42m unit [49m[39m app/components/Organisms/PasswordStrengthIndicator/PasswordStrengthIndicator.test.tsx[2m > [22mPasswordStrengthIndicator[2m > [22mFeedback Messages[2m > [22mdoes not display feedback section when no feedback[32m 9[2mms[22m[39m
 [32m✓[39m [30m[42m unit [49m[39m app/components/Organisms/PasswordStrengthIndicator/PasswordStrengthIndicator.test.tsx[2m > [22mPasswordStrengthIndicator[2m > [22mFeedback Messages[2m > [22mrenders each feedback item with bullet point[32m 13[2mms[22m[39m
 [32m✓[39m [30m[42m unit [49m[39m app/components/Organisms/PasswordStrengthIndicator/PasswordStrengthIndicator.test.tsx[2m > [22mPasswordStrengthIndicator[2m > [22mValidation Status[2m > [22mshows validation success message when password is valid[32m 13[2mms[22m[39m
 [32m✓[39m [30m[42m unit [49m[39m app/components/Organisms/PasswordStrengthIndicator/PasswordStrengthIndicator.test.tsx[2m > [22mPasswordStrengthIndicator[2m > [22mValidation Status[2m > [22mdoes not show validation message when password is invalid[32m 14[2mms[22m[39m
 [32m✓[39m [30m[42m unit [49m[39m app/components/Organisms/PasswordStrengthIndicator/PasswordStrengthIndicator.test.tsx[2m > [22mPasswordStrengthIndicator[2m > [22mValidation Status[2m > [22mshows both excellence and validation messages for very strong valid passwords[32m 17[2mms[22m[39m
 [32m✓[39m [30m[42m unit [49m[39m app/components/Organisms/PasswordStrengthIndicator/PasswordStrengthIndicator.test.tsx[2m > [22mPasswordStrengthIndicator[2m > [22mCustom Configuration[2m > [22mpasses custom minLength to hook[32m 25[2mms[22m[39m
 [31m×[39m [30m[42m unit [49m[39m app/components/Molecules/MobileNavigation/MobileNavigation.test.tsx[2m > [22mMobileNavigation[2m > [22mAccessibility[2m > [22mprovides focus management[33m 5015[2mms[22m[39m
[31m   → Test timed out in 5000ms.
If this is a long-running test, pass a timeout value as the last argument or configure it globally with "testTimeout".[39m
 [31m×[39m [30m[42m unit [49m[39m app/components/Molecules/MobileNavigation/MobileNavigation.test.tsx[2m > [22mMobileNavigation[2m > [22mUser Prop Variations[2m > [22mhandles admin user[32m 31[2mms[22m[39m
[31m   → Target container is not a DOM element.[39m
 [31m×[39m [30m[42m unit [49m[39m app/components/Molecules/MobileNavigation/MobileNavigation.test.tsx[2m > [22mMobileNavigation[2m > [22mUser Prop Variations[2m > [22mhandles editor user[32m 33[2mms[22m[39m
[31m   → Target container is not a DOM element.[39m
 [31m×[39m [30m[42m unit [49m[39m app/components/Molecules/MobileNavigation/MobileNavigation.test.tsx[2m > [22mMobileNavigation[2m > [22mUser Prop Variations[2m > [22mhandles null user[32m 29[2mms[22m[39m
[31m   → Target container is not a DOM element.[39m
 [32m✓[39m [30m[42m unit [49m[39m app/components/Organisms/PasswordStrengthIndicator/PasswordStrengthIndicator.test.tsx[2m > [22mPasswordStrengthIndicator[2m > [22mCustom Configuration[2m > [22mpasses custom requirement flags to hook[32m 13[2mms[22m[39m
 [32m✓[39m [30m[42m unit [49m[39m app/components/Organisms/PasswordStrengthIndicator/PasswordStrengthIndicator.test.tsx[2m > [22mPasswordStrengthIndicator[2m > [22mCustom Configuration[2m > [22mpasses custom minScore to hook[32m 9[2mms[22m[39m
 [32m✓[39m [30m[42m unit [49m[39m app/components/Organisms/PasswordStrengthIndicator/PasswordStrengthIndicator.test.tsx[2m > [22mPasswordStrengthIndicator[2m > [22mCustom Configuration[2m > [22muses default values when no custom config provided[32m 10[2mms[22m[39m
 [32m✓[39m [30m[42m unit [49m[39m app/components/Organisms/PasswordStrengthIndicator/PasswordStrengthIndicator.test.tsx[2m > [22mPasswordStrengthIndicator[2m > [22mVisual Styling[2m > [22mapplies correct color classes from hook[32m 10[2mms[22m[39m
 [32m✓[39m [30m[42m unit [49m[39m app/components/Organisms/PasswordStrengthIndicator/PasswordStrengthIndicator.test.tsx[2m > [22mPasswordStrengthIndicator[2m > [22mVisual Styling[2m > [22mapplies transition classes to strength bar[32m 10[2mms[22m[39m
 [32m✓[39m [30m[42m unit [49m[39m app/components/Organisms/PasswordStrengthIndicator/PasswordStrengthIndicator.test.tsx[2m > [22mPasswordStrengthIndicator[2m > [22mVisual Styling[2m > [22muses space-y-2 for component spacing[32m 8[2mms[22m[39m
 [32m✓[39m [30m[42m unit [49m[39m app/components/Organisms/PasswordStrengthIndicator/PasswordStrengthIndicator.test.tsx[2m > [22mPasswordStrengthIndicator[2m > [22mIcon Rendering[2m > [22mrenders alert icon for weak passwords[32m 7[2mms[22m[39m
 [32m✓[39m [30m[42m unit [49m[39m app/components/Organisms/PasswordStrengthIndicator/PasswordStrengthIndicator.test.tsx[2m > [22mPasswordStrengthIndicator[2m > [22mIcon Rendering[2m > [22mrenders check icon for strong passwords[32m 6[2mms[22m[39m
 [32m✓[39m [30m[42m unit [49m[39m app/components/Organisms/PasswordStrengthIndicator/PasswordStrengthIndicator.test.tsx[2m > [22mPasswordStrengthIndicator[2m > [22mIcon Rendering[2m > [22mrenders default icon for unknown strength[32m 6[2mms[22m[39m
 [32m✓[39m [30m[42m unit [49m[39m app/components/Organisms/PasswordStrengthIndicator/PasswordStrengthIndicator.test.tsx[2m > [22mPasswordStrengthIndicator[2m > [22mEdge Cases[2m > [22mhandles empty feedback array[32m 11[2mms[22m[39m
 [32m✓[39m [30m[42m unit [49m[39m app/components/Organisms/PasswordStrengthIndicator/PasswordStrengthIndicator.test.tsx[2m > [22mPasswordStrengthIndicator[2m > [22mEdge Cases[2m > [22mhandles very long feedback messages[32m 13[2mms[22m[39m
 [32m✓[39m [30m[42m unit [49m[39m app/components/Atoms/ValidationMessage/ValidationMessage.test.tsx[2m > [22mValidationMessage[2m > [22mRendering[2m > [22mshould render error message[32m 139[2mms[22m[39m
 [32m✓[39m [30m[42m unit [49m[39m app/components/Atoms/ValidationMessage/ValidationMessage.test.tsx[2m > [22mValidationMessage[2m > [22mRendering[2m > [22mshould render success message[32m 30[2mms[22m[39m
 [32m✓[39m [30m[42m unit [49m[39m app/components/Atoms/ValidationMessage/ValidationMessage.test.tsx[2m > [22mValidationMessage[2m > [22mRendering[2m > [22mshould render warning message[32m 23[2mms[22m[39m
 [32m✓[39m [30m[42m unit [49m[39m app/components/Atoms/ValidationMessage/ValidationMessage.test.tsx[2m > [22mValidationMessage[2m > [22mRendering[2m > [22mshould render info message[32m 13[2mms[22m[39m
 [32m✓[39m [30m[42m unit [49m[39m app/components/Atoms/ValidationMessage/ValidationMessage.test.tsx[2m > [22mValidationMessage[2m > [22mRendering[2m > [22mshould not render when no message provided[32m 10[2mms[22m[39m
 [32m✓[39m [30m[42m unit [49m[39m app/components/Atoms/ValidationMessage/ValidationMessage.test.tsx[2m > [22mValidationMessage[2m > [22mRendering[2m > [22mshould prioritize error over other message types[32m 9[2mms[22m[39m
 [32m✓[39m [30m[42m unit [49m[39m app/components/Organisms/PasswordStrengthIndicator/PasswordStrengthIndicator.test.tsx[2m > [22mPasswordStrengthIndicator[2m > [22mEdge Cases[2m > [22mhandles multiple feedback items correctly[32m 43[2mms[22m[39m
 [32m✓[39m [30m[42m unit [49m[39m app/components/Organisms/PasswordStrengthIndicator/PasswordStrengthIndicator.test.tsx[2m > [22mPasswordStrengthIndicator[2m > [22mEdge Cases[2m > [22mhandles special characters in feedback[32m 21[2mms[22m[39m
 [32m✓[39m [30m[42m unit [49m[39m app/components/Organisms/PasswordStrengthIndicator/PasswordStrengthIndicator.test.tsx[2m > [22mPasswordStrengthIndicator[2m > [22mAccessibility[2m > [22muses semantic HTML structure[32m 8[2mms[22m[39m
 [32m✓[39m [30m[42m unit [49m[39m app/components/Organisms/PasswordStrengthIndicator/PasswordStrengthIndicator.test.tsx[2m > [22mPasswordStrengthIndicator[2m > [22mAccessibility[2m > [22mprovides visual indicators with icons and text[32m 10[2mms[22m[39m
 [32m✓[39m [30m[42m unit [49m[39m app/components/Organisms/PasswordStrengthIndicator/PasswordStrengthIndicator.test.tsx[2m > [22mPasswordStrengthIndicator[2m > [22mAccessibility[2m > [22muses contrasting colors for feedback[32m 13[2mms[22m[39m
 [32m✓[39m [30m[42m unit [49m[39m app/components/Organisms/PasswordStrengthIndicator/PasswordStrengthIndicator.test.tsx[2m > [22mPasswordStrengthIndicator[2m > [22mIntegration with Hook[2m > [22mcalls usePasswordStrength with correct password[32m 10[2mms[22m[39m
 [32m✓[39m [30m[42m unit [49m[39m app/components/Organisms/PasswordStrengthIndicator/PasswordStrengthIndicator.test.tsx[2m > [22mPasswordStrengthIndicator[2m > [22mIntegration with Hook[2m > [22mupdates when password changes[32m 15[2mms[22m[39m
 [32m✓[39m [30m[42m unit [49m[39m app/components/Organisms/PasswordStrengthIndicator/PasswordStrengthIndicator.test.tsx[2m > [22mPasswordStrengthIndicator[2m > [22mIntegration with Hook[2m > [22muses all helper functions from hook[32m 11[2mms[22m[39m
 [32m✓[39m [30m[42m unit [49m[39m app/components/Atoms/ValidationMessage/ValidationMessage.test.tsx[2m > [22mValidationMessage[2m > [22mRendering[2m > [22mshould prioritize success over warning and info[32m 7[2mms[22m[39m
 [32m✓[39m [30m[42m unit [49m[39m app/components/Atoms/ValidationMessage/ValidationMessage.test.tsx[2m > [22mValidationMessage[2m > [22mRendering[2m > [22mshould prioritize warning over info[32m 7[2mms[22m[39m
 [32m✓[39m [30m[42m unit [49m[39m app/components/Atoms/ValidationMessage/ValidationMessage.test.tsx[2m > [22mValidationMessage[2m > [22mStyling[2m > [22mshould apply error styling[32m 11[2mms[22m[39m
 [32m✓[39m [30m[42m unit [49m[39m app/components/Atoms/ValidationMessage/ValidationMessage.test.tsx[2m > [22mValidationMessage[2m > [22mStyling[2m > [22mshould apply success styling[32m 13[2mms[22m[39m
 [32m✓[39m [30m[42m unit [49m[39m app/components/Atoms/ValidationMessage/ValidationMessage.test.tsx[2m > [22mValidationMessage[2m > [22mStyling[2m > [22mshould apply warning styling[32m 8[2mms[22m[39m
 [32m✓[39m [30m[42m unit [49m[39m app/components/Atoms/ValidationMessage/ValidationMessage.test.tsx[2m > [22mValidationMessage[2m > [22mStyling[2m > [22mshould apply info styling[32m 9[2mms[22m[39m
 [32m✓[39m [30m[42m unit [49m[39m app/components/Atoms/ValidationMessage/ValidationMessage.test.tsx[2m > [22mValidationMessage[2m > [22mStyling[2m > [22mshould apply custom className[32m 8[2mms[22m[39m
 [32m✓[39m [30m[42m unit [49m[39m app/components/Atoms/ValidationMessage/ValidationMessage.test.tsx[2m > [22mValidationMessage[2m > [22mSize variants[2m > [22mshould apply small size styling[32m 8[2mms[22m[39m
 [32m✓[39m [30m[42m unit [49m[39m app/components/Atoms/ValidationMessage/ValidationMessage.test.tsx[2m > [22mValidationMessage[2m > [22mSize variants[2m > [22mshould apply medium size styling (default)[32m 16[2mms[22m[39m
 [32m✓[39m [30m[42m unit [49m[39m app/components/Atoms/ValidationMessage/ValidationMessage.test.tsx[2m > [22mValidationMessage[2m > [22mSize variants[2m > [22mshould apply large size styling[32m 5[2mms[22m[39m
 [32m✓[39m [30m[42m unit [49m[39m app/components/Atoms/ValidationMessage/ValidationMessage.test.tsx[2m > [22mValidationMessage[2m > [22mIcon display[2m > [22mshould show icon by default[32m 7[2mms[22m[39m
 [32m✓[39m [30m[42m unit [49m[39m app/components/Atoms/ValidationMessage/ValidationMessage.test.tsx[2m > [22mValidationMessage[2m > [22mIcon display[2m > [22mshould hide icon when showIcon is false[32m 6[2mms[22m[39m
 [32m✓[39m [30m[42m unit [49m[39m app/components/Atoms/ValidationMessage/ValidationMessage.test.tsx[2m > [22mValidationMessage[2m > [22mIcon display[2m > [22mshould apply correct icon color classes[32m 4[2mms[22m[39m
 [32m✓[39m [30m[42m unit [49m[39m app/components/Atoms/ValidationMessage/ValidationMessage.test.tsx[2m > [22mValidationMessage[2m > [22mIcon display[2m > [22mshould show correct icons for each type[32m 25[2mms[22m[39m
 [32m✓[39m [30m[42m unit [49m[39m app/components/Atoms/ValidationMessage/ValidationMessage.test.tsx[2m > [22mValidationMessage[2m > [22mAccessibility[2m > [22mshould have proper ARIA attributes[32m 4[2mms[22m[39m
 [32m✓[39m [30m[42m unit [49m[39m app/components/Atoms/ValidationMessage/ValidationMessage.test.tsx[2m > [22mValidationMessage[2m > [22mAccessibility[2m > [22mshould have proper icon accessibility[32m 4[2mms[22m[39m
 [32m✓[39m [30m[42m unit [49m[39m app/components/Atoms/ValidationMessage/ValidationMessage.test.tsx[2m > [22mValidationMessage[2m > [22mEdge cases[2m > [22mshould handle empty string messages[32m 2[2mms[22m[39m
 [32m✓[39m [30m[42m unit [49m[39m app/components/Atoms/ValidationMessage/ValidationMessage.test.tsx[2m > [22mValidationMessage[2m > [22mEdge cases[2m > [22mshould handle null messages[32m 4[2mms[22m[39m
 [32m✓[39m [30m[42m unit [49m[39m app/components/Atoms/ValidationMessage/ValidationMessage.test.tsx[2m > [22mValidationMessage[2m > [22mEdge cases[2m > [22mshould handle undefined messages[32m 4[2mms[22m[39m
 [31m×[39m [30m[42m unit [49m[39m app/components/Organisms/PerformanceDashboard/PerformanceDashboard.test.tsx[2m > [22mPerformanceDashboard (Organism)[2m > [22mResource Metrics Display[2m > [22mshould format bytes correctly[33m 5010[2mms[22m[39m
[31m   → Test timed out in 5000ms.
If this is a long-running test, pass a timeout value as the last argument or configure it globally with "testTimeout".[39m
 [32m✓[39m [30m[42m unit [49m[39m app/components/Organisms/PerformanceDashboard/PerformanceDashboard.test.tsx[2m > [22mPerformanceDashboard (Organism)[2m > [22mMemory Usage Display[2m > [22mshould display memory usage when available[32m 27[2mms[22m[39m
 [32m✓[39m [30m[42m unit [49m[39m app/components/Organisms/PerformanceDashboard/PerformanceDashboard.test.tsx[2m > [22mPerformanceDashboard (Organism)[2m > [22mMemory Usage Display[2m > [22mshould display memory as formatted bytes[32m 40[2mms[22m[39m
 [31m×[39m [30m[42m unit [49m[39m app/components/Organisms/PerformanceDashboard/PerformanceDashboard.test.tsx[2m > [22mPerformanceDashboard (Organism)[2m > [22mMemory Usage Display[2m > [22mshould show memory usage progress bar[33m 5019[2mms[22m[39m
[31m   → Test timed out in 5000ms.
If this is a long-running test, pass a timeout value as the last argument or configure it globally with "testTimeout".[39m
 [32m✓[39m [30m[42m unit [49m[39m app/components/Organisms/PerformanceDashboard/PerformanceDashboard.test.tsx[2m > [22mPerformanceDashboard (Organism)[2m > [22mMemory Usage Display[2m > [22mshould not display memory when unavailable[32m 36[2mms[22m[39m
 [32m✓[39m [30m[42m unit [49m[39m app/components/Organisms/PerformanceDashboard/PerformanceDashboard.test.tsx[2m > [22mPerformanceDashboard (Organism)[2m > [22mPerformance Alerts[2m > [22mshould show alert for slow page load[32m 49[2mms[22m[39m
 [32m✓[39m [30m[42m unit [49m[39m app/components/Organisms/PerformanceDashboard/PerformanceDashboard.test.tsx[2m > [22mPerformanceDashboard (Organism)[2m > [22mPerformance Alerts[2m > [22mshould show alert for high resource count[32m 49[2mms[22m[39m
 [32m✓[39m [30m[42m unit [49m[39m app/components/Organisms/PerformanceDashboard/PerformanceDashboard.test.tsx[2m > [22mPerformanceDashboard (Organism)[2m > [22mPerformance Alerts[2m > [22mshould show alert for large bundle size[32m 63[2mms[22m[39m
 [32m✓[39m [30m[42m unit [49m[39m app/components/Organisms/DangerModal/DangerModal.test.tsx[2m > [22mDangerModal[2m > [22mRendering[2m > [22mrenders the danger modal[32m 109[2mms[22m[39m
 [32m✓[39m [30m[42m unit [49m[39m app/components/Organisms/DangerModal/DangerModal.test.tsx[2m > [22mDangerModal[2m > [22mRendering[2m > [22mrenders the warning message[32m 17[2mms[22m[39m
 [32m✓[39m [30m[42m unit [49m[39m app/components/Organisms/DangerModal/DangerModal.test.tsx[2m > [22mDangerModal[2m > [22mRendering[2m > [22mrenders complete warning text[32m 15[2mms[22m[39m
 [32m✓[39m [30m[42m unit [49m[39m app/components/Organisms/DangerModal/DangerModal.test.tsx[2m > [22mDangerModal[2m > [22mChildren[2m > [22mrenders children when provided[32m 14[2mms[22m[39m
 [32m✓[39m [30m[42m unit [49m[39m app/components/Organisms/DangerModal/DangerModal.test.tsx[2m > [22mDangerModal[2m > [22mChildren[2m > [22mrenders without children[32m 15[2mms[22m[39m
 [32m✓[39m [30m[42m unit [49m[39m app/components/Organisms/DangerModal/DangerModal.test.tsx[2m > [22mDangerModal[2m > [22mChildren[2m > [22mrenders complex children[32m 14[2mms[22m[39m
 [32m✓[39m [30m[42m unit [49m[39m app/components/Organisms/DangerModal/DangerModal.test.tsx[2m > [22mDangerModal[2m > [22mChildren[2m > [22mrenders text children[32m 6[2mms[22m[39m
 [32m✓[39m [30m[42m unit [49m[39m app/components/Organisms/DangerModal/DangerModal.test.tsx[2m > [22mDangerModal[2m > [22mChildren[2m > [22mrenders null children without error[32m 7[2mms[22m[39m
 [32m✓[39m [30m[42m unit [49m[39m app/components/Organisms/DangerModal/DangerModal.test.tsx[2m > [22mDangerModal[2m > [22mStyling[2m > [22mapplies centered text class[32m 23[2mms[22m[39m
 [32m✓[39m [30m[42m unit [49m[39m app/components/Organisms/DangerModal/DangerModal.test.tsx[2m > [22mDangerModal[2m > [22mStyling[2m > [22mapplies auto margin class[32m 5[2mms[22m[39m
 [32m✓[39m [30m[42m unit [49m[39m app/components/Organisms/DangerModal/DangerModal.test.tsx[2m > [22mDangerModal[2m > [22mStyling[2m > [22mhas h2 element for title[32m 36[2mms[22m[39m
 [32m✓[39m [30m[42m unit [49m[39m app/components/Organisms/DangerModal/DangerModal.test.tsx[2m > [22mDangerModal[2m > [22mStyling[2m > [22mapplies noir color classes to warning text[32m 12[2mms[22m[39m
 [32m✓[39m [30m[42m unit [49m[39m app/components/Organisms/DangerModal/DangerModal.test.tsx[2m > [22mDangerModal[2m > [22mStyling[2m > [22mapplies text-xl to warning text[32m 12[2mms[22m[39m
 [32m✓[39m [30m[42m unit [49m[39m app/components/Organisms/DangerModal/DangerModal.test.tsx[2m > [22mDangerModal[2m > [22mStyling[2m > [22mapplies mt-4 to children container[32m 4[2mms[22m[39m
 [32m✓[39m [30m[42m unit [49m[39m app/components/Organisms/DangerModal/DangerModal.test.tsx[2m > [22mDangerModal[2m > [22mStructure[2m > [22mhas correct HTML structure[32m 18[2mms[22m[39m
 [32m✓[39m [30m[42m unit [49m[39m app/components/Organisms/DangerModal/DangerModal.test.tsx[2m > [22mDangerModal[2m > [22mStructure[2m > [22mwraps children in a div with mt-4[32m 47[2mms[22m[39m
 [32m✓[39m [30m[42m unit [49m[39m app/components/Organisms/DangerModal/DangerModal.test.tsx[2m > [22mDangerModal[2m > [22mStructure[2m > [22mmaintains proper order: title, warning, children[32m 5[2mms[22m[39m
 [32m✓[39m [30m[42m unit [49m[39m app/components/Organisms/DangerModal/DangerModal.test.tsx[2m > [22mDangerModal[2m > [22mText Content[2m > [22mdisplays correct title text[32m 5[2mms[22m[39m
 [32m✓[39m [30m[42m unit [49m[39m app/components/Organisms/DangerModal/DangerModal.test.tsx[2m > [22mDangerModal[2m > [22mText Content[2m > [22muses proper capitalization in title[32m 11[2mms[22m[39m
 [32m✓[39m [30m[42m unit [49m[39m app/components/Organisms/DangerModal/DangerModal.test.tsx[2m > [22mDangerModal[2m > [22mText Content[2m > [22mdisplays complete warning about data loss[32m 7[2mms[22m[39m
 [32m✓[39m [30m[42m unit [49m[39m app/components/Organisms/DangerModal/DangerModal.test.tsx[2m > [22mDangerModal[2m > [22mAccessibility[2m > [22mhas semantic heading for title[32m 13[2mms[22m[39m
 [32m✓[39m [30m[42m unit [49m[39m app/components/Organisms/DangerModal/DangerModal.test.tsx[2m > [22mDangerModal[2m > [22mAccessibility[2m > [22mprovides clear warning message[32m 6[2mms[22m[39m
 [32m✓[39m [30m[42m unit [49m[39m app/components/Organisms/DangerModal/DangerModal.test.tsx[2m > [22mDangerModal[2m > [22mAccessibility[2m > [22muses semantic HTML elements[32m 6[2mms[22m[39m
 [32m✓[39m [30m[42m unit [49m[39m app/components/Organisms/DangerModal/DangerModal.test.tsx[2m > [22mDangerModal[2m > [22mEdge Cases[2m > [22mrenders with undefined children[32m 17[2mms[22m[39m
 [32m✓[39m [30m[42m unit [49m[39m app/components/Organisms/DangerModal/DangerModal.test.tsx[2m > [22mDangerModal[2m > [22mEdge Cases[2m > [22mrenders with empty string children[32m 6[2mms[22m[39m
 [32m✓[39m [30m[42m unit [49m[39m app/components/Organisms/DangerModal/DangerModal.test.tsx[2m > [22mDangerModal[2m > [22mEdge Cases[2m > [22mrenders with array of children[32m 9[2mms[22m[39m
 [32m✓[39m [30m[42m unit [49m[39m app/components/Organisms/DangerModal/DangerModal.test.tsx[2m > [22mDangerModal[2m > [22mEdge Cases[2m > [22mrenders with fragment children[32m 11[2mms[22m[39m
 [32m✓[39m [30m[42m unit [49m[39m app/components/Organisms/DangerModal/DangerModal.test.tsx[2m > [22mDangerModal[2m > [22mEdge Cases[2m > [22mhandles nested components as children[32m 10[2mms[22m[39m
 [32m✓[39m [30m[42m unit [49m[39m app/components/Organisms/DangerModal/DangerModal.test.tsx[2m > [22mDangerModal[2m > [22mUse Cases[2m > [22mrenders with action buttons[32m 7[2mms[22m[39m
 [32m✓[39m [30m[42m unit [49m[39m app/components/Organisms/DangerModal/DangerModal.test.tsx[2m > [22mDangerModal[2m > [22mUse Cases[2m > [22mrenders with form elements[32m 27[2mms[22m[39m
 [32m✓[39m [30m[42m unit [49m[39m app/components/Organisms/DangerModal/DangerModal.test.tsx[2m > [22mDangerModal[2m > [22mUse Cases[2m > [22mrenders with additional warning text[32m 7[2mms[22m[39m
 [32m✓[39m [30m[42m unit [49m[39m app/components/Organisms/DangerModal/DangerModal.test.tsx[2m > [22mDangerModal[2m > [22mLayout[2m > [22mcenters content horizontally and vertically[32m 5[2mms[22m[39m
 [32m✓[39m [30m[42m unit [49m[39m app/components/Organisms/DangerModal/DangerModal.test.tsx[2m > [22mDangerModal[2m > [22mLayout[2m > [22mmaintains consistent spacing between elements[32m 7[2mms[22m[39m
 [32m✓[39m [30m[42m unit [49m[39m app/components/Organisms/DangerModal/DangerModal.test.tsx[2m > [22mDangerModal[2m > [22mVisual Hierarchy[2m > [22mtitle is more prominent than warning text[32m 4[2mms[22m[39m
 [32m✓[39m [30m[42m unit [49m[39m app/components/Organisms/DangerModal/DangerModal.test.tsx[2m > [22mDangerModal[2m > [22mVisual Hierarchy[2m > [22mapplies appropriate text sizing[32m 4[2mms[22m[39m
 [32m✓[39m [30m[42m unit [49m[39m app/components/Organisms/DangerModal/DangerModal.test.tsx[2m > [22mDangerModal[2m > [22mVisual Hierarchy[2m > [22muses color to indicate warning severity[32m 5[2mms[22m[39m
 [32m✓[39m [30m[42m unit [49m[39m app/components/Organisms/DangerModal/DangerModal.test.tsx[2m > [22mDangerModal[2m > [22mComponent Integration[2m > [22mworks as part of a modal system[32m 5[2mms[22m[39m
 [32m✓[39m [30m[42m unit [49m[39m app/components/Organisms/DangerModal/DangerModal.test.tsx[2m > [22mDangerModal[2m > [22mComponent Integration[2m > [22mintegrates with button components[32m 5[2mms[22m[39m
 [31m×[39m [30m[42m unit [49m[39m app/components/Molecules/AboutDropdown/AboutDropdown.test.tsx[2m > [22mAboutDropdown[2m > [22mDropdown Menu Items[2m > [22mdisplays all menu items when open[33m 5020[2mms[22m[39m
[31m   → Test timed out in 5000ms.
If this is a long-running test, pass a timeout value as the last argument or configure it globally with "testTimeout".[39m
 [32m✓[39m [30m[42m unit [49m[39m app/components/Containers/ErrorBoundary/components/ComponentError.test.tsx[2m > [22mComponentError[2m > [22mRendering[2m > [22mshould render component error UI[32m 157[2mms[22m[39m
 [32m✓[39m [30m[42m unit [49m[39m app/components/Containers/ErrorBoundary/components/ComponentError.test.tsx[2m > [22mComponentError[2m > [22mRendering[2m > [22mshould display error message[32m 29[2mms[22m[39m
 [32m✓[39m [30m[42m unit [49m[39m app/components/Containers/ErrorBoundary/components/ComponentError.test.tsx[2m > [22mComponentError[2m > [22mRendering[2m > [22mshould display error ID[32m 24[2mms[22m[39m
 [32m✓[39m [30m[42m unit [49m[39m app/components/Containers/ErrorBoundary/components/ComponentError.test.tsx[2m > [22mComponentError[2m > [22mRendering[2m > [22mshould render emoji warning icon[32m 14[2mms[22m[39m
 [32m✓[39m [30m[42m unit [49m[39m app/components/Containers/ErrorBoundary/components/ComponentError.test.tsx[2m > [22mComponentError[2m > [22mRendering[2m > [22mshould render retry button[32m 15[2mms[22m[39m
 [32m✓[39m [30m[42m unit [49m[39m app/components/Containers/ErrorBoundary/components/ComponentError.test.tsx[2m > [22mComponentError[2m > [22mRendering[2m > [22mshould render report button[32m 16[2mms[22m[39m
 [32m✓[39m [30m[42m unit [49m[39m app/components/Containers/ErrorBoundary/components/ComponentError.test.tsx[2m > [22mComponentError[2m > [22mInteractions[2m > [22mshould call onRetry when retry button is clicked[32m 31[2mms[22m[39m
 [32m✓[39m [30m[42m unit [49m[39m app/components/Containers/ErrorBoundary/components/ComponentError.test.tsx[2m > [22mComponentError[2m > [22mInteractions[2m > [22mshould call onReportError when report button is clicked[32m 25[2mms[22m[39m
 [32m✓[39m [30m[42m unit [49m[39m app/components/Containers/ErrorBoundary/components/ComponentError.test.tsx[2m > [22mComponentError[2m > [22mInteractions[2m > [22mshould handle multiple retry clicks[32m 18[2mms[22m[39m
 [32m✓[39m [30m[42m unit [49m[39m app/components/Containers/ErrorBoundary/components/ComponentError.test.tsx[2m > [22mComponentError[2m > [22mInteractions[2m > [22mshould handle multiple report clicks[32m 42[2mms[22m[39m
 [32m✓[39m [30m[42m unit [49m[39m app/components/Containers/ErrorBoundary/components/ComponentError.test.tsx[2m > [22mComponentError[2m > [22mDifferent Error Types[2m > [22mshould display validation error message[32m 10[2mms[22m[39m
 [32m✓[39m [30m[42m unit [49m[39m app/components/Containers/ErrorBoundary/components/ComponentError.test.tsx[2m > [22mComponentError[2m > [22mDifferent Error Types[2m > [22mshould display authentication error message[32m 7[2mms[22m[39m
 [32m✓[39m [30m[42m unit [49m[39m app/components/Containers/ErrorBoundary/components/ComponentError.test.tsx[2m > [22mComponentError[2m > [22mDifferent Error Types[2m > [22mshould display database error message[32m 15[2mms[22m[39m
 [32m✓[39m [30m[42m unit [49m[39m app/components/Containers/ErrorBoundary/components/ComponentError.test.tsx[2m > [22mComponentError[2m > [22mDifferent Error Types[2m > [22mshould display network error message[32m 23[2mms[22m[39m
 [32m✓[39m [30m[42m unit [49m[39m app/components/Containers/ErrorBoundary/components/ComponentError.test.tsx[2m > [22mComponentError[2m > [22mStyling[2m > [22mshould have correct container styling classes[32m 11[2mms[22m[39m
 [32m✓[39m [30m[42m unit [49m[39m app/components/Containers/ErrorBoundary/components/ComponentError.test.tsx[2m > [22mComponentError[2m > [22mStyling[2m > [22mshould have correct heading styling[32m 15[2mms[22m[39m
 [32m✓[39m [30m[42m unit [49m[39m app/components/Containers/ErrorBoundary/components/ComponentError.test.tsx[2m > [22mComponentError[2m > [22mStyling[2m > [22mshould have correct button styling for retry button[32m 9[2mms[22m[39m
 [32m✓[39m [30m[42m unit [49m[39m app/components/Containers/ErrorBoundary/components/ComponentError.test.tsx[2m > [22mComponentError[2m > [22mStyling[2m > [22mshould have correct button styling for report button[32m 8[2mms[22m[39m
 [32m✓[39m [30m[42m unit [49m[39m app/components/Containers/ErrorBoundary/components/ComponentError.test.tsx[2m > [22mComponentError[2m > [22mStyling[2m > [22mshould apply hover effects classes[32m 10[2mms[22m[39m
 [32m✓[39m [30m[42m unit [49m[39m app/components/Containers/ErrorBoundary/components/ComponentError.test.tsx[2m > [22mComponentError[2m > [22mAccessibility[2m > [22mshould render buttons as button elements[32m 12[2mms[22m[39m
 [32m✓[39m [30m[42m unit [49m[39m app/components/Containers/ErrorBoundary/components/ComponentError.test.tsx[2m > [22mComponentError[2m > [22mAccessibility[2m > [22mshould have semantic HTML structure[32m 40[2mms[22m[39m
 [32m✓[39m [30m[42m unit [49m[39m app/components/Containers/ErrorBoundary/components/ComponentError.test.tsx[2m > [22mComponentError[2m > [22mAccessibility[2m > [22mshould display error information in accessible format[32m 47[2mms[22m[39m
 [32m✓[39m [30m[42m unit [49m[39m app/components/Containers/ErrorBoundary/components/ComponentError.test.tsx[2m > [22mComponentError[2m > [22mEdge Cases[2m > [22mshould handle long error messages[32m 8[2mms[22m[39m
 [32m✓[39m [30m[42m unit [49m[39m app/components/Containers/ErrorBoundary/components/ComponentError.test.tsx[2m > [22mComponentError[2m > [22mEdge Cases[2m > [22mshould handle long error IDs[32m 8[2mms[22m[39m
 [32m✓[39m [30m[42m unit [49m[39m app/components/Containers/ErrorBoundary/components/ComponentError.test.tsx[2m > [22mComponentError[2m > [22mEdge Cases[2m > [22mshould handle error with special characters in message[32m 8[2mms[22m[39m
 [32m✓[39m [30m[42m unit [49m[39m app/components/Containers/ErrorBoundary/components/ComponentError.test.tsx[2m > [22mComponentError[2m > [22mEdge Cases[2m > [22mshould handle rapid button clicks[32m 20[2mms[22m[39m
 [32m✓[39m [30m[42m unit [49m[39m app/components/Containers/ErrorBoundary/components/ComponentError.test.tsx[2m > [22mComponentError[2m > [22mLayout[2m > [22mshould use flexbox layout[32m 20[2mms[22m[39m
 [32m✓[39m [30m[42m unit [49m[39m app/components/Containers/ErrorBoundary/components/ComponentError.test.tsx[2m > [22mComponentError[2m > [22mLayout[2m > [22mshould have proper spacing between elements[32m 6[2mms[22m[39m
 [32m✓[39m [30m[42m unit [49m[39m app/components/Containers/ErrorBoundary/components/ComponentError.test.tsx[2m > [22mComponentError[2m > [22mLayout[2m > [22mshould render icon in proper position[32m 5[2mms[22m[39m
 [32m✓[39m [30m[42m unit [49m[39m app/components/Containers/ErrorBoundary/components/ComponentError.test.tsx[2m > [22mComponentError[2m > [22mComponent Integration[2m > [22mshould work with different error ID formats[32m 42[2mms[22m[39m
 [32m✓[39m [30m[42m unit [49m[39m app/components/Containers/ErrorBoundary/components/ComponentError.test.tsx[2m > [22mComponentError[2m > [22mComponent Integration[2m > [22mshould maintain functionality across re-renders[32m 22[2mms[22m[39m
 [31m×[39m [30m[42m unit [49m[39m app/components/Molecules/MobileNavigation/MobileNavigation.test.tsx[2m > [22mMobileNavigation[2m > [22mUser Prop Variations[2m > [22mhandles undefined user[32m 25[2mms[22m[39m
[31m   → Target container is not a DOM element.[39m
 [31m×[39m [30m[42m unit [49m[39m app/components/Molecules/MobileNavigation/MobileNavigation.test.tsx[2m > [22mMobileNavigation[2m > [22mEdge Cases[2m > [22mhandles rapid menu open/close[33m 5014[2mms[22m[39m
[31m   → Test timed out in 5000ms.
If this is a long-running test, pass a timeout value as the last argument or configure it globally with "testTimeout".[39m
 [31m×[39m [30m[42m unit [49m[39m app/components/Molecules/MobileNavigation/MobileNavigation.test.tsx[2m > [22mMobileNavigation[2m > [22mEdge Cases[2m > [22mhandles onMenuClose being undefined[32m 30[2mms[22m[39m
[31m   → Target container is not a DOM element.[39m
 [32m✓[39m [30m[42m unit [49m[39m app/components/Molecules/MobileNavigation/MobileNavigation.test.tsx[2m > [22mMobileNavigation[2m > [22mEdge Cases[2m > [22mrenders without any props[32m 22[2mms[22m[39m
 [32m✓[39m [30m[42m unit [49m[39m app/components/Molecules/MobileNavigation/MobileNavigation.test.tsx[2m > [22mMobileNavigation[2m > [22mEdge Cases[2m > [22mhandles missing navigation data[32m 25[2mms[22m[39m
 [32m✓[39m [30m[42m unit [49m[39m app/components/Molecules/MobileNavigation/MobileNavigation.test.tsx[2m > [22mMobileNavigation[2m > [22mIntegration[2m > [22mintegrates with session store[32m 37[2mms[22m[39m
 [32m✓[39m [30m[42m unit [49m[39m app/components/Molecules/MobileNavigation/MobileNavigation.test.tsx[2m > [22mMobileNavigation[2m > [22mIntegration[2m > [22mintegrates with router[32m 24[2mms[22m[39m
 [31m×[39m [30m[42m unit [49m[39m app/components/Molecules/MobileNavigation/MobileNavigation.test.tsx[2m > [22mMobileNavigation[2m > [22mIntegration[2m > [22mpasses callbacks to child components[32m 24[2mms[22m[39m
[31m   → Target container is not a DOM element.[39m
 [31m×[39m [30m[42m unit [49m[39m app/components/Molecules/MobileNavigation/MobileNavigation.test.tsx[2m > [22mMobileNavigation[2m > [22mModal State Management[2m > [22mshows modal when modalOpen is true and modalId matches[32m 45[2mms[22m[39m
[31m   → Target container is not a DOM element.[39m
[90mstdout[2m | app/components/Organisms/TagSearch/TagSearch.test.tsx[2m > [22m[2mTagSearch[2m > [22m[2mcalls onChange when a tag is removed
[22m[39mRemoving tag: 1 from: [ { id: [32m'1'[39m, name: [32m'Vanilla'[39m }, { id: [32m'2'[39m, name: [32m'Rose'[39m } ]
New tags after removal: [ { id: [32m'2'[39m, name: [32m'Rose'[39m } ]

 [32m✓[39m [30m[42m unit [49m[39m app/components/Organisms/TagSearch/TagSearch.test.tsx[2m > [22mTagSearch[2m > [22mrenders a tagsearch[32m 239[2mms[22m[39m
 [32m✓[39m [30m[42m unit [49m[39m app/components/Organisms/TagSearch/TagSearch.test.tsx[2m > [22mTagSearch[2m > [22mrenders selected tags with remove buttons[32m 38[2mms[22m[39m
 [32m✓[39m [30m[42m unit [49m[39m app/components/Organisms/TagSearch/TagSearch.test.tsx[2m > [22mTagSearch[2m > [22mcalls onChange when a tag is removed[32m 63[2mms[22m[39m
 [32m✓[39m [30m[42m unit [49m[39m app/components/Atoms/ImagePlaceholder/ImagePlaceholder.test.tsx[2m > [22mImagePlaceholder[2m > [22mRendering[2m > [22mshould render skeleton variant by default[32m 91[2mms[22m[39m
 [32m✓[39m [30m[42m unit [49m[39m app/components/Atoms/ImagePlaceholder/ImagePlaceholder.test.tsx[2m > [22mImagePlaceholder[2m > [22mRendering[2m > [22mshould render with default dimensions[32m 63[2mms[22m[39m
 [32m✓[39m [30m[42m unit [49m[39m app/components/Atoms/ImagePlaceholder/ImagePlaceholder.test.tsx[2m > [22mImagePlaceholder[2m > [22mRendering[2m > [22mshould render with custom dimensions[32m 23[2mms[22m[39m
 [32m✓[39m [30m[42m unit [49m[39m app/components/Atoms/ImagePlaceholder/ImagePlaceholder.test.tsx[2m > [22mImagePlaceholder[2m > [22mRendering[2m > [22mshould render with string dimensions[32m 13[2mms[22m[39m
 [32m✓[39m [30m[42m unit [49m[39m app/components/Atoms/ImagePlaceholder/ImagePlaceholder.test.tsx[2m > [22mImagePlaceholder[2m > [22mRendering[2m > [22mshould apply custom className[32m 11[2mms[22m[39m
 [32m✓[39m [30m[42m unit [49m[39m app/components/Atoms/ImagePlaceholder/ImagePlaceholder.test.tsx[2m > [22mImagePlaceholder[2m > [22mSkeleton variant[2m > [22mshould render skeleton variant by default[32m 8[2mms[22m[39m
 [32m✓[39m [30m[42m unit [49m[39m app/components/Atoms/ImagePlaceholder/ImagePlaceholder.test.tsx[2m > [22mImagePlaceholder[2m > [22mSkeleton variant[2m > [22mshould render skeleton variant explicitly[32m 5[2mms[22m[39m
 [32m✓[39m [30m[42m unit [49m[39m app/components/Atoms/ImagePlaceholder/ImagePlaceholder.test.tsx[2m > [22mImagePlaceholder[2m > [22mSkeleton variant[2m > [22mshould have animation by default[32m 7[2mms[22m[39m
 [32m✓[39m [30m[42m unit [49m[39m app/components/Atoms/ImagePlaceholder/ImagePlaceholder.test.tsx[2m > [22mImagePlaceholder[2m > [22mSkeleton variant[2m > [22mshould not have animation when animate is false[32m 19[2mms[22m[39m
 [32m✓[39m [30m[42m unit [49m[39m app/components/Atoms/ImagePlaceholder/ImagePlaceholder.test.tsx[2m > [22mImagePlaceholder[2m > [22mIcon variant[2m > [22mshould render icon variant with custom icon[32m 17[2mms[22m[39m
 [32m✓[39m [30m[42m unit [49m[39m app/components/Atoms/ImagePlaceholder/ImagePlaceholder.test.tsx[2m > [22mImagePlaceholder[2m > [22mIcon variant[2m > [22mshould render icon with proper styling[32m 11[2mms[22m[39m
 [32m✓[39m [30m[42m unit [49m[39m app/components/Atoms/ImagePlaceholder/ImagePlaceholder.test.tsx[2m > [22mImagePlaceholder[2m > [22mIcon variant[2m > [22mshould not render icon when variant is icon but no icon provided[32m 5[2mms[22m[39m
 [32m✓[39m [30m[42m unit [49m[39m app/components/Atoms/ImagePlaceholder/ImagePlaceholder.test.tsx[2m > [22mImagePlaceholder[2m > [22mIcon variant[2m > [22mshould have animation by default in icon variant[32m 9[2mms[22m[39m
 [32m✓[39m [30m[42m unit [49m[39m app/components/Atoms/ImagePlaceholder/ImagePlaceholder.test.tsx[2m > [22mImagePlaceholder[2m > [22mIcon variant[2m > [22mshould not have animation when animate is false in icon variant[32m 5[2mms[22m[39m
 [32m✓[39m [30m[42m unit [49m[39m app/components/Atoms/ImagePlaceholder/ImagePlaceholder.test.tsx[2m > [22mImagePlaceholder[2m > [22mGradient variant[2m > [22mshould render gradient variant[32m 4[2mms[22m[39m
 [32m✓[39m [30m[42m unit [49m[39m app/components/Atoms/ImagePlaceholder/ImagePlaceholder.test.tsx[2m > [22mImagePlaceholder[2m > [22mGradient variant[2m > [22mshould have animation by default in gradient variant[32m 5[2mms[22m[39m
 [32m✓[39m [30m[42m unit [49m[39m app/components/Atoms/ImagePlaceholder/ImagePlaceholder.test.tsx[2m > [22mImagePlaceholder[2m > [22mGradient variant[2m > [22mshould not have animation when animate is false in gradient variant[32m 4[2mms[22m[39m
 [32m✓[39m [30m[42m unit [49m[39m app/components/Atoms/ImagePlaceholder/ImagePlaceholder.test.tsx[2m > [22mImagePlaceholder[2m > [22mBase styling[2m > [22mshould have base flex classes[32m 12[2mms[22m[39m
 [32m✓[39m [30m[42m unit [49m[39m app/components/Atoms/ImagePlaceholder/ImagePlaceholder.test.tsx[2m > [22mImagePlaceholder[2m > [22mBase styling[2m > [22mshould have base background classes[32m 3[2mms[22m[39m
 [32m✓[39m [30m[42m unit [49m[39m app/components/Atoms/ImagePlaceholder/ImagePlaceholder.test.tsx[2m > [22mImagePlaceholder[2m > [22mAnimation control[2m > [22mshould have animation by default[32m 3[2mms[22m[39m
 [32m✓[39m [30m[42m unit [49m[39m app/components/Atoms/ImagePlaceholder/ImagePlaceholder.test.tsx[2m > [22mImagePlaceholder[2m > [22mAnimation control[2m > [22mshould not have animation when animate is false[32m 3[2mms[22m[39m
 [32m✓[39m [30m[42m unit [49m[39m app/components/Atoms/ImagePlaceholder/ImagePlaceholder.test.tsx[2m > [22mImagePlaceholder[2m > [22mAnimation control[2m > [22mshould have animation when animate is true[32m 5[2mms[22m[39m
 [32m✓[39m [30m[42m unit [49m[39m app/components/Atoms/ImagePlaceholder/ImagePlaceholder.test.tsx[2m > [22mImagePlaceholder[2m > [22mCombined props[2m > [22mshould handle all props together[32m 10[2mms[22m[39m
 [32m✓[39m [30m[42m unit [49m[39m app/components/Atoms/ImagePlaceholder/ImagePlaceholder.test.tsx[2m > [22mImagePlaceholder[2m > [22mCombined props[2m > [22mshould handle gradient variant with custom dimensions and className[32m 11[2mms[22m[39m
 [32m✓[39m [30m[42m unit [49m[39m app/components/Atoms/ImagePlaceholder/ImagePlaceholder.test.tsx[2m > [22mImagePlaceholder[2m > [22mEdge cases[2m > [22mshould handle zero dimensions[32m 10[2mms[22m[39m
 [32m✓[39m [30m[42m unit [49m[39m app/components/Atoms/ImagePlaceholder/ImagePlaceholder.test.tsx[2m > [22mImagePlaceholder[2m > [22mEdge cases[2m > [22mshould handle negative dimensions[32m 8[2mms[22m[39m
 [32m✓[39m [30m[42m unit [49m[39m app/components/Atoms/ImagePlaceholder/ImagePlaceholder.test.tsx[2m > [22mImagePlaceholder[2m > [22mEdge cases[2m > [22mshould handle empty string className[32m 3[2mms[22m[39m
 [32m✓[39m [30m[42m unit [49m[39m app/components/Atoms/ImagePlaceholder/ImagePlaceholder.test.tsx[2m > [22mImagePlaceholder[2m > [22mEdge cases[2m > [22mshould handle complex icon elements[32m 14[2mms[22m[39m
 [32m✓[39m [30m[42m unit [49m[39m app/components/Molecules/CSRFToken/CSRFToken.test.tsx[2m > [22mCSRFToken[2m > [22mRendering[2m > [22mshould render hidden input with CSRF token[32m 118[2mms[22m[39m
 [32m✓[39m [30m[42m unit [49m[39m app/components/Molecules/CSRFToken/CSRFToken.test.tsx[2m > [22mCSRFToken[2m > [22mRendering[2m > [22mshould use custom name when provided[32m 19[2mms[22m[39m
 [32m✓[39m [30m[42m unit [49m[39m app/components/Molecules/CSRFToken/CSRFToken.test.tsx[2m > [22mCSRFToken[2m > [22mRendering[2m > [22mshould have input type="hidden"[32m 18[2mms[22m[39m
 [32m✓[39m [30m[42m unit [49m[39m app/components/Molecules/CSRFToken/CSRFToken.test.tsx[2m > [22mCSRFToken[2m > [22mLoading State[2m > [22mshould return null when loading[32m 6[2mms[22m[39m
 [32m✓[39m [30m[42m unit [49m[39m app/components/Molecules/CSRFToken/CSRFToken.test.tsx[2m > [22mCSRFToken[2m > [22mLoading State[2m > [22mshould render after loading completes[32m 17[2mms[22m[39m
 [32m✓[39m [30m[42m unit [49m[39m app/components/Molecules/CSRFToken/CSRFToken.test.tsx[2m > [22mCSRFToken[2m > [22mSecurity - Token Handling[2m > [22mshould return null when token is null[32m 7[2mms[22m[39m
 [32m✓[39m [30m[42m unit [49m[39m app/components/Molecules/CSRFToken/CSRFToken.test.tsx[2m > [22mCSRFToken[2m > [22mSecurity - Token Handling[2m > [22mshould return null when token is empty string[32m 4[2mms[22m[39m
 [32m✓[39m [30m[42m unit [49m[39m app/components/Molecules/CSRFToken/CSRFToken.test.tsx[2m > [22mCSRFToken[2m > [22mSecurity - Token Handling[2m > [22mshould handle very long tokens[32m 10[2mms[22m[39m
 [32m✓[39m [30m[42m unit [49m[39m app/components/Molecules/CSRFToken/CSRFToken.test.tsx[2m > [22mCSRFToken[2m > [22mSecurity - Token Handling[2m > [22mshould handle tokens with special characters[32m 9[2mms[22m[39m
 [32m✓[39m [30m[42m unit [49m[39m app/components/Molecules/CSRFToken/CSRFToken.test.tsx[2m > [22mCSRFToken[2m > [22mSecurity - Token Handling[2m > [22mshould not expose token in visible DOM[32m 16[2mms[22m[39m
 [32m✓[39m [30m[42m unit [49m[39m app/components/Molecules/CSRFToken/CSRFToken.test.tsx[2m > [22mCSRFToken[2m > [22mIntegration with Forms[2m > [22mshould work within a form element[32m 27[2mms[22m[39m
 [32m✓[39m [30m[42m unit [49m[39m app/components/Molecules/CSRFToken/CSRFToken.test.tsx[2m > [22mCSRFToken[2m > [22mIntegration with Forms[2m > [22mshould not interfere with other form inputs[32m 20[2mms[22m[39m
 [32m✓[39m [30m[42m unit [49m[39m app/components/Molecules/CSRFToken/CSRFToken.test.tsx[2m > [22mCSRFToken[2m > [22mIntegration with Forms[2m > [22mshould allow multiple CSRF tokens with different names[32m 11[2mms[22m[39m
 [32m✓[39m [30m[42m unit [49m[39m app/components/Organisms/PerformanceDashboard/PerformanceDashboard.test.tsx[2m > [22mPerformanceDashboard (Organism)[2m > [22mPerformance Alerts[2m > [22mshould not show alerts section when no alerts[32m 39[2mms[22m[39m
 [31m×[39m [30m[42m unit [49m[39m app/components/Organisms/PerformanceDashboard/PerformanceDashboard.test.tsx[2m > [22mPerformanceDashboard (Organism)[2m > [22mLive Status Indicator[2m > [22mshould show collecting status while collecting[32m 36[2mms[22m[39m
[31m   → Unable to find an element with the text: Collecting.... This could be because the text is broken up by multiple elements. In this case, you can provide a function for your text matcher to make your matcher more flexible.

Ignored nodes: comments, script, style
[36m<body>[31m
  [36m<div>[31m
    [36m<div[31m
      [33mclass[31m=[32m"bg-white border border-gray-200 rounded-lg shadow-lg p-6 max-w-4xl"[31m
    [36m>[31m
      [36m<div[31m
        [33mclass[31m=[32m"flex items-center justify-between mb-6"[31m
      [36m>[31m
        [36m<h2[31m
          [33mclass[31m=[32m"text-xl font-bold text-gray-800"[31m
        [36m>[31m
          [0mPerformance Dashboard[0m
        [36m</h2>[31m
        [36m<div[31m
          [33mclass[31m=[32m"flex items-center space-x-2"[31m
        [36m>[31m
          [36m<div[31m
            [33mclass[31m=[32m"w-3 h-3 rounded-full bg-green-400"[31m
          [36m/>[31m
          [36m<span[31m
            [33mclass[31m=[32m"text-sm text-gray-600"[31m
          [36m>[31m
            [0mLive[0m
          [36m</span>[31m
        [36m</div>[31m
      [36m</div>[31m
      [36m<div[31m
        [33mclass[31m=[32m"mb-6"[31m
      [36m>[31m
        [36m<h3[31m
          [33mclass[31m=[32m"text-lg font-semibold text-gray-700 mb-4"[31m
        [36m>[31m
          [0mCore Web Vitals[0m
        [36m</h3>[31m
        [36m<div[31m
          [33mclass[31m=[32m"grid grid-cols-1 md:grid-cols-2 lg:grid-cols-4 gap-4"[31m
        [36m>[31m
          [36m<div[31m
            [33mclass[31m=[32m"bg-gray-50 p-4 rounded-lg"[31m
          [36m>[31m
            [36m<div[31m
              [33mclass[31m=[32m"text-sm text-gray-600 mb-1"[31m
            [36m>[31m
              [0mLargest Contentful Paint[0m
            [36m</div>[31m
            [36m<div[31m
              [33mclass[31m=[32m"text-2xl font-bold text-gray-800"[31m
            [36m>[31m
              [0m2500[0m
              [0mms[0m
            [36m</div>[31m
            [36m<div[31m
              [33mclass[31m=[32m"text-sm text-yellow-600"[31m
            [36m>[31m
              [0mneeds improvement[0m
            [36m</div>[31m
          [36m</div>[31m
          [36m<div[31m
            [33mclass[31m=[32m"bg-gray-50 p-4 rounded-lg"[31m
          [36m>[31m
            [36m<div[31m
              [33mclass[31m=[32m"text-sm text-gray-600 mb-1"[31m
            [36m>[31m
              [0mTime to Interactive[0m
            [36m</div>[31m
            [36m<div[31m
              [33mclass[31m=[32m"text-2xl font-bold text-gray-800"[31m
            [36m>[31m
              [0m1500[0m
              [0mms[0m
            [36m</div>[31m
            [36m<div[31m
              [33mclass[31m=[32m"text-sm text-green-600"[31m
            [36m>[31m
              [0mexcellent[0m
            [36m</div>[31m
          [36m</div>[31m
          [36m<div[31m
            [33mclass[31m=[32m"bg-gray-50 p-4 rounded-lg"[31m
          [36m>[31m
            [36m<div[31m
              [33mclass[31m=[32m"text-sm text-gray-600 mb-1"[31m
            [36m>[31m
              [0mFirst Contentful Paint[0m
            [36m</div>[31m
            [36m<div[31m
              [33mclass[31m=[32m"text-2xl font-bold text-gray-800"[31m
            [36m>[31m
              [0m1500[0m
              [0mms[0m
            [36m</div>[31m
            [36m<div[31m
              [33mclass[31m=[32m"text-sm text-yellow-600"[31m
            [36m>[31m
              [0mneeds improvement[0m
            [36m</div>[31m
          [36m</div>[31m
          [36m<div[31m
            [33mclass[31m=[32m"bg-gray-50 p-4 rounded-lg"[31m
          [36m>[31m
            [36m<div[31m
              [33mclass[31m=[32m"text-sm text-gray-600 mb-1"[31m
            [36m>[31m
              [0mCumulative Layout Shift[0m
            [36m</div>[31m
            [36m<div[31m
              [33mclass[31m=[32m"text-2xl font-bold text-gray-800"[31m
            [36m>[31m
              [0m0.000[0m
            [36m</div>[31m
            [36m<div[31m
              [33mclass[31m=[32m"text-sm text-red-600"[31m
            [36m>[31m
              [0mpoor[0m
            [36m</div>[31m
          [36m</div>[31m
        [36m</div>[31m
      [36m</div>[31m
      [36m<div[31m
        [33mclass[31m=[32m"mb-6"[31m
      [36m>[31m
        [36m<h3[31m
          [33mclass[31m=[32m"text-lg font-semibold text-gray-700 mb-4"[31m
        [36m>[31m
          [0mNavigation Timing[0m
        [36m</h3>[31m
        [36m<div[31m
          [33mclass[31m=[32m"grid grid-cols-1 md:grid-cols-2 lg:grid-cols-5 gap-4"[31m
        [36m>[31m
          [36m<div[31m
            [33mclass[31m=[32m"bg-gray-50 p-3 rounded-lg"[31m
          [36m>[31m
            [36m<div[31m
              [33mclass[31m=[32m"text-xs text-gray-600 mb-1"[31m
            [36m>[31m
              [0mDNS Lookup[0m
            [36m</div>[31m
            [36m<div[31m
              [33mclass[31m=[32m"text-lg font-semibold text-gray-800"[31m
            [36m>[31m
              [0m10[0m
              [0mms[0m
            [36m</div>[31m
          [36m</div>[31m
          [36m<div[31m
            [33mclass[31m=[32m"bg-gray-50 p-3 rounded-lg"[31m
          [36m>[31m
            [36m<div[31m
              [33mclass[31m=[32m"text-xs text-gray-600 mb-1"[31m
            [36m>[31m
              [0mTCP Connect[0m
            [36m</div>[31m
            [36m<div[31m
              [33mclass[31m=[32m"text-lg font-semibold text-gray-800"[31m
            [36m>[31m
              [0m40[0m
              [0mms[0m
            [36m</div>[31m
          [36m</div>[31m
          [36m<div[31m
            [33mclass[31m=[32m"bg-gray-50 p-3 rounded-lg"[31m
          [36m>[31m
            [36m<div[31m
              [33mclass[31m=[32m"text-xs text-gray-600 mb-1"[31m
            [36m>[31m
              [0mTTFB[0m
            [36m</div>[31m
            [36m<div[31m
              [33mclass[31m=[32m"text-lg font-semibold text-gray-800"[31m
            [36m>[31m
              [0m150[0m
              [0mms[0m
            [36m</div>[31m
          [36m</div>[31m
          [36m<div[31m
            [33mclass[31m=[32m"bg-gray-50 p-3 rounded-lg"[31m
          [36m>[31m
            [36m<div[31m
              [33mclass[31m=[32m"text-xs text-gray-600 mb-1"[31m
            [36m>[31m
              [0mDOM Ready[0m
            [36m</div>[31m
            [36m<div[31m
              [33mclass[31m=[32m"text-lg font-semibold text-gray-800"[31m
            [36m>[31m
              [0m1500[0m
              [0mms[0m
            [36m</div>[31m
          [36m</div>[31m
          [36m<div[31m
            [33mclass[31m=[32m"bg-gray-50 p-3 rounded-lg"[31m
          [36m>[31m
            [36m<div[31m
              [33mclass[31m=[32m"text-xs text-gray-600 mb-1"[31m
            [36m>[31m
              [0mLoad Complete[0m
            [36m</div>[31m
            [36m<div[31m
              [33mclass[31m=[32m"text-lg font-semibold text-gray-800"[31m
            [36m>[31m
              [0m2500[0m
              [0mms[0m
            [36m</div>[31m
          [36m</div>[31m
        [36m</div>[31m
      [36m</div>[31m
      [36m<div[31m
        [33mclass[31m=[32m"mb-6"[31m
      [36m>[31m
        [36m<h3[31m
          [33mclass[31m=[32m"text-lg font-semibold text-gray-700 mb-4"[31m
        [36m>[31m
          [0mResources[0m
        [36m</h3>[31m
        [36m<div[31m
          [33mclass[31m=[32m"grid grid-cols-1 md:grid-cols-3 gap-4"[31m
        [36m>[31m
          [36m<div[31m
            [33mclass[31m=[32m"bg-gray-50 p-4 rounded-lg"[31m
          [36m>[31m
            [36m<div[31m
              [33mclass[31m=[32m"text-sm text-gray-600 mb-1"[31m
            [36m>[31m
              [0mResource Count[0m
            [36m</div>[31m
            [36m<div[31m
              [33mclass[31m=[32m"text-2xl font-bold text-gray-800"[31m
            [36m>[31m
              [0m2[0m
            [36m</div>[31m
          [36m</div>[31m
          [36m<div[31m
            [33mclass[31m=[32m"bg-gray-50 p-4 rounded-lg"[31m
          [36m>[31m
            [36m<div[31m
              [33mclass[31m=[32m"text-sm text-gray-600 mb-1"[31m
            [36m>[31m
              [0mTotal Size[0m
            [36m</div>[31m
            [36m<div[31m
              [33mclass[31m=[32m"text-2xl font-bold text-gray-800"[31m
            [36m>[31m
              [0m150 KB[0m
            [36m</div>[31m
          [36m</div>[31m
          [36m<div[31m
            [33mclass[31m=[32m"bg-gray-50 p-4 rounded-lg"[31m
          [36m>[31m
            [36m<div[31m
              [33mclass[31m=[32m"text-sm text-gray-600 mb-1"[31m
            [36m>[31m
              [0mLoad Time[0m
            [36m</div>[31m
            [36m<div[31m
              [33mclass[31m=[32m"text-2xl font-bold text-gray-800"[31m
            [36m>[31m
              [0m300[0m
              [0mms[0m
            [36m</div>[31m
          [36m</div>[31m
        [36m</div>[31m
      [36m</div>[31m
      [36m<div[31m
        [33mclass[31m=[32m"mb-6"[31m
      [36m>[31m
        [36m<h3[31m
          [33mclass[31m=[32m"text-lg font-semibold text-gray-700 mb-4"[31m
        [36m>[31m
          [0mMemory Usage[0m
        [36m</h3>[31m
        [36m<div[31m
          [33mclass[31m=[32m"bg-gray-50 p-4 rounded-lg"[31m
        [36m>[31m
          [36m<div[31m
            [33mclass[31m=[32m"flex justify-between items-center mb-2"[31m
          [36m>[31m
            [36m<span[31m
              [33mclass[31m=[32m"text-sm text-gray-600"[31m
            [36m>[31m
              [0mUsed Memory[0m
            [36m</span>[31m
            [36m<span[31m
              [33mclass[31m=[32m"text-sm font-semibold text-gray-800"[31m
            [36m>[31m
              [0m50 MB[0m
              [0m / [0m
              [0m2 GB[0m
            [36m</span>[31m
          [36m</div>[31m
          [36m<div[31m
            [33mclass[31m=[32m"w-full bg-gray-200 rounded-full h-2"[31m
          [36m>[31m
            [36m<div[31m
              [33mclass[31m=[32m"bg-blue-600 h-2 rounded-full transition-all duration-300"[31m
              [33mstyle[31m=[32m"width: 2.44140625%;"[31m
            [36m/>[31m
          [36m</div>[31m
        [36m</div>[31m
      [36m</div>[31m
      [36m<div[31m
        [33mclass[31m=[32m"text-xs text-gray-500 text-center"[31m
      [36m>[31m
        [0mLast updated: [0m
        [0m9:22:11 AM[0m
      [36m</div>[31m
    [36m</div>[31m
  [36m</div>[31m
[36m</body>[31m[39m
 [32m✓[39m [30m[42m unit [49m[39m app/components/Organisms/PerformanceDashboard/PerformanceDashboard.test.tsx[2m > [22mPerformanceDashboard (Organism)[2m > [22mLive Status Indicator[2m > [22mshould show live status when not collecting[32m 40[2mms[22m[39m
 [32m✓[39m [30m[42m unit [49m[39m app/components/Molecules/CSRFToken/CSRFToken.test.tsx[2m > [22mCSRFToken[2m > [22mEdge Cases[2m > [22mshould handle token updates[32m 29[2mms[22m[39m
 [32m✓[39m [30m[42m unit [49m[39m app/components/Molecules/CSRFToken/CSRFToken.test.tsx[2m > [22mCSRFToken[2m > [22mEdge Cases[2m > [22mshould handle name prop updates[32m 7[2mms[22m[39m
 [32m✓[39m [30m[42m unit [49m[39m app/components/Molecules/CSRFToken/CSRFToken.test.tsx[2m > [22mCSRFToken[2m > [22mEdge Cases[2m > [22mshould handle rapid loading state changes[32m 10[2mms[22m[39m
 [32m✓[39m [30m[42m unit [49m[39m app/components/Molecules/CSRFToken/CSRFToken.test.tsx[2m > [22mCSRFToken[2m > [22mAccessibility[2m > [22mshould be hidden from user interaction[32m 20[2mms[22m[39m
 [32m✓[39m [30m[42m unit [49m[39m app/components/Molecules/CSRFToken/CSRFToken.test.tsx[2m > [22mCSRFToken[2m > [22mAccessibility[2m > [22mshould not affect form accessibility[32m 47[2mms[22m[39m
 [31m×[39m [30m[42m unit [49m[39m app/components/Molecules/AboutDropdown/AboutDropdown.test.tsx[2m > [22mAboutDropdown[2m > [22mDropdown Menu Items[2m > [22mhas correct paths for menu items[33m 5026[2mms[22m[39m
[31m   → Test timed out in 5000ms.
If this is a long-running test, pass a timeout value as the last argument or configure it globally with "testTimeout".[39m
 [32m✓[39m [30m[42m unit [49m[39m app/components/Organisms/Tabs/Tabs/TabPanel/TabPanel.test.tsx[2m > [22mTabPanel[2m > [22mrenders the content of the child TabItem[32m 151[2mms[22m[39m
 [32m✓[39m [30m[42m unit [49m[39m app/components/Organisms/Tabs/Tabs/TabPanel/TabPanel.test.tsx[2m > [22mTabPanel[2m > [22mis hidden when not the active tab[32m 20[2mms[22m[39m
 [32m✓[39m [30m[42m unit [49m[39m app/components/Organisms/Tabs/Tabs/TabPanel/TabPanel.test.tsx[2m > [22mTabPanel[2m > [22mis visible when it is the active tab[32m 47[2mms[22m[39m
 [32m✓[39m [30m[42m unit [49m[39m app/components/Organisms/Tabs/Tabs/TabPanel/TabPanel.test.tsx[2m > [22mTabPanel[2m > [22msets correct aria-labelledby and id[32m 15[2mms[22m[39m
 [32m✓[39m [30m[42m unit [49m[39m app/utils/errorHandling.security.test.ts[2m > [22mError Handling Security[2m > [22msanitizeContext[2m > [22mshould redact password fields[32m 7[2mms[22m[39m
 [32m✓[39m [30m[42m unit [49m[39m app/utils/errorHandling.security.test.ts[2m > [22mError Handling Security[2m > [22msanitizeContext[2m > [22mshould redact token fields[32m 1[2mms[22m[39m
 [32m✓[39m [30m[42m unit [49m[39m app/utils/errorHandling.security.test.ts[2m > [22mError Handling Security[2m > [22msanitizeContext[2m > [22mshould redact secret fields[32m 2[2mms[22m[39m
 [32m✓[39m [30m[42m unit [49m[39m app/utils/errorHandling.security.test.ts[2m > [22mError Handling Security[2m > [22msanitizeContext[2m > [22mshould redact authorization headers[32m 1[2mms[22m[39m
 [32m✓[39m [30m[42m unit [49m[39m app/utils/errorHandling.security.test.ts[2m > [22mError Handling Security[2m > [22msanitizeContext[2m > [22mshould redact session identifiers[32m 1[2mms[22m[39m
 [32m✓[39m [30m[42m unit [49m[39m app/utils/errorHandling.security.test.ts[2m > [22mError Handling Security[2m > [22msanitizeContext[2m > [22mshould redact credit card information[32m 1[2mms[22m[39m
 [32m✓[39m [30m[42m unit [49m[39m app/utils/errorHandling.security.test.ts[2m > [22mError Handling Security[2m > [22msanitizeContext[2m > [22mshould handle nested objects[32m 2[2mms[22m[39m
 [32m✓[39m [30m[42m unit [49m[39m app/utils/errorHandling.security.test.ts[2m > [22mError Handling Security[2m > [22msanitizeContext[2m > [22mshould handle deeply nested objects[32m 1[2mms[22m[39m
 [32m✓[39m [30m[42m unit [49m[39m app/utils/errorHandling.security.test.ts[2m > [22mError Handling Security[2m > [22msanitizeContext[2m > [22mshould handle arrays of objects[32m 2[2mms[22m[39m
 [32m✓[39m [30m[42m unit [49m[39m app/utils/errorHandling.security.test.ts[2m > [22mError Handling Security[2m > [22msanitizeContext[2m > [22mshould handle arrays of primitives[32m 3[2mms[22m[39m
 [32m✓[39m [30m[42m unit [49m[39m app/utils/errorHandling.security.test.ts[2m > [22mError Handling Security[2m > [22msanitizeContext[2m > [22mshould return undefined for undefined context[32m 1[2mms[22m[39m
 [32m✓[39m [30m[42m unit [49m[39m app/utils/errorHandling.security.test.ts[2m > [22mError Handling Security[2m > [22msanitizeContext[2m > [22mshould handle empty objects[32m 1[2mms[22m[39m
 [32m✓[39m [30m[42m unit [49m[39m app/utils/errorHandling.security.test.ts[2m > [22mError Handling Security[2m > [22msanitizeContext[2m > [22mshould handle null values[32m 1[2mms[22m[39m
 [32m✓[39m [30m[42m unit [49m[39m app/utils/errorHandling.security.test.ts[2m > [22mError Handling Security[2m > [22msanitizeContext[2m > [22mshould be case-insensitive for sensitive keys[32m 2[2mms[22m[39m
 [32m✓[39m [30m[42m unit [49m[39m app/utils/errorHandling.security.test.ts[2m > [22mError Handling Security[2m > [22msanitizeContext[2m > [22mshould handle mixed case field names[32m 2[2mms[22m[39m
 [32m✓[39m [30m[42m unit [49m[39m app/utils/errorHandling.security.test.ts[2m > [22mError Handling Security[2m > [22mAppError.toJSON - Security[2m > [22mshould not include stack trace in production by default[32m 3[2mms[22m[39m
 [32m✓[39m [30m[42m unit [49m[39m app/utils/errorHandling.security.test.ts[2m > [22mError Handling Security[2m > [22mAppError.toJSON - Security[2m > [22mshould not include stack trace in production even when requested[32m 2[2mms[22m[39m
 [32m✓[39m [30m[42m unit [49m[39m app/utils/errorHandling.security.test.ts[2m > [22mError Handling Security[2m > [22mAppError.toJSON - Security[2m > [22mshould include stack trace in development when requested[32m 30[2mms[22m[39m
 [32m✓[39m [30m[42m unit [49m[39m app/utils/errorHandling.security.test.ts[2m > [22mError Handling Security[2m > [22mAppError.toJSON - Security[2m > [22mshould not include stack trace in development by default[32m 1[2mms[22m[39m
 [32m✓[39m [30m[42m unit [49m[39m app/utils/errorHandling.security.test.ts[2m > [22mError Handling Security[2m > [22mAppError.toJSON - Security[2m > [22mshould sanitize context in toJSON[32m 1[2mms[22m[39m
 [32m✓[39m [30m[42m unit [49m[39m app/utils/errorHandling.security.test.ts[2m > [22mError Handling Security[2m > [22mAppError.toJSON - Security[2m > [22mshould sanitize nested context[32m 1[2mms[22m[39m
 [32m✓[39m [30m[42m unit [49m[39m app/utils/errorHandling.security.test.ts[2m > [22mError Handling Security[2m > [22mcreateErrorResponse - Security[2m > [22mshould not expose stack traces in production[32m 5[2mms[22m[39m
 [32m✓[39m [30m[42m unit [49m[39m app/utils/errorHandling.security.test.ts[2m > [22mError Handling Security[2m > [22mcreateErrorResponse - Security[2m > [22mshould include technical details in development[32m 2[2mms[22m[39m
 [32m✓[39m [30m[42m unit [49m[39m app/utils/errorHandling.security.test.ts[2m > [22mError Handling Security[2m > [22mcreateErrorResponse - Security[2m > [22mshould include cache-control headers to prevent caching[32m 3[2mms[22m[39m
 [32m✓[39m [30m[42m unit [49m[39m app/utils/errorHandling.security.test.ts[2m > [22mError Handling Security[2m > [22mcreateErrorResponse - Security[2m > [22mshould set correct content-type header[32m 1[2mms[22m[39m
 [32m✓[39m [30m[42m unit [49m[39m app/utils/errorHandling.security.test.ts[2m > [22mError Handling Security[2m > [22mcreateErrorResponse - Security[2m > [22mshould allow custom headers to be merged[32m 1[2mms[22m[39m
 [32m✓[39m [30m[42m unit [49m[39m app/utils/errorHandling.security.test.ts[2m > [22mError Handling Security[2m > [22mcreateErrorResponse - Security[2m > [22mshould use correct HTTP status codes[32m 4[2mms[22m[39m
 [32m✓[39m [30m[42m unit [49m[39m app/utils/errorHandling.security.test.ts[2m > [22mError Handling Security[2m > [22mcreateErrorResponse - Security[2m > [22mshould allow custom status code override[32m 1[2mms[22m[39m
 [32m✓[39m [30m[42m unit [49m[39m app/utils/errorHandling.security.test.ts[2m > [22mError Handling Security[2m > [22mcreateErrorResponse - Security[2m > [22mshould sanitize context in production responses[32m 1[2mms[22m[39m
 [32m✓[39m [30m[42m unit [49m[39m app/utils/errorHandling.security.test.ts[2m > [22mError Handling Security[2m > [22mcreateErrorResponse - Security[2m > [22mshould sanitize context in development responses[32m 1[2mms[22m[39m
 [32m✓[39m [30m[42m unit [49m[39m app/utils/errorHandling.security.test.ts[2m > [22mError Handling Security[2m > [22mErrorLogger - Security[2m > [22mshould limit the number of stored logs to prevent memory leaks[32m 128[2mms[22m[39m
 [32m✓[39m [30m[42m unit [49m[39m app/utils/errorHandling.security.test.ts[2m > [22mError Handling Security[2m > [22mErrorLogger - Security[2m > [22mshould remove oldest logs when limit is reached[32m 108[2mms[22m[39m
 [32m✓[39m [30m[42m unit [49m[39m app/utils/errorHandling.security.test.ts[2m > [22mError Handling Security[2m > [22mErrorLogger - Security[2m > [22mshould sanitize context before logging[32m 7[2mms[22m[39m
 [32m✓[39m [30m[42m unit [49m[39m app/utils/errorHandling.security.test.ts[2m > [22mError Handling Security[2m > [22mErrorLogger - Security[2m > [22mshould not include stack traces in production logs[32m 2[2mms[22m[39m
 [32m✓[39m [30m[42m unit [49m[39m app/utils/errorHandling.security.test.ts[2m > [22mError Handling Security[2m > [22mErrorLogger - Security[2m > [22mshould include stack traces in development logs[32m 5[2mms[22m[39m
 [32m✓[39m [30m[42m unit [49m[39m app/utils/errorHandling.security.test.ts[2m > [22mError Handling Security[2m > [22mErrorLogger - Security[2m > [22mshould assign unique IDs to log entries[32m 5[2mms[22m[39m
 [32m✓[39m [30m[42m unit [49m[39m app/utils/errorHandling.security.test.ts[2m > [22mError Handling Security[2m > [22mErrorLogger - Security[2m > [22mshould track userId when provided[32m 1[2mms[22m[39m
 [32m✓[39m [30m[42m unit [49m[39m app/utils/errorHandling.security.test.ts[2m > [22mError Handling Security[2m > [22mErrorLogger - Security[2m > [22mshould handle missing userId[32m 1[2mms[22m[39m
 [32m✓[39m [30m[42m unit [49m[39m app/utils/errorHandling.security.test.ts[2m > [22mError Handling Security[2m > [22mErrorLogger - Security[2m > [22mshould return correct log count[32m 3[2mms[22m[39m
 [32m✓[39m [30m[42m unit [49m[39m app/utils/errorHandling.security.test.ts[2m > [22mError Handling Security[2m > [22mError Type Security[2m > [22mshould create validation errors with low severity[32m 3[2mms[22m[39m
 [32m✓[39m [30m[42m unit [49m[39m app/utils/errorHandling.security.test.ts[2m > [22mError Handling Security[2m > [22mError Type Security[2m > [22mshould create authentication errors with medium severity[32m 2[2mms[22m[39m
 [32m✓[39m [30m[42m unit [49m[39m app/utils/errorHandling.security.test.ts[2m > [22mError Handling Security[2m > [22mError Type Security[2m > [22mshould create database errors with high severity[32m 1[2mms[22m[39m
 [32m✓[39m [30m[42m unit [49m[39m app/utils/errorHandling.security.test.ts[2m > [22mError Handling Security[2m > [22mError Type Security[2m > [22mshould create server errors with high severity[32m 3[2mms[22m[39m
 [32m✓[39m [30m[42m unit [49m[39m app/utils/errorHandling.security.test.ts[2m > [22mError Handling Security[2m > [22mError Type Security[2m > [22mshould provide user-friendly messages by default[32m 3[2mms[22m[39m
 [32m✓[39m [30m[42m unit [49m[39m app/utils/errorHandling.security.test.ts[2m > [22mError Handling Security[2m > [22mError Type Security[2m > [22mshould allow custom user messages[32m 2[2mms[22m[39m
 [32m✓[39m [30m[42m unit [49m[39m app/utils/errorHandling.security.test.ts[2m > [22mError Handling Security[2m > [22mSecurity Integration Tests[2m > [22mshould handle errors with sensitive data end-to-end[32m 4[2mms[22m[39m
 [32m✓[39m [30m[42m unit [49m[39m app/utils/errorHandling.security.test.ts[2m > [22mError Handling Security[2m > [22mSecurity Integration Tests[2m > [22mshould handle multiple nested sensitive fields[32m 3[2mms[22m[39m
 [32m✓[39m [30m[42m unit [49m[39m app/components/Molecules/MobileNavigation/MobileNavigation.test.tsx[2m > [22mMobileNavigation[2m > [22mModal State Management[2m > [22mhides modal when modalOpen is false[32m 52[2mms[22m[39m
 [32m✓[39m [30m[42m unit [49m[39m app/components/Molecules/MobileNavigation/MobileNavigation.test.tsx[2m > [22mMobileNavigation[2m > [22mModal State Management[2m > [22mhides modal when modalId does not match[32m 20[2mms[22m[39m
 [32m✓[39m [30m[42m unit [49m[39m app/components/Molecules/VirtualScrollList/VirtualScrollList.test.tsx[2m > [22mVirtualScrollList[2m > [22mrenders items with virtual scrolling[33m 345[2mms[22m[39m
 [32m✓[39m [30m[42m unit [49m[39m app/components/Molecules/VirtualScrollList/VirtualScrollList.test.tsx[2m > [22mVirtualScrollList[2m > [22mshows loading state when isLoading is true[32m 15[2mms[22m[39m
 [32m✓[39m [30m[42m unit [49m[39m app/components/Molecules/VirtualScrollList/VirtualScrollList.test.tsx[2m > [22mVirtualScrollList[2m > [22mshows empty state when no items[32m 13[2mms[22m[39m
 [32m✓[39m [30m[42m unit [49m[39m app/components/Molecules/VirtualScrollList/VirtualScrollList.test.tsx[2m > [22mVirtualScrollList[2m > [22mshows default empty message when no items and no empty state[32m 16[2mms[22m[39m
 [32m✓[39m [30m[42m unit [49m[39m app/components/Molecules/VirtualScrollList/VirtualScrollList.test.tsx[2m > [22mVirtualScrollList[2m > [22mapplies custom className to items[32m 52[2mms[22m[39m
 [32m✓[39m [30m[42m unit [49m[39m app/components/Molecules/VirtualScrollList/VirtualScrollList.test.tsx[2m > [22mVirtualScrollList[2m > [22mapplies custom className to list container[32m 34[2mms[22m[39m
 [31m×[39m [30m[42m unit [49m[39m app/components/Organisms/PerformanceDashboard/PerformanceDashboard.test.tsx[2m > [22mPerformanceDashboard (Organism)[2m > [22mLive Status Indicator[2m > [22mshould show pulsing indicator when collecting[33m 5014[2mms[22m[39m
[31m   → Test timed out in 5000ms.
If this is a long-running test, pass a timeout value as the last argument or configure it globally with "testTimeout".[39m
 [32m✓[39m [30m[42m unit [49m[39m app/components/Organisms/PerformanceDashboard/PerformanceDashboard.test.tsx[2m > [22mPerformanceDashboard (Organism)[2m > [22mLast Updated Timestamp[2m > [22mshould display last updated time[32m 32[2mms[22m[39m
 [32m✓[39m [30m[42m unit [49m[39m app/components/Atoms/LoadingErrorState/LoadingErrorState.test.tsx[2m > [22mLoadingErrorState[2m > [22mLoading state[2m > [22mshould render loading spinner when isLoading is true[32m 119[2mms[22m[39m
 [32m✓[39m [30m[42m unit [49m[39m app/components/Atoms/LoadingErrorState/LoadingErrorState.test.tsx[2m > [22mLoadingErrorState[2m > [22mLoading state[2m > [22mshould render custom loading text[32m 32[2mms[22m[39m
 [32m✓[39m [30m[42m unit [49m[39m app/components/Atoms/LoadingErrorState/LoadingErrorState.test.tsx[2m > [22mLoadingErrorState[2m > [22mLoading state[2m > [22mshould apply custom className to loading container[32m 19[2mms[22m[39m
 [32m✓[39m [30m[42m unit [49m[39m app/components/Atoms/LoadingErrorState/LoadingErrorState.test.tsx[2m > [22mLoadingErrorState[2m > [22mLoading state[2m > [22mshould have proper loading spinner styling[32m 15[2mms[22m[39m
 [32m✓[39m [30m[42m unit [49m[39m app/components/Atoms/LoadingErrorState/LoadingErrorState.test.tsx[2m > [22mLoadingErrorState[2m > [22mError state[2m > [22mshould render error display when error is provided[32m 33[2mms[22m[39m
 [32m✓[39m [30m[42m unit [49m[39m app/components/Atoms/LoadingErrorState/LoadingErrorState.test.tsx[2m > [22mLoadingErrorState[2m > [22mError state[2m > [22mshould render error display with string error[32m 25[2mms[22m[39m
 [32m✓[39m [30m[42m unit [49m[39m app/components/Atoms/LoadingErrorState/LoadingErrorState.test.tsx[2m > [22mLoadingErrorState[2m > [22mError state[2m > [22mshould pass error title to ErrorDisplay[32m 11[2mms[22m[39m
 [32m✓[39m [30m[42m unit [49m[39m app/components/Atoms/LoadingErrorState/LoadingErrorState.test.tsx[2m > [22mLoadingErrorState[2m > [22mError state[2m > [22mshould pass showErrorDetails to ErrorDisplay[32m 7[2mms[22m[39m
 [32m✓[39m [30m[42m unit [49m[39m app/components/Atoms/LoadingErrorState/LoadingErrorState.test.tsx[2m > [22mLoadingErrorState[2m > [22mError state[2m > [22mshould pass onRetry callback to ErrorDisplay[32m 32[2mms[22m[39m
 [32m✓[39m [30m[42m unit [49m[39m app/components/Atoms/LoadingErrorState/LoadingErrorState.test.tsx[2m > [22mLoadingErrorState[2m > [22mError state[2m > [22mshould pass onDismiss callback to ErrorDisplay[32m 11[2mms[22m[39m
 [32m✓[39m [30m[42m unit [49m[39m app/components/Atoms/LoadingErrorState/LoadingErrorState.test.tsx[2m > [22mLoadingErrorState[2m > [22mError state[2m > [22mshould pass card variant to ErrorDisplay[32m 6[2mms[22m[39m
 [32m✓[39m [30m[42m unit [49m[39m app/components/Atoms/LoadingErrorState/LoadingErrorState.test.tsx[2m > [22mLoadingErrorState[2m > [22mError state[2m > [22mshould apply custom className to error container[32m 6[2mms[22m[39m
 [32m✓[39m [30m[42m unit [49m[39m app/components/Atoms/LoadingErrorState/LoadingErrorState.test.tsx[2m > [22mLoadingErrorState[2m > [22mChildren rendering[2m > [22mshould render children when neither loading nor error[32m 5[2mms[22m[39m
 [32m✓[39m [30m[42m unit [49m[39m app/components/Atoms/LoadingErrorState/LoadingErrorState.test.tsx[2m > [22mLoadingErrorState[2m > [22mChildren rendering[2m > [22mshould not render children when loading[32m 8[2mms[22m[39m
 [32m✓[39m [30m[42m unit [49m[39m app/components/Atoms/LoadingErrorState/LoadingErrorState.test.tsx[2m > [22mLoadingErrorState[2m > [22mChildren rendering[2m > [22mshould not render children when error[32m 9[2mms[22m[39m
 [32m✓[39m [30m[42m unit [49m[39m app/components/Atoms/LoadingErrorState/LoadingErrorState.test.tsx[2m > [22mLoadingErrorState[2m > [22mState priority[2m > [22mshould prioritize error over loading[32m 33[2mms[22m[39m
 [32m✓[39m [30m[42m unit [49m[39m app/components/Atoms/LoadingErrorState/LoadingErrorState.test.tsx[2m > [22mLoadingErrorState[2m > [22mState priority[2m > [22mshould prioritize error over children[32m 5[2mms[22m[39m
 [32m✓[39m [30m[42m unit [49m[39m app/components/Atoms/LoadingErrorState/LoadingErrorState.test.tsx[2m > [22mLoadingErrorState[2m > [22mState priority[2m > [22mshould prioritize loading over children[32m 6[2mms[22m[39m
 [32m✓[39m [30m[42m unit [49m[39m app/components/Atoms/LoadingErrorState/LoadingErrorState.test.tsx[2m > [22mLoadingErrorState[2m > [22mDefault values[2m > [22mshould use default loading text[32m 4[2mms[22m[39m
 [32m✓[39m [30m[42m unit [49m[39m app/components/Atoms/LoadingErrorState/LoadingErrorState.test.tsx[2m > [22mLoadingErrorState[2m > [22mDefault values[2m > [22mshould not show error details by default[32m 3[2mms[22m[39m
 [32m✓[39m [30m[42m unit [49m[39m app/components/Atoms/LoadingErrorState/LoadingErrorState.test.tsx[2m > [22mLoadingErrorState[2m > [22mDefault values[2m > [22mshould not show validation icon by default[32m 3[2mms[22m[39m
 [32m✓[39m [30m[42m unit [49m[39m app/components/Atoms/LoadingErrorState/LoadingErrorState.test.tsx[2m > [22mLoadingErrorState[2m > [22mEdge cases[2m > [22mshould handle null error[32m 3[2mms[22m[39m
 [32m✓[39m [30m[42m unit [49m[39m app/components/Atoms/LoadingErrorState/LoadingErrorState.test.tsx[2m > [22mLoadingErrorState[2m > [22mEdge cases[2m > [22mshould handle undefined error[32m 6[2mms[22m[39m
 [32m✓[39m [30m[42m unit [49m[39m app/components/Atoms/LoadingErrorState/LoadingErrorState.test.tsx[2m > [22mLoadingErrorState[2m > [22mEdge cases[2m > [22mshould handle empty string error[32m 5[2mms[22m[39m
 [32m✓[39m [30m[42m unit [49m[39m app/components/Atoms/LoadingErrorState/LoadingErrorState.test.tsx[2m > [22mLoadingErrorState[2m > [22mEdge cases[2m > [22mshould handle false loading state[32m 5[2mms[22m[39m
 [32m✓[39m [30m[42m unit [49m[39m app/components/Atoms/LoadingErrorState/LoadingErrorState.test.tsx[2m > [22mLoadingErrorState[2m > [22mEdge cases[2m > [22mshould handle complex error objects[32m 12[2mms[22m[39m
 [31m×[39m [30m[42m unit [49m[39m app/components/Molecules/AboutDropdown/AboutDropdown.test.tsx[2m > [22mAboutDropdown[2m > [22mDropdown Menu Items[2m > [22mcloses dropdown when menu item is clicked[33m 5049[2mms[22m[39m
[31m   → Test timed out in 5000ms.
If this is a long-running test, pass a timeout value as the last argument or configure it globally with "testTimeout".[39m
 [32m✓[39m [30m[42m unit [49m[39m app/components/Organisms/Tabs/Tabs/TabContainer.test.tsx[2m > [22mTabContainer[2m > [22mrenders all tab labels[32m 169[2mms[22m[39m
 [32m✓[39m [30m[42m unit [49m[39m app/components/Organisms/Tabs/Tabs/TabContainer.test.tsx[2m > [22mTabContainer[2m > [22mshows only the first tab panel by default[32m 51[2mms[22m[39m
 [32m✓[39m [30m[42m unit [49m[39m app/components/Organisms/Tabs/Tabs/TabContainer.test.tsx[2m > [22mTabContainer[2m > [22mswitches tab panel on tab click[32m 65[2mms[22m[39m
 [32m✓[39m [30m[42m unit [49m[39m app/components/Organisms/Tabs/Tabs/TabContainer.test.tsx[2m > [22mTabContainer[2m > [22msets correct aria attributes for tabs and panels[32m 33[2mms[22m[39m
 [32m✓[39m [30m[42m unit [49m[39m app/components/Organisms/Tabs/Tabs/TabContainer.test.tsx[2m > [22mTabContainer[2m > [22mrenders auxComponent if provided[32m 14[2mms[22m[39m
[90mstdout[2m | app/components/Molecules/GlobalNavigation/GlobalNavigation.test.tsx
[22m[39mInitializing Prisma with database URL: postgresql://test:test@localhost:5432/test_db
Environment: test | Localhost detected: [33mtrue[39m

 [32m✓[39m [30m[42m unit [49m[39m app/components/Containers/DataQualityDashboard/DataQualityDashboard.test.tsx[2m > [22mDataQualityDashboard[2m > [22mshould render loading indicator when loading[32m 101[2mms[22m[39m
 [32m✓[39m [30m[42m unit [49m[39m app/components/Containers/DataQualityDashboard/DataQualityDashboard.test.tsx[2m > [22mDataQualityDashboard[2m > [22mshould render error display when there is an error[32m 31[2mms[22m[39m
 [32m✓[39m [30m[42m unit [49m[39m app/components/Containers/DataQualityDashboard/DataQualityDashboard.test.tsx[2m > [22mDataQualityDashboard[2m > [22mshould render "No data available" when stats is null[32m 21[2mms[22m[39m
 [32m✓[39m [30m[42m unit [49m[39m app/components/Containers/DataQualityDashboard/DataQualityDashboard.test.tsx[2m > [22mDataQualityDashboard[2m > [22mshould render dashboard content with valid stats[32m 30[2mms[22m[39m
 [32m✓[39m [30m[42m unit [49m[39m app/components/Containers/DataQualityDashboard/DataQualityDashboard.test.tsx[2m > [22mDataQualityDashboard[2m > [22mshould render admin controls when isAdmin is true[32m 28[2mms[22m[39m
 [32m✓[39m [30m[42m unit [49m[39m app/components/Containers/DataQualityDashboard/DataQualityDashboard.test.tsx[2m > [22mDataQualityDashboard[2m > [22mshould not render admin controls when isAdmin is false[32m 8[2mms[22m[39m
 [32m✓[39m [30m[42m unit [49m[39m app/components/Containers/DataQualityDashboard/DataQualityDashboard.test.tsx[2m > [22mDataQualityDashboard[2m > [22mshould call forceRefresh when upload is complete[32m 36[2mms[22m[39m
 [32m✓[39m [30m[42m unit [49m[39m app/components/Containers/DataQualityDashboard/DataQualityDashboard.test.tsx[2m > [22mDataQualityDashboard[2m > [22mshould use month timeframe by default[32m 10[2mms[22m[39m
 [31m×[39m [30m[42m unit [49m[39m app/components/Molecules/MobileNavigation/MobileNavigation.test.tsx[2m > [22mMobileNavigation[2m > [22mHome Link Behavior[2m > [22mcloses menu when home link in header is clicked[33m 5022[2mms[22m[39m
[31m   → Test timed out in 5000ms.
If this is a long-running test, pass a timeout value as the last argument or configure it globally with "testTimeout".[39m
 [31m×[39m [30m[42m unit [49m[39m app/components/Molecules/MobileNavigation/MobileNavigation.test.tsx[2m > [22mMobileNavigation[2m > [22mHome Link Behavior[2m > [22mcalls onMenuClose when home link is clicked[33m 5027[2mms[22m[39m
[31m   → Test timed out in 5000ms.
If this is a long-running test, pass a timeout value as the last argument or configure it globally with "testTimeout".[39m
 [31m×[39m [30m[42m unit [49m[39m app/components/Organisms/PerformanceDashboard/PerformanceDashboard.test.tsx[2m > [22mPerformanceDashboard (Organism)[2m > [22mLast Updated Timestamp[2m > [22mshould update timestamp on refresh[33m 5020[2mms[22m[39m
[31m   → Test timed out in 5000ms.
If this is a long-running test, pass a timeout value as the last argument or configure it globally with "testTimeout".[39m
 [32m✓[39m [30m[42m unit [49m[39m app/components/Atoms/ImagePreloader/ImagePreloader.test.tsx[2m > [22mImagePreloader[2m > [22mHigh priority preloading[2m > [22mshould create preload links immediately for high priority[32m 112[2mms[22m[39m
 [32m✓[39m [30m[42m unit [49m[39m app/components/Atoms/ImagePreloader/ImagePreloader.test.tsx[2m > [22mImagePreloader[2m > [22mHigh priority preloading[2m > [22mshould handle empty images array for high priority[32m 8[2mms[22m[39m
 [32m✓[39m [30m[42m unit [49m[39m app/components/Atoms/ImagePreloader/ImagePreloader.test.tsx[2m > [22mImagePreloader[2m > [22mLazy loading with IntersectionObserver[2m > [22mshould set up IntersectionObserver for lazy loading[32m 25[2mms[22m[39m
 [32m✓[39m [30m[42m unit [49m[39m app/components/Atoms/ImagePreloader/ImagePreloader.test.tsx[2m > [22mImagePreloader[2m > [22mLazy loading with IntersectionObserver[2m > [22mshould create Image objects for lazy loading[32m 9[2mms[22m[39m
 [32m✓[39m [30m[42m unit [49m[39m app/components/Atoms/ImagePreloader/ImagePreloader.test.tsx[2m > [22mImagePreloader[2m > [22mLazy loading with IntersectionObserver[2m > [22mshould not use IntersectionObserver when lazy is false[32m 11[2mms[22m[39m
 [32m✓[39m [30m[42m unit [49m[39m app/components/Atoms/ImagePreloader/ImagePreloader.test.tsx[2m > [22mImagePreloader[2m > [22mLow priority preloading[2m > [22mshould use requestIdleCallback when available[32m 5[2mms[22m[39m
 [32m✓[39m [30m[42m unit [49m[39m app/components/Atoms/ImagePreloader/ImagePreloader.test.tsx[2m > [22mImagePreloader[2m > [22mLow priority preloading[2m > [22mshould fallback to setTimeout when requestIdleCallback is not available[32m 28[2mms[22m[39m
 [32m✓[39m [30m[42m unit [49m[39m app/components/Atoms/ImagePreloader/ImagePreloader.test.tsx[2m > [22mImagePreloader[2m > [22mLow priority preloading[2m > [22mshould create preload links with low priority[32m 20[2mms[22m[39m
 [32m✓[39m [30m[42m unit [49m[39m app/components/Atoms/ImagePreloader/ImagePreloader.test.tsx[2m > [22mImagePreloader[2m > [22mCleanup[2m > [22mshould disconnect IntersectionObserver on unmount[32m 10[2mms[22m[39m
 [32m✓[39m [30m[42m unit [49m[39m app/components/Atoms/ImagePreloader/ImagePreloader.test.tsx[2m > [22mImagePreloader[2m > [22mCleanup[2m > [22mshould remove preload links on unmount[32m 7[2mms[22m[39m
 [32m✓[39m [30m[42m unit [49m[39m app/components/Atoms/ImagePreloader/ImagePreloader.test.tsx[2m > [22mImagePreloader[2m > [22mDefault behavior[2m > [22mshould use low priority by default[32m 5[2mms[22m[39m
 [32m✓[39m [30m[42m unit [49m[39m app/components/Atoms/ImagePreloader/ImagePreloader.test.tsx[2m > [22mImagePreloader[2m > [22mDefault behavior[2m > [22mshould use lazy loading by default[32m 19[2mms[22m[39m
 [32m✓[39m [30m[42m unit [49m[39m app/components/Atoms/ImagePreloader/ImagePreloader.test.tsx[2m > [22mImagePreloader[2m > [22mRendering[2m > [22mshould not render any visible content[32m 4[2mms[22m[39m
 [32m✓[39m [30m[42m unit [49m[39m app/components/Atoms/ImagePreloader/ImagePreloader.test.tsx[2m > [22mImagePreloader[2m > [22mEdge cases[2m > [22mshould handle empty images array[32m 4[2mms[22m[39m
 [32m✓[39m [30m[42m unit [49m[39m app/components/Atoms/ImagePreloader/ImagePreloader.test.tsx[2m > [22mImagePreloader[2m > [22mEdge cases[2m > [22mshould handle undefined images[32m 3[2mms[22m[39m
 [32m✓[39m [30m[42m unit [49m[39m app/components/Atoms/ImagePreloader/ImagePreloader.test.tsx[2m > [22mImagePreloader[2m > [22mEdge cases[2m > [22mshould handle images with special characters[32m 8[2mms[22m[39m
 [32m✓[39m [30m[42m unit [49m[39m app/components/Atoms/ImagePreloader/ImagePreloader.test.tsx[2m > [22mImagePreloader[2m > [22mIntersectionObserver callback[2m > [22mshould handle intersection entries correctly[32m 12[2mms[22m[39m
 [32m✓[39m [30m[42m unit [49m[39m app/components/Atoms/ImagePreloader/ImagePreloader.test.tsx[2m > [22mImagePreloader[2m > [22mIntersectionObserver callback[2m > [22mshould not process non-intersecting entries[32m 7[2mms[22m[39m
 [31m×[39m [30m[42m unit [49m[39m app/components/Molecules/AboutDropdown/AboutDropdown.test.tsx[2m > [22mAboutDropdown[2m > [22mDropdown Menu Items[2m > [22mcalls onNavClick callback when menu item is clicked[33m 5131[2mms[22m[39m
[31m   → Test timed out in 5000ms.
If this is a long-running test, pass a timeout value as the last argument or configure it globally with "testTimeout".[39m
 [32m✓[39m [30m[42m unit [49m[39m app/components/Organisms/Modal/Modal.test.tsx[2m > [22mModal[2m > [22mrenders a modal[32m 168[2mms[22m[39m
 [32m✓[39m [30m[42m unit [49m[39m app/components/Atoms/LazyRoute/LazyRoute.test.tsx[2m > [22mLazyRoute[2m > [22mrenders fallback while loading[32m 120[2mms[22m[39m
 [32m✓[39m [30m[42m unit [49m[39m app/components/Atoms/LazyRoute/LazyRoute.test.tsx[2m > [22mLazyRoute[2m > [22mrenders default fallback when none provided[32m 26[2mms[22m[39m
 [32m✓[39m [30m[42m unit [49m[39m app/components/Atoms/LazyRoute/LazyRoute.test.tsx[2m > [22mLazyRoute[2m > [22mapplies custom className[32m 20[2mms[22m[39m
 [32m✓[39m [30m[42m unit [49m[39m app/components/Atoms/LazyRoute/LazyRoute.test.tsx[2m > [22mLazyRoute[2m > [22mcalls import function[32m 9[2mms[22m[39m
 [32m✓[39m [30m[42m unit [49m[39m app/components/Molecules/LogoutButton/LogoutButton.test.tsx[2m > [22mLogoutButton[2m > [22mrenders a logoutbutton[32m 178[2mms[22m[39m
 [32m✓[39m [30m[42m unit [49m[39m app/components/Atoms/RadioSelect/RadioSelect.test.tsx[2m > [22mRadioSelect[2m > [22mrenders a radioselect[32m 157[2mms[22m[39m
 [32m✓[39m [30m[42m unit [49m[39m app/components/Organisms/Tabs/Tabs/TabItem/TabItem.test.tsx[2m > [22mTabItem[2m > [22mrenders the label and content[32m 102[2mms[22m[39m
 [32m✓[39m [30m[42m unit [49m[39m app/components/Organisms/Tabs/Tabs/TabItem/TabItem.test.tsx[2m > [22mTabItem[2m > [22mrenders with different content types[32m 24[2mms[22m[39m
 [32m✓[39m [30m[42m unit [49m[39m app/components/Organisms/Tabs/Tabs/TabItem/TabItem.test.tsx[2m > [22mTabItem[2m > [22mrenders when content is a string[32m 21[2mms[22m[39m
 [31m×[39m [30m[42m unit [49m[39m app/components/Organisms/PerformanceDashboard/PerformanceDashboard.test.tsx[2m > [22mPerformanceDashboard (Organism)[2m > [22mStyling[2m > [22mshould apply default styling classes[33m 5031[2mms[22m[39m
[31m   → Test timed out in 5000ms.
If this is a long-running test, pass a timeout value as the last argument or configure it globally with "testTimeout".[39m
 [31m×[39m [30m[42m unit [49m[39m app/components/Organisms/PerformanceDashboard/PerformanceDashboard.test.tsx[2m > [22mPerformanceDashboard (Organism)[2m > [22mStyling[2m > [22mshould apply custom className[33m 5010[2mms[22m[39m
[31m   → Test timed out in 5000ms.
If this is a long-running test, pass a timeout value as the last argument or configure it globally with "testTimeout".[39m
 [32m✓[39m [30m[42m unit [49m[39m app/components/Organisms/PerformanceDashboard/PerformanceDashboard.test.tsx[2m > [22mPerformanceDashboard (Organism)[2m > [22mCleanup[2m > [22mshould clear interval on unmount[32m 33[2mms[22m[39m
 [31m×[39m [30m[42m unit [49m[39m app/components/Organisms/PerformanceDashboard/PerformanceDashboard.test.tsx[2m > [22mPerformanceDashboard (Organism)[2m > [22mEdge Cases[2m > [22mshould handle missing navigation timing[32m 40[2mms[22m[39m
[31m   → Found multiple elements with the text: 0ms

Here are the matching elements:

Ignored nodes: comments, script, style
[36m<div[31m
  [33mclass[31m=[32m"text-2xl font-bold text-gray-800"[31m
[36m>[31m
  [0m0[0m
  [0mms[0m
[36m</div>[31m

Ignored nodes: comments, script, style
[36m<div[31m
  [33mclass[31m=[32m"text-2xl font-bold text-gray-800"[31m
[36m>[31m
  [0m0[0m
  [0mms[0m
[36m</div>[31m

Ignored nodes: comments, script, style
[36m<div[31m
  [33mclass[31m=[32m"text-2xl font-bold text-gray-800"[31m
[36m>[31m
  [0m0[0m
  [0mms[0m
[36m</div>[31m

Ignored nodes: comments, script, style
[36m<div[31m
  [33mclass[31m=[32m"text-lg font-semibold text-gray-800"[31m
[36m>[31m
  [0m0[0m
  [0mms[0m
[36m</div>[31m

Ignored nodes: comments, script, style
[36m<div[31m
  [33mclass[31m=[32m"text-lg font-semibold text-gray-800"[31m
[36m>[31m
  [0m0[0m
  [0mms[0m
[36m</div>[31m

Ignored nodes: comments, script, style
[36m<div[31m
  [33mclass[31m=[32m"text-lg font-semibold text-gray-800"[31m
[36m>[31m
  [0m0[0m
  [0mms[0m
[36m</div>[31m

Ignored nodes: comments, script, style
[36m<div[31m
  [33mclass[31m=[32m"text-lg font-semibold text-gray-800"[31m
[36m>[31m
  [0m0[0m
  [0mms[0m
[36m</div>[31m

Ignored nodes: comments, script, style
[36m<div[31m
  [33mclass[31m=[32m"text-lg font-semibold text-gray-800"[31m
[36m>[31m
  [0m0[0m
  [0mms[0m
[36m</div>[31m

(If this is intentional, then use the `*AllBy*` variant of the query (like `queryAllByText`, `getAllByText`, or `findAllByText`)).

Ignored nodes: comments, script, style
[36m<body>[31m
  [36m<div>[31m
    [36m<div[31m
      [33mclass[31m=[32m"bg-white border border-gray-200 rounded-lg shadow-lg p-6 max-w-4xl"[31m
    [36m>[31m
      [36m<div[31m
        [33mclass[31m=[32m"flex items-center justify-between mb-6"[31m
      [36m>[31m
        [36m<h2[31m
          [33mclass[31m=[32m"text-xl font-bold text-gray-800"[31m
        [36m>[31m
          [0mPerformance Dashboard[0m
        [36m</h2>[31m
        [36m<div[31m
          [33mclass[31m=[32m"flex items-center space-x-2"[31m
        [36m>[31m
          [36m<div[31m
            [33mclass[31m=[32m"w-3 h-3 rounded-full bg-green-400"[31m
          [36m/>[31m
          [36m<span[31m
            [33mclass[31m=[32m"text-sm text-gray-600"[31m
          [36m>[31m
            [0mLive[0m
          [36m</span>[31m
        [36m</div>[31m
      [36m</div>[31m
      [36m<div[31m
        [33mclass[31m=[32m"mb-6"[31m
      [36m>[31m
        [36m<h3[31m
          [33mclass[31m=[32m"text-lg font-semibold text-gray-700 mb-4"[31m
        [36m>[31m
          [0mCore Web Vitals[0m
        [36m</h3>[31m
        [36m<div[31m
          [33mclass[31m=[32m"grid grid-cols-1 md:grid-cols-2 lg:grid-cols-4 gap-4"[31m
        [36m>[31m
          [36m<div[31m
            [33mclass[31m=[32m"bg-gray-50 p-4 rounded-lg"[31m
          [36m>[31m
            [36m<div[31m
              [33mclass[31m=[32m"text-sm text-gray-600 mb-1"[31m
            [36m>[31m
              [0mLargest Contentful Paint[0m
            [36m</div>[31m
            [36m<div[31m
              [33mclass[31m=[32m"text-2xl font-bold text-gray-800"[31m
            [36m>[31m
              [0m0[0m
              [0mms[0m
            [36m</div>[31m
            [36m<div[31m
              [33mclass[31m=[32m"text-sm text-green-600"[31m
            [36m>[31m
              [0mexcellent[0m
            [36m</div>[31m
          [36m</div>[31m
          [36m<div[31m
            [33mclass[31m=[32m"bg-gray-50 p-4 rounded-lg"[31m
          [36m>[31m
            [36m<div[31m
              [33mclass[31m=[32m"text-sm text-gray-600 mb-1"[31m
            [36m>[31m
              [0mTime to Interactive[0m
            [36m</div>[31m
            [36m<div[31m
              [33mclass[31m=[32m"text-2xl font-bold text-gray-800"[31m
            [36m>[31m
              [0m0[0m
              [0mms[0m
            [36m</div>[31m
            [36m<div[31m
              [33mclass[31m=[32m"text-sm text-green-600"[31m
            [36m>[31m
              [0mexcellent[0m
            [36m</div>[31m
          [36m</div>[31m
          [36m<div[31m
            [33mclass[31m=[32m"bg-gray-50 p-4 rounded-lg"[31m
          [36m>[31m
            [36m<div[31m
              [33mclass[31m=[32m"text-sm text-gray-600 mb-1"[31m
            [36m>[31m
              [0mFirst Contentful Paint[0m
            [36m</div>[31m
            [36m<div[31m
              [33mclass[31m=[32m"text-2xl font-bold text-gray-800"[31m
            [36m>[31m
              [0m0[0m
              [0mms[0m
            [36m</div>[31m
            [36m<div[31m
              [33mclass[31m=[32m"text-sm text-green-600"[31m
            [36m>[31m
              [0mexcellent[0m
            [36m</div>[31m
          [36m</div>[31m
          [36m<div[31m
            [33mclass[31m=[32m"bg-gray-50 p-4 rounded-lg"[31m
          [36m>[31m
            [36m<div[31m
              [33mclass[31m=[32m"text-sm text-gray-600 mb-1"[31m
            [36m>[31m
              [0mCumulative Layout Shift[0m
            [36m</div>[31m
            [36m<div[31m
              [33mclass[31m=[32m"text-2xl font-bold text-gray-800"[31m
            [36m>[31m
              [0m0.000[0m
            [36m</div>[31m
            [36m<div[31m
              [33mclass[31m=[32m"text-sm text-red-600"[31m
            [36m>[31m
              [0mpoor[0m
            [36m</div>[31m
          [36m</div>[31m
        [36m</div>[31m
      [36m</div>[31m
      [36m<div[31m
        [33mclass[31m=[32m"mb-6"[31m
      [36m>[31m
        [36m<h3[31m
          [33mclass[31m=[32m"text-lg font-semibold text-gray-700 mb-4"[31m
        [36m>[31m
          [0mNavigation Timing[0m
        [36m</h3>[31m
        [36m<div[31m
          [33mclass[31m=[32m"grid grid-cols-1 md:grid-cols-2 lg:grid-cols-5 gap-4"[31m
        [36m>[31m
          [36m<div[31m
            [33mclass[31m=[32m"bg-gray-50 p-3 rounded-lg"[31m
          [36m>[31m
            [36m<div[31m
              [33mclass[31m=[32m"text-xs text-gray-600 mb-1"[31m
            [36m>[31m
              [0mDNS Lookup[0m
            [36m</div>[31m
            [36m<div[31m
              [33mclass[31m=[32m"text-lg font-semibold text-gray-800"[31m
            [36m>[31m
              [0m0[0m
              [0mms[0m
            [36m</div>[31m
          [36m</div>[31m
          [36m<div[31m
            [33mclass[31m=[32m"bg-gray-50 p-3 rounded-lg"[31m
          [36m>[31m
            [36m<div[31m
              [33mclass[31m=[32m"text-xs text-gray-600 mb-1"[31m
            [36m>[31m
              [0mTCP Connect[0m
            [36m</div>[31m
            [36m<div[31m
              [33mclass[31m=[32m"text-lg font-semibold text-gray-800"[31m
            [36m>[31m
              [0m0[0m
              [0mms[0m
            [36m</div>[31m
          [36m</div>[31m
          [36m<div[31m
            [33mclass[31m=[32m"bg-gray-50 p-3 rounded-lg"[31m
          [36m>[31m
            [36m<div[31m
              [33mclass[31m=[32m"text-xs text-gray-600 mb-1"[31m
            [36m>[31m
              [0mTTFB[0m
            [36m</div>[31m
            [36m<div[31m
              [33mclass[31m=[32m"text-lg font-semibold text-gray-800"[31m
            [36m>[31m
              [0m0[0m
              [0mms[0m
            [36m</div>[31m
          [36m</div>[31m
          [36m<div[31m
            [33mclass[31m=[32m"bg-gray-50 p-3 rounded-lg"[31m
          [36m>[31m
            [36m<div[31m
              [33mclass[31m=[32m"text-xs text-gray-600 mb-1"[31m
            [36m>[31m
              [0mDOM Ready[0m
            [36m</div>[31m
            [36m<div[31m
              [33mclass[31m=[32m"text-lg font-semibold text-gray-800"[31m
            [36m>[31m
              [0m0[0m
              [0mms[0m
            [36m</div>[31m
          [36m</div>[31m
          [36m<div[31m
            [33mclass[31m=[32m"bg-gray-50 p-3 rounded-lg"[31m
          [36m>[31m
            [36m<div[31m
              [33mclass[31m=[32m"text-xs text-gray-600 mb-1"[31m
            [36m>[31m
              [0mLoad Complete[0m
            [36m</div>[31m
            [36m<div[31m
              [33mclass[31m=[32m"text-lg font-semibold text-gray-800"[31m
            [36m>[31m
              [0m0[0m
              [0mms[0m
            [36m</div>[31m
          [36m</div>[31m
        [36m</div>[31m
      [36m</div>[31m
      [36m<div[31m
        [33mclass[31m=[32m"mb-6"[31m
      [36m>[31m
        [36m<h3[31m
          [33mclass[31m=[32m"text-lg font-semibold text-gray-700 mb-4"[31m
        [36m>[31m
          [0mResources[0m
        [36m</h3>[31m
        [36m<div[31m
          [33mclass[31m=[32m"grid grid-cols-1 md:grid-cols-3 gap-4"[31m
        [36m>[31m
          [36m<div[31m
            [33mclass[31m=[32m"bg-gray-50 p-4 rounded-lg"[31m
          [36m>[31m
            [36m<div[31m
              [33mclass[31m=[32m"text-sm text-gray-600 mb-1"[31m
            [36m>[31m
              [0mResource Count[0m
            [36m</div>[31m
            [36m<div[31m
              [33mclass[31m=[32m"text-2xl font-bold text-gray-800"[31m
            [36m>[31m
              [0m2[0m
            [36m</div>[31m
          [36m</div>[31m
          [36m<div[31m
            [33mclass[31m=[32m"bg-gray-50 p-4 rounded-lg"[31m
          [36m>[31m
            [36m<div[31m
              [33mclass[31m=[32m"text-sm text-gray-600 mb-1"[31m
            [36m>[31m
              [0mTotal Size[0m
            [36m</div>[31m
            [36m<div[31m
              [33mclass[31m=[32m"text-2xl font-bold text-gray-800"[31m
            [36m>[31m
              [0m150 KB[0m
            [36m</div>[31m
          [36m</div>[31m
          [36m<div[31m
            [33mclass[31m=[32m"bg-gray-50 p-4 rounded-lg"[31m
          [36m>[31m
            [36m<div[31m
              [33mclass[31m=[32m"text-sm text-gray-600 mb-1"[31m
            [36m>[31m
              [0mLoad Time[0m
            [36m</div>[31m
            [36m<div[31m
              [33mclass[31m=[32m"text-2xl font-bold text-gray-800"[31m
            [36m>[31m
              [0m300[0m
              [0mms[0m
            [36m</div>[31m
          [36m</div>[31m
        [36m</div>[31m
      [36m</div>[31m
      [36m<div[31m
        [33mclass[31m=[32m"mb-6"[31m
      [36m>[31m
        [36m<h3[31m
          [33mclass[31m=[32m"text-lg font-semibold text-gray-700 mb-4"[31m
        [36m>[31m
          [0mMemory Usage[0m
        [36m</h3>[31m
        [36m<div[31m
          [33mclass[31m=[32m"bg-gray-50 p-4 rounded-lg"[31m
        [36m>[31m
          [36m<div[31m
            [33mclass[31m=[32m"flex justify-between items-center mb-2"[31m
          [36m>[31m
            [36m<span[31m
              [33mclass[31m=[32m"text-sm text-gray-600"[31m
            [36m>[31m
              [0mUsed Memory[0m
            [36m</span>[31m
            [36m<span[31m
              [33mclass[31m=[32m"text-sm font-semibold text-gray-800"[31m
            [36m>[31m
              [0m50 MB[0m
              [0m / [0m
              [0m2 GB[0m
            [36m</span>[31m
          [36m</div>[31m
          [36m<div[31m
            [33mclass[31m=[32m"w-full bg-gray-200 rounded-full h-2"[31m
          [36m>[31m
            [36m<div[31m
              [33mclass[31m=[32m"bg-blue-600 h-2 rounded-full transition-all duration-300"[31m
              [33mstyle[31m=[32m"width: 2.44140625%;"[31m
            [36m/>[31m
          [36m</div>[31m
        [36m</div>[31m
      [36m</div>[31m
      [36m<div[31m
        [33mclass[31m=[32m"text-xs text-gray-500 text-center"[31m
      [36m>[31m
        [0mLast updated: [0m
        [0m9:22:31 AM[0m
      [36m</div>[31m
    [36m</div>[31m
  [36m</div>[31m
[36m</body>[31m[39m
 [32m✓[39m [30m[42m unit [49m[39m app/components/Molecules/GlobalNavigation/GlobalNavigation.test.tsx[2m > [22mGlobalNavigation[2m > [22mrenders a globalnavigation[32m 224[2mms[22m[39m
 [32m✓[39m [30m[42m unit [49m[39m app/components/Organisms/PerformanceDashboard/PerformanceDashboard.test.tsx[2m > [22mPerformanceDashboard (Organism)[2m > [22mEdge Cases[2m > [22mshould handle empty resource list[32m 37[2mms[22m[39m
 [32m✓[39m [30m[42m unit [49m[39m app/components/Organisms/PerformanceDashboard/PerformanceDashboard.test.tsx[2m > [22mPerformanceDashboard (Organism)[2m > [22mEdge Cases[2m > [22mshould handle zero bytes formatting[32m 29[2mms[22m[39m
 [31m×[39m [30m[42m unit [49m[39m app/components/Organisms/PerformanceDashboard/PerformanceDashboard.test.tsx[2m > [22mPerformanceDashboard (Organism)[2m > [22mServer-Side Rendering[2m > [22mshould handle undefined window[32m 12[2mms[22m[39m
[31m   → expected TypeError: Cannot read properties of unde… to be null[39m
 [32m✓[39m [30m[42m unit [49m[39m app/components/Organisms/PerformanceDashboard/PerformanceDashboard.test.tsx[2m > [22mPerformanceDashboard (Organism)[2m > [22mDefault Props[2m > [22mshould use default thresholds[32m 30[2mms[22m[39m
 [32m✓[39m [30m[42m unit [49m[39m app/components/Organisms/PerformanceDashboard/PerformanceDashboard.test.tsx[2m > [22mPerformanceDashboard (Organism)[2m > [22mDefault Props[2m > [22mshould use default refresh interval[32m 52[2mms[22m[39m
 [31m×[39m [30m[42m unit [49m[39m app/components/Molecules/AboutDropdown/AboutDropdown.test.tsx[2m > [22mAboutDropdown[2m > [22mClick Outside Behavior[2m > [22mcloses dropdown when clicking outside[33m 5020[2mms[22m[39m
[31m   → Test timed out in 5000ms.
If this is a long-running test, pass a timeout value as the last argument or configure it globally with "testTimeout".[39m
 [32m✓[39m [30m[42m unit [49m[39m app/components/Atoms/Input/Input.test.tsx[2m > [22mInput[2m > [22mrenders a input[32m 187[2mms[22m[39m
 [32m✓[39m [30m[42m unit [49m[39m app/components/Atoms/Button/Button.test.tsx[2m > [22mButton[2m > [22mrenders a button[32m 110[2mms[22m[39m
 [32m✓[39m [30m[42m unit [49m[39m app/components/Atoms/VooDooDetails/VooDooDetails.test.tsx[2m > [22mVooDooDetails[2m > [22mrenders a voodoodetails[32m 68[2mms[22m[39m
 [32m✓[39m [30m[42m unit [49m[39m app/components/Atoms/Select/Select.test.tsx[2m > [22mSelect[2m > [22mrenders a select[32m 81[2mms[22m[39m
 [31m×[39m [30m[42m unit [49m[39m app/components/Molecules/AboutDropdown/AboutDropdown.test.tsx[2m > [22mAboutDropdown[2m > [22mClick Outside Behavior[2m > [22mdoes not close dropdown when clicking inside[33m 5061[2mms[22m[39m
[31m   → Test timed out in 5000ms.
If this is a long-running test, pass a timeout value as the last argument or configure it globally with "testTimeout".[39m
 [32m✓[39m [30m[42m unit [49m[39m app/components/Molecules/AboutDropdown/AboutDropdown.test.tsx[2m > [22mAboutDropdown[2m > [22mStyling[2m > [22mapplies correct desktop styles[32m 17[2mms[22m[39m
 [31m×[39m [30m[42m unit [49m[39m app/components/Molecules/AboutDropdown/AboutDropdown.test.tsx[2m > [22mAboutDropdown[2m > [22mStyling[2m > [22mapplies correct mobile styles[32m 23[2mms[22m[39m
[31m   → [2mexpect([22m[31melement[31m[2m).toHaveClass([22m[32m[32m"block"[32m[31m[2m)[22m

Expected the element to have class:
[32m  block[31m
Received:
[31m  text-noir-gold hover:text-noir-light font-semibold text-lg py-4 px-4 border border-transparent transition-colors duration-400 rounded-lg mobile-touch-target hover:bg-noir-black/30 flex items-center gap-2[31m[39m
 [32m✓[39m [30m[42m unit [49m[39m app/components/Organisms/TitleBanner/TitleBanner.test.tsx[2m > [22mTitleBanner[2m > [22mrenders a titlebanner[32m 55[2mms[22m[39m
 [32m✓[39m [30m[42m unit [49m[39m app/components/Atoms/CheckBox/CheckBox.test.tsx[2m > [22mCheckBox[2m > [22mrenders a checkbox[32m 67[2mms[22m[39m
 [32m✓[39m [30m[42m unit [49m[39m app/components/Containers/DataQualityDashboard/utils/chartDataUtils.test.ts[2m > [22mchartDataUtils[2m > [22mgetMissingHouseInfoBreakdown[2m > [22mshould return empty object when stats is null[32m 5[2mms[22m[39m
 [32m✓[39m [30m[42m unit [49m[39m app/components/Containers/DataQualityDashboard/utils/chartDataUtils.test.ts[2m > [22mchartDataUtils[2m > [22mgetMissingHouseInfoBreakdown[2m > [22mshould return empty object when missingHouseInfoByBrand is undefined[32m 1[2mms[22m[39m
 [32m✓[39m [30m[42m unit [49m[39m app/components/Containers/DataQualityDashboard/utils/chartDataUtils.test.ts[2m > [22mchartDataUtils[2m > [22mgetMissingHouseInfoBreakdown[2m > [22mshould return breakdown with field missing arrays[32m 1[2mms[22m[39m
 [32m✓[39m [30m[42m unit [49m[39m app/components/Containers/DataQualityDashboard/utils/chartDataUtils.test.ts[2m > [22mchartDataUtils[2m > [22mprepareMissingChartData[2m > [22mshould return empty arrays when stats is null[32m 1[2mms[22m[39m
 [32m✓[39m [30m[42m unit [49m[39m app/components/Containers/DataQualityDashboard/utils/chartDataUtils.test.ts[2m > [22mchartDataUtils[2m > [22mprepareMissingChartData[2m > [22mshould prepare chart data from stats[32m 1[2mms[22m[39m
 [32m✓[39m [30m[42m unit [49m[39m app/components/Containers/DataQualityDashboard/utils/chartDataUtils.test.ts[2m > [22mchartDataUtils[2m > [22mprepareMissingChartData[2m > [22mshould limit to top 10 brands[32m 1[2mms[22m[39m
 [32m✓[39m [30m[42m unit [49m[39m app/components/Containers/DataQualityDashboard/utils/chartDataUtils.test.ts[2m > [22mchartDataUtils[2m > [22mprepareDuplicateChartData[2m > [22mshould return empty arrays when stats is null[32m 1[2mms[22m[39m
 [32m✓[39m [30m[42m unit [49m[39m app/components/Containers/DataQualityDashboard/utils/chartDataUtils.test.ts[2m > [22mchartDataUtils[2m > [22mprepareDuplicateChartData[2m > [22mshould prepare chart data from stats[32m 0[2mms[22m[39m
 [32m✓[39m [30m[42m unit [49m[39m app/components/Containers/DataQualityDashboard/utils/chartDataUtils.test.ts[2m > [22mchartDataUtils[2m > [22mprepareMissingHouseInfoChartData[2m > [22mshould return empty arrays when stats is null[32m 1[2mms[22m[39m
 [32m✓[39m [30m[42m unit [49m[39m app/components/Containers/DataQualityDashboard/utils/chartDataUtils.test.ts[2m > [22mchartDataUtils[2m > [22mprepareMissingHouseInfoChartData[2m > [22mshould prepare chart data from stats[32m 1[2mms[22m[39m
 [32m✓[39m [30m[42m unit [49m[39m app/components/Containers/DataQualityDashboard/utils/chartDataUtils.test.ts[2m > [22mchartDataUtils[2m > [22mprepareTrendChartData[2m > [22mshould return empty arrays when stats is null[32m 0[2mms[22m[39m
 [32m✓[39m [30m[42m unit [49m[39m app/components/Containers/DataQualityDashboard/utils/chartDataUtils.test.ts[2m > [22mchartDataUtils[2m > [22mprepareTrendChartData[2m > [22mshould return empty arrays when historyData is undefined[32m 0[2mms[22m[39m
 [32m✓[39m [30m[42m unit [49m[39m app/components/Containers/DataQualityDashboard/utils/chartDataUtils.test.ts[2m > [22mchartDataUtils[2m > [22mprepareTrendChartData[2m > [22mshould prepare trend chart data from stats[32m 2[2mms[22m[39m
 [32m✓[39m [30m[42m unit [49m[39m app/components/Containers/DataQualityDashboard/utils/chartDataUtils.test.ts[2m > [22mchartDataUtils[2m > [22mprepareAllChartData[2m > [22mshould prepare all chart data at once[32m 1[2mms[22m[39m
 [32m✓[39m [30m[42m unit [49m[39m app/components/Containers/DataQualityDashboard/utils/chartDataUtils.test.ts[2m > [22mchartDataUtils[2m > [22mprepareAllChartData[2m > [22mshould handle null stats gracefully[32m 0[2mms[22m[39m
 [31m×[39m [30m[42m unit [49m[39m app/components/Molecules/AboutDropdown/AboutDropdown.test.tsx[2m > [22mAboutDropdown[2m > [22mStyling[2m > [22mhighlights button when dropdown is open[33m 5016[2mms[22m[39m
[31m   → Test timed out in 5000ms.
If this is a long-running test, pass a timeout value as the last argument or configure it globally with "testTimeout".[39m
 [31m×[39m [30m[42m unit [49m[39m app/components/Molecules/AboutDropdown/AboutDropdown.test.tsx[2m > [22mAboutDropdown[2m > [22mAccessibility[2m > [22mhas proper keyboard navigation support[33m 5023[2mms[22m[39m
[31m   → Test timed out in 5000ms.
If this is a long-running test, pass a timeout value as the last argument or configure it globally with "testTimeout".[39m
 [31m×[39m [30m[42m unit [49m[39m app/components/Molecules/AboutDropdown/AboutDropdown.test.tsx[2m > [22mAboutDropdown[2m > [22mAccessibility[2m > [22mhas correct role attributes[33m 5012[2mms[22m[39m
[31m   → Test timed out in 5000ms.
If this is a long-running test, pass a timeout value as the last argument or configure it globally with "testTimeout".[39m
 [31m×[39m [30m[42m unit [49m[39m app/components/Molecules/AboutDropdown/AboutDropdown.test.tsx[2m > [22mAboutDropdown[2m > [22mAccessibility[2m > [22mprovides navigation links that are accessible[33m 5020[2mms[22m[39m
[31m   → Test timed out in 5000ms.
If this is a long-running test, pass a timeout value as the last argument or configure it globally with "testTimeout".[39m
 [32m✓[39m [30m[42m unit [49m[39m app/components/Molecules/AboutDropdown/AboutDropdown.test.tsx[2m > [22mAboutDropdown[2m > [22mClient-side Hydration[2m > [22mshows fallback text before client is ready[32m 29[2mms[22m[39m
 [31m×[39m [30m[42m unit [49m[39m app/components/Molecules/AboutDropdown/AboutDropdown.test.tsx[2m > [22mAboutDropdown[2m > [22mEdge Cases[2m > [22mhandles rapid open/close clicks[33m 5011[2mms[22m[39m
[31m   → Test timed out in 5000ms.
If this is a long-running test, pass a timeout value as the last argument or configure it globally with "testTimeout".[39m
 [31m×[39m [30m[42m unit [49m[39m app/components/Molecules/AboutDropdown/AboutDropdown.test.tsx[2m > [22mAboutDropdown[2m > [22mEdge Cases[2m > [22mhandles onNavClick being undefined[33m 5036[2mms[22m[39m
[31m   → Test timed out in 5000ms.
If this is a long-running test, pass a timeout value as the last argument or configure it globally with "testTimeout".[39m
 [32m✓[39m [30m[42m unit [49m[39m app/components/Molecules/AboutDropdown/AboutDropdown.test.tsx[2m > [22mAboutDropdown[2m > [22mEdge Cases[2m > [22mcleans up event listener on unmount[32m 19[2mms[22m[39m

[2m Test Files [22m [1m[31m14 failed[39m[22m[2m | [22m[1m[32m37 passed[39m[22m[90m (51)[39m
[2m      Tests [22m [1m[31m134 failed[39m[22m[2m | [22m[1m[32m932 passed[39m[22m[90m (1066)[39m
[2m   Start at [22m 09:21:39
[2m   Duration [22m 82.95s[2m (transform 12.43s, setup 27.16s, collect 94.58s, tests 172.66s, environment 102.03s, prepare 24.38s)[22m

JSON report written to C:/Repos/new-smell/test-results/unit-results.json
